Archive member included to satisfy reference by file (symbol)

freertos\libfreertos.a(tasks.c.obj)
                              CMakeFiles/ykp74.dir/main.cpp.obj (xTaskCreate)
freertos\libfreertos.a(timers.c.obj)
                              freertos\libfreertos.a(tasks.c.obj) (xTimerCreateTimerTask)
freertos\libfreertos.a(heap_3.c.obj)
                              freertos\libfreertos.a(tasks.c.obj) (pvPortMalloc)
freertos\libfreertos.a(port.c.obj)
                              freertos\libfreertos.a(tasks.c.obj) (pxPortInitialiseStack)
freertos\libfreertos.a(list.c.obj)
                              freertos\libfreertos.a(tasks.c.obj) (vListInitialise)
freertos\libfreertos.a(queue.c.obj)
                              freertos\libfreertos.a(timers.c.obj) (xQueueGenericCreate)
c:/progra~2/gnuarm~1/102021~1.10/bin/../lib/gcc/arm-none-eabi/10.3.1/thumb/v6-m/nofp\libgcc.a(_dvmd_tls.o)
                              CMakeFiles/ykp74.dir/C_/Users/ykp74_desk/Documents/_Pico/pico-sdk/src/rp2_common/pico_divider/divider.S.obj (__aeabi_idiv0)
c:/progra~2/gnuarm~1/102021~1.10/bin/../lib/gcc/arm-none-eabi/10.3.1/../../../../arm-none-eabi/lib/thumb/v6-m/nofp\libc.a(lib_a-calloc.o)
                              CMakeFiles/ykp74.dir/C_/Users/ykp74_desk/Documents/_Pico/pico-sdk/src/rp2_common/pico_malloc/pico_malloc.c.obj (calloc)
c:/progra~2/gnuarm~1/102021~1.10/bin/../lib/gcc/arm-none-eabi/10.3.1/../../../../arm-none-eabi/lib/thumb/v6-m/nofp\libc.a(lib_a-callocr.o)
                              c:/progra~2/gnuarm~1/102021~1.10/bin/../lib/gcc/arm-none-eabi/10.3.1/../../../../arm-none-eabi/lib/thumb/v6-m/nofp\libc.a(lib_a-calloc.o) (_calloc_r)
c:/progra~2/gnuarm~1/102021~1.10/bin/../lib/gcc/arm-none-eabi/10.3.1/../../../../arm-none-eabi/lib/thumb/v6-m/nofp\libc.a(lib_a-errno.o)
                              c:/progra~2/gnuarm~1/102021~1.10/bin/../lib/gcc/arm-none-eabi/10.3.1/../../../../arm-none-eabi/lib/thumb/v6-m/nofp\libc.a(lib_a-callocr.o) (__errno)
c:/progra~2/gnuarm~1/102021~1.10/bin/../lib/gcc/arm-none-eabi/10.3.1/../../../../arm-none-eabi/lib/thumb/v6-m/nofp\libc.a(lib_a-impure.o)
                              c:/progra~2/gnuarm~1/102021~1.10/bin/../lib/gcc/arm-none-eabi/10.3.1/../../../../arm-none-eabi/lib/thumb/v6-m/nofp\libc.a(lib_a-calloc.o) (_impure_ptr)
c:/progra~2/gnuarm~1/102021~1.10/bin/../lib/gcc/arm-none-eabi/10.3.1/../../../../arm-none-eabi/lib/thumb/v6-m/nofp\libc.a(lib_a-init.o)
                              c:/progra~2/gnuarm~1/102021~1.10/bin/../lib/gcc/arm-none-eabi/10.3.1/../../../../arm-none-eabi/lib/thumb/v6-m/nofp/crt0.o (__libc_init_array)
c:/progra~2/gnuarm~1/102021~1.10/bin/../lib/gcc/arm-none-eabi/10.3.1/../../../../arm-none-eabi/lib/thumb/v6-m/nofp\libc.a(lib_a-malloc.o)
                              CMakeFiles/ykp74.dir/C_/Users/ykp74_desk/Documents/_Pico/pico-sdk/src/rp2_common/pico_malloc/pico_malloc.c.obj (malloc)
c:/progra~2/gnuarm~1/102021~1.10/bin/../lib/gcc/arm-none-eabi/10.3.1/../../../../arm-none-eabi/lib/thumb/v6-m/nofp\libc.a(lib_a-mallocr.o)
                              c:/progra~2/gnuarm~1/102021~1.10/bin/../lib/gcc/arm-none-eabi/10.3.1/../../../../arm-none-eabi/lib/thumb/v6-m/nofp\libc.a(lib_a-callocr.o) (_malloc_r)
c:/progra~2/gnuarm~1/102021~1.10/bin/../lib/gcc/arm-none-eabi/10.3.1/../../../../arm-none-eabi/lib/thumb/v6-m/nofp\libc.a(lib_a-mlock.o)
                              c:/progra~2/gnuarm~1/102021~1.10/bin/../lib/gcc/arm-none-eabi/10.3.1/../../../../arm-none-eabi/lib/thumb/v6-m/nofp\libc.a(lib_a-mallocr.o) (__malloc_lock)
c:/progra~2/gnuarm~1/102021~1.10/bin/../lib/gcc/arm-none-eabi/10.3.1/../../../../arm-none-eabi/lib/thumb/v6-m/nofp\libc.a(lib_a-realloc.o)
                              CMakeFiles/ykp74.dir/C_/Users/ykp74_desk/Documents/_Pico/pico-sdk/src/rp2_common/pico_malloc/pico_malloc.c.obj (realloc)
c:/progra~2/gnuarm~1/102021~1.10/bin/../lib/gcc/arm-none-eabi/10.3.1/../../../../arm-none-eabi/lib/thumb/v6-m/nofp\libc.a(lib_a-reallocr.o)
                              c:/progra~2/gnuarm~1/102021~1.10/bin/../lib/gcc/arm-none-eabi/10.3.1/../../../../arm-none-eabi/lib/thumb/v6-m/nofp\libc.a(lib_a-realloc.o) (_realloc_r)
c:/progra~2/gnuarm~1/102021~1.10/bin/../lib/gcc/arm-none-eabi/10.3.1/../../../../arm-none-eabi/lib/thumb/v6-m/nofp\libc.a(lib_a-sbrkr.o)
                              c:/progra~2/gnuarm~1/102021~1.10/bin/../lib/gcc/arm-none-eabi/10.3.1/../../../../arm-none-eabi/lib/thumb/v6-m/nofp\libc.a(lib_a-mallocr.o) (_sbrk_r)
c:/progra~2/gnuarm~1/102021~1.10/bin/../lib/gcc/arm-none-eabi/10.3.1/../../../../arm-none-eabi/lib/thumb/v6-m/nofp\libc.a(lib_a-scanf.o)
                              CMakeFiles/ykp74.dir/main.cpp.obj (scanf)
c:/progra~2/gnuarm~1/102021~1.10/bin/../lib/gcc/arm-none-eabi/10.3.1/../../../../arm-none-eabi/lib/thumb/v6-m/nofp\libc.a(lib_a-strlen-stub.o)
                              CMakeFiles/ykp74.dir/ssd1306.cpp.obj (strlen)
[...]
Memory Configuration

Name             Origin             Length             Attributes
FLASH            0x10000000         0x00200000         xr
RAM              0x20000000         0x00040000         xrw
SCRATCH_X        0x20040000         0x00001000         xrw
SCRATCH_Y        0x20041000         0x00001000         xrw
*default*        0x00000000         0xffffffff

Linker script and memory map

LOAD c:/progra~2/gnuarm~1/102021~1.10/bin/../lib/gcc/arm-none-eabi/10.3.1/thumb/v6-m/nofp/crti.o
LOAD c:/progra~2/gnuarm~1/102021~1.10/bin/../lib/gcc/arm-none-eabi/10.3.1/thumb/v6-m/nofp/crtbegin.o
LOAD c:/progra~2/gnuarm~1/102021~1.10/bin/../lib/gcc/arm-none-eabi/10.3.1/../../../../arm-none-eabi/lib/thumb/v6-m/nofp/crt0.o

.flash_begin    0x10000000        0x0
                0x10000000                __flash_binary_start = .

.boot2          0x10000000      0x100
                0x10000000                __boot2_start__ = .
 *(.boot2)
 .boot2         0x10000000      0x100 C:\Users\YKP74_~1\AppData\Local\Temp\cc0lwy8T.o
                0x10000100                __boot2_end__ = .
                0x00000001                ASSERT (((__boot2_end__ - __boot2_start__) == 0x100), ERROR: Pico second stage bootloader must be 256 bytes in size)

.text           0x10000100    0x102b0
                0x10000100                __logical_binary_start = .
 *(.vectors)
 .vectors       0x10000100       0xd4 CMakeFiles/ykp74.dir/C_/Users/ykp74_desk/Documents/_Pico/pico-sdk/src/rp2_common/pico_standard_link/crt0.S.obj
                0x10000100                __vectors
                0x10000100                __VECTOR_TABLE
                0x100001c0                isr_invalid
                0x100001c0                __default_isrs_start
                0x100001c2                isr_nmi
                0x100001c4                isr_hardfault
                0x100001cc                isr_irq11
                0x100001cc                isr_irq23
                0x100001cc                isr_irq18
                0x100001cc                isr_irq5
                0x100001cc                isr_irq31
                0x100001cc                isr_irq27
                0x100001cc                isr_irq19
                0x100001cc                isr_irq0
                0x100001cc                isr_irq6
                0x100001cc                isr_irq13
                0x100001cc                isr_irq12
                0x100001cc                isr_irq22
                0x100001cc                __unhandled_user_irq
                0x100001cc                isr_irq17
                0x100001cc                isr_irq14
                0x100001cc                isr_irq28
                0x100001cc                isr_irq2
                0x100001cc                isr_irq10
                0x100001cc                isr_irq8
                0x100001cc                isr_irq24
                0x100001cc                isr_irq1
                0x100001cc                isr_irq7
                0x100001cc                isr_irq21
                0x100001cc                isr_irq20
                0x100001cc                isr_irq15
                0x100001cc                isr_irq25
                0x100001cc                isr_irq30
                0x100001cc                isr_irq4
                0x100001cc                isr_irq16
                0x100001cc                isr_irq29
                0x100001cc                isr_irq26
                0x100001cc                __default_isrs_end
                0x100001cc                isr_irq3
                0x100001cc                isr_irq9
                0x100001d2                unhandled_user_irq_num_in_r0
 *(.binary_info_header)
 .binary_info_header
                0x100001d4       0x14 CMakeFiles/ykp74.dir/C_/Users/ykp74_desk/Documents/_Pico/pico-sdk/src/rp2_common/pico_standard_link/crt0.S.obj
                0x100001e8                __binary_info_header_end = .
 *(.reset)
 .reset         0x100001e8       0xa8 CMakeFiles/ykp74.dir/C_/Users/ykp74_desk/Documents/_Pico/pico-sdk/src/rp2_common/pico_standard_link/crt0.S.obj
                0x100001e8                _entry_point
                0x10000266                __get_current_exception
 .reset         0x10000290       0x30 CMakeFiles/ykp74.dir/C_/Users/ykp74_desk/Documents/_Pico/pico-sdk/src/rp2_common/pico_standard_link/binary_info.c.obj
 *(.init)
 .init          0x100002c0        0x4 c:/progra~2/gnuarm~1/102021~1.10/bin/../lib/gcc/arm-none-eabi/10.3.1/thumb/v6-m/nofp/crti.o
                0x100002c0                _init
 *(EXCLUDE_FILE(*libm.a: *libc.a:*lib_a-mem*.o *libgcc.a:) .text*)
 .text          0x100002c4       0x48 c:/progra~2/gnuarm~1/102021~1.10/bin/../lib/gcc/arm-none-eabi/10.3.1/thumb/v6-m/nofp/crtbegin.o
 .text._Z10input_taskPv
                0x1000030c        0xc CMakeFiles/ykp74.dir/main.cpp.obj
                0x1000030c                input_task(void*)
 .text._Z8led_taskPv
                0x10000318       0x1c CMakeFiles/ykp74.dir/main.cpp.obj
                0x10000318                led_task(void*)
 .text._Z9text_taskPv
                0x10000334       0xe8 CMakeFiles/ykp74.dir/main.cpp.obj
                0x10000334                text_task(void*)
 .text._Z13ds3231SetTimehhh
                0x1000041c       0xf4 CMakeFiles/ykp74.dir/main.cpp.obj
                0x1000041c                ds3231SetTime(unsigned char, unsigned char, unsigned char)
 .text.startup.main
                0x10000510       0xf0 CMakeFiles/ykp74.dir/main.cpp.obj
                0x10000510                main
 .text.startup._GLOBAL__sub_I_myDisplay
                0x10000600       0x10 CMakeFiles/ykp74.dir/main.cpp.obj
 .text._Z12SSD1306_initv
                0x10000610       0x44 CMakeFiles/ykp74.dir/ssd1306.cpp.obj
                0x10000610                SSD1306_init()
 .text._ZN7SSD1306C2Ev
                0x10000654       0x84 CMakeFiles/ykp74.dir/ssd1306.cpp.obj
                0x10000654                SSD1306::SSD1306()
                0x10000654                SSD1306::SSD1306()
 .text._ZN7SSD130611textDisplayEPKc
                0x100006d8      0x2b8 CMakeFiles/ykp74.dir/ssd1306.cpp.obj
                0x100006d8                SSD1306::textDisplay(char const*)
 .text._ZN7SSD130611setWordWrapEi
                0x10000990        0xc CMakeFiles/ykp74.dir/ssd1306.cpp.obj
                0x10000990                SSD1306::setWordWrap(int)
 .text._ZN7SSD130614setDisplayModeENS_4ModeE
                0x1000099c        0x8 CMakeFiles/ykp74.dir/ssd1306.cpp.obj
                0x1000099c                SSD1306::setDisplayMode(SSD1306::Mode)
 .text.gpio_set_function
                0x100009a4       0x30 CMakeFiles/ykp74.dir/C_/Users/ykp74_desk/Documents/_Pico/pico-sdk/src/rp2_common/hardware_gpio/gpio.c.obj
                0x100009a4                gpio_set_function
 .text.gpio_set_pulls
                0x100009d4       0x30 CMakeFiles/ykp74.dir/C_/Users/ykp74_desk/Documents/_Pico/pico-sdk/src/rp2_common/hardware_gpio/gpio.c.obj
                0x100009d4                gpio_set_pulls
 .text.gpio_init
                0x10000a04       0x3c CMakeFiles/ykp74.dir/C_/Users/ykp74_desk/Documents/_Pico/pico-sdk/src/rp2_common/hardware_gpio/gpio.c.obj
                0x10000a04                gpio_init
 .text.hw_claim_or_assert
                0x10000a40       0x44 CMakeFiles/ykp74.dir/C_/Users/ykp74_desk/Documents/_Pico/pico-sdk/src/rp2_common/hardware_claim/claim.c.obj
                0x10000a40                hw_claim_or_assert
 .text.hw_claim_unused_from_range
                0x10000a84       0x9c CMakeFiles/ykp74.dir/C_/Users/ykp74_desk/Documents/_Pico/pico-sdk/src/rp2_common/hardware_claim/claim.c.obj
                0x10000a84                hw_claim_unused_from_range
 .text.running_on_fpga
                0x10000b20       0x10 CMakeFiles/ykp74.dir/C_/Users/ykp74_desk/Documents/_Pico/pico-sdk/src/rp2_common/pico_platform/platform.c.obj
                0x10000b20                running_on_fpga
 .text.spin_locks_reset
                0x10000b30       0x1c CMakeFiles/ykp74.dir/C_/Users/ykp74_desk/Documents/_Pico/pico-sdk/src/rp2_common/hardware_sync/sync.c.obj
                0x10000b30                spin_locks_reset
 .text.next_striped_spin_lock_num
                0x10000b4c       0x18 CMakeFiles/ykp74.dir/C_/Users/ykp74_desk/Documents/_Pico/pico-sdk/src/rp2_common/hardware_sync/sync.c.obj
                0x10000b4c                next_striped_spin_lock_num
 .text.spin_lock_claim_unused
                0x10000b64       0x20 CMakeFiles/ykp74.dir/C_/Users/ykp74_desk/Documents/_Pico/pico-sdk/src/rp2_common/hardware_sync/sync.c.obj
                0x10000b64                spin_lock_claim_unused
 .text.irq_set_enabled
                0x10000b84       0x24 CMakeFiles/ykp74.dir/C_/Users/ykp74_desk/Documents/_Pico/pico-sdk/src/rp2_common/hardware_irq/irq.c.obj
                0x10000b84                irq_set_enabled
 .text.irq_set_pending
                0x10000ba8       0x10 CMakeFiles/ykp74.dir/C_/Users/ykp74_desk/Documents/_Pico/pico-sdk/src/rp2_common/hardware_irq/irq.c.obj
                0x10000ba8                irq_set_pending
 .text.irq_has_shared_handler
                0x10000bb8       0x2c CMakeFiles/ykp74.dir/C_/Users/ykp74_desk/Documents/_Pico/pico-sdk/src/rp2_common/hardware_irq/irq.c.obj
                0x10000bb8                irq_has_shared_handler
 .text.irq_get_vtable_handler
                0x10000be4       0x10 CMakeFiles/ykp74.dir/C_/Users/ykp74_desk/Documents/_Pico/pico-sdk/src/rp2_common/hardware_irq/irq.c.obj
                0x10000be4                irq_get_vtable_handler
 .text.irq_set_exclusive_handler
                0x10000bf4       0x54 CMakeFiles/ykp74.dir/C_/Users/ykp74_desk/Documents/_Pico/pico-sdk/src/rp2_common/hardware_irq/irq.c.obj
                0x10000bf4                irq_set_exclusive_handler
 .text.irq_add_shared_handler
                0x10000c48      0x1e4 CMakeFiles/ykp74.dir/C_/Users/ykp74_desk/Documents/_Pico/pico-sdk/src/rp2_common/hardware_irq/irq.c.obj
                0x10000c48                irq_add_shared_handler
 .text.irq_remove_handler
                0x10000e2c      0x1b4 CMakeFiles/ykp74.dir/C_/Users/ykp74_desk/Documents/_Pico/pico-sdk/src/rp2_common/hardware_irq/irq.c.obj
                0x10000e2c                irq_remove_handler
 .text.irq_add_tail_to_free_list
                0x10000fe0       0xb4 CMakeFiles/ykp74.dir/C_/Users/ykp74_desk/Documents/_Pico/pico-sdk/src/rp2_common/hardware_irq/irq.c.obj
                0x10000fe0                irq_add_tail_to_free_list
 .text.irq_init_priorities
                0x10001094       0x24 CMakeFiles/ykp74.dir/C_/Users/ykp74_desk/Documents/_Pico/pico-sdk/src/rp2_common/hardware_irq/irq.c.obj
                0x10001094                irq_init_priorities
 .text.user_irq_claim_unused
                0x100010b8       0x30 CMakeFiles/ykp74.dir/C_/Users/ykp74_desk/Documents/_Pico/pico-sdk/src/rp2_common/hardware_irq/irq.c.obj
                0x100010b8                user_irq_claim_unused
 .text.lock_init
                0x100010e8       0x10 CMakeFiles/ykp74.dir/C_/Users/ykp74_desk/Documents/_Pico/pico-sdk/src/common/pico_sync/lock_core.c.obj
                0x100010e8                lock_init
 .text.timer_pool_entry_comparator
                0x100010f8       0x34 CMakeFiles/ykp74.dir/C_/Users/ykp74_desk/Documents/_Pico/pico-sdk/src/common/pico_time/time.c.obj
                0x100010f8                timer_pool_entry_comparator
 .text.sleep_until_callback
                0x1000112c       0x30 CMakeFiles/ykp74.dir/C_/Users/ykp74_desk/Documents/_Pico/pico-sdk/src/common/pico_time/time.c.obj
 .text.add_alarm_under_lock.isra.0
                0x1000115c      0x100 CMakeFiles/ykp74.dir/C_/Users/ykp74_desk/Documents/_Pico/pico-sdk/src/common/pico_time/time.c.obj
 .text.alarm_pool_alarm_callback
                0x1000125c      0x1c8 CMakeFiles/ykp74.dir/C_/Users/ykp74_desk/Documents/_Pico/pico-sdk/src/common/pico_time/time.c.obj
 .text.alarm_pool_add_alarm_at.constprop.0
                0x10001424      0x11c CMakeFiles/ykp74.dir/C_/Users/ykp74_desk/Documents/_Pico/pico-sdk/src/common/pico_time/time.c.obj
 .text.alarm_pool_init_default
                0x10001540       0x64 CMakeFiles/ykp74.dir/C_/Users/ykp74_desk/Documents/_Pico/pico-sdk/src/common/pico_time/time.c.obj
                0x10001540                alarm_pool_init_default
 .text.alarm_pool_get_default
                0x100015a4        0x8 CMakeFiles/ykp74.dir/C_/Users/ykp74_desk/Documents/_Pico/pico-sdk/src/common/pico_time/time.c.obj
                0x100015a4                alarm_pool_get_default
 .text.alarm_pool_add_alarm_at
                0x100015ac      0x194 CMakeFiles/ykp74.dir/C_/Users/ykp74_desk/Documents/_Pico/pico-sdk/src/common/pico_time/time.c.obj
                0x100015ac                alarm_pool_add_alarm_at
 .text.best_effort_wfe_or_timeout
                0x10001740       0xd4 CMakeFiles/ykp74.dir/C_/Users/ykp74_desk/Documents/_Pico/pico-sdk/src/common/pico_time/time.c.obj
                0x10001740                best_effort_wfe_or_timeout
 .text.hardware_alarm_irq_handler
                0x10001814       0xb8 CMakeFiles/ykp74.dir/C_/Users/ykp74_desk/Documents/_Pico/pico-sdk/src/rp2_common/hardware_timer/timer.c.obj
 .text.hardware_alarm_claim
                0x100018cc       0x18 CMakeFiles/ykp74.dir/C_/Users/ykp74_desk/Documents/_Pico/pico-sdk/src/rp2_common/hardware_timer/timer.c.obj
                0x100018cc                hardware_alarm_claim
 .text.time_us_64
                0x100018e4       0x14 CMakeFiles/ykp74.dir/C_/Users/ykp74_desk/Documents/_Pico/pico-sdk/src/rp2_common/hardware_timer/timer.c.obj
                0x100018e4                time_us_64
 .text.busy_wait_us
                0x100018f8       0x54 CMakeFiles/ykp74.dir/C_/Users/ykp74_desk/Documents/_Pico/pico-sdk/src/rp2_common/hardware_timer/timer.c.obj
                0x100018f8                busy_wait_us
 .text.hardware_alarm_set_callback
                0x1000194c       0x8c CMakeFiles/ykp74.dir/C_/Users/ykp74_desk/Documents/_Pico/pico-sdk/src/rp2_common/hardware_timer/timer.c.obj
                0x1000194c                hardware_alarm_set_callback
 .text.hardware_alarm_set_target
                0x100019d8       0xe0 CMakeFiles/ykp74.dir/C_/Users/ykp74_desk/Documents/_Pico/pico-sdk/src/rp2_common/hardware_timer/timer.c.obj
                0x100019d8                hardware_alarm_set_target
 .text.hardware_alarm_cancel
                0x10001ab8       0x3c CMakeFiles/ykp74.dir/C_/Users/ykp74_desk/Documents/_Pico/pico-sdk/src/rp2_common/hardware_timer/timer.c.obj
                0x10001ab8                hardware_alarm_cancel
 .text.ph_merge_nodes
                0x10001af4       0x68 CMakeFiles/ykp74.dir/C_/Users/ykp74_desk/Documents/_Pico/pico-sdk/src/common/pico_util/pheap.c.obj
 .text.ph_post_alloc_init
                0x10001b5c       0x3c CMakeFiles/ykp74.dir/C_/Users/ykp74_desk/Documents/_Pico/pico-sdk/src/common/pico_util/pheap.c.obj
                0x10001b5c                ph_post_alloc_init
 .text.ph_merge_two_pass
                0x10001b98       0x90 CMakeFiles/ykp74.dir/C_/Users/ykp74_desk/Documents/_Pico/pico-sdk/src/common/pico_util/pheap.c.obj
                0x10001b98                ph_merge_two_pass
 .text.ph_remove_any_head
                0x10001c28       0xf8 CMakeFiles/ykp74.dir/C_/Users/ykp74_desk/Documents/_Pico/pico-sdk/src/common/pico_util/pheap.c.obj
 .text.ph_remove_head
                0x10001d20       0xfc CMakeFiles/ykp74.dir/C_/Users/ykp74_desk/Documents/_Pico/pico-sdk/src/common/pico_util/pheap.c.obj
                0x10001d20                ph_remove_head
 .text.ph_remove_and_free_node
                0x10001e1c       0x7c CMakeFiles/ykp74.dir/C_/Users/ykp74_desk/Documents/_Pico/pico-sdk/src/common/pico_util/pheap.c.obj
                0x10001e1c                ph_remove_and_free_node
 .text.mutex_init
                0x10001e98       0x1c CMakeFiles/ykp74.dir/C_/Users/ykp74_desk/Documents/_Pico/pico-sdk/src/common/pico_sync/mutex.c.obj
                0x10001e98                mutex_init
 .text.recursive_mutex_init
                0x10001eb4       0x1c CMakeFiles/ykp74.dir/C_/Users/ykp74_desk/Documents/_Pico/pico-sdk/src/common/pico_sync/mutex.c.obj
                0x10001eb4                recursive_mutex_init
 .text.critical_section_init
                0x10001ed0       0x20 CMakeFiles/ykp74.dir/C_/Users/ykp74_desk/Documents/_Pico/pico-sdk/src/common/pico_sync/critical_section.c.obj
                0x10001ed0                critical_section_init
 .text.runtime_init
                0x10001ef0       0xf0 CMakeFiles/ykp74.dir/C_/Users/ykp74_desk/Documents/_Pico/pico-sdk/src/rp2_common/pico_runtime/runtime.c.obj
                0x10001ef0                runtime_init
 .text._sbrk    0x10001fe0       0x34 CMakeFiles/ykp74.dir/C_/Users/ykp74_desk/Documents/_Pico/pico-sdk/src/rp2_common/pico_runtime/runtime.c.obj
                0x10001fe0                _sbrk
 .text.exit     0x10002014        0x4 CMakeFiles/ykp74.dir/C_/Users/ykp74_desk/Documents/_Pico/pico-sdk/src/rp2_common/pico_runtime/runtime.c.obj
                0x10002014                exit
 .text.__assert_func
                0x10002018       0x34 CMakeFiles/ykp74.dir/C_/Users/ykp74_desk/Documents/_Pico/pico-sdk/src/rp2_common/pico_runtime/runtime.c.obj
                0x10002018                __assert_func
 .text.panic    0x1000204c       0x30 CMakeFiles/ykp74.dir/C_/Users/ykp74_desk/Documents/_Pico/pico-sdk/src/rp2_common/pico_runtime/runtime.c.obj
                0x1000204c                panic
 .text.hard_assertion_failure
                0x1000207c        0xc CMakeFiles/ykp74.dir/C_/Users/ykp74_desk/Documents/_Pico/pico-sdk/src/rp2_common/pico_runtime/runtime.c.obj
                0x1000207c                hard_assertion_failure
 .text.clocks_init
                0x10002088      0x2bc CMakeFiles/ykp74.dir/C_/Users/ykp74_desk/Documents/_Pico/pico-sdk/src/rp2_common/hardware_clocks/clocks.c.obj
                0x10002088                clocks_init
 .text.clock_get_hz
                0x10002344        0xc CMakeFiles/ykp74.dir/C_/Users/ykp74_desk/Documents/_Pico/pico-sdk/src/rp2_common/hardware_clocks/clocks.c.obj
                0x10002344                clock_get_hz
 .text.pll_init
                0x10002350       0xb0 CMakeFiles/ykp74.dir/C_/Users/ykp74_desk/Documents/_Pico/pico-sdk/src/rp2_common/hardware_pll/pll.c.obj
                0x10002350                pll_init
 .text.watchdog_start_tick
                0x10002400       0x10 CMakeFiles/ykp74.dir/C_/Users/ykp74_desk/Documents/_Pico/pico-sdk/src/rp2_common/hardware_watchdog/watchdog.c.obj
                0x10002400                watchdog_start_tick
 .text.watchdog_reboot
                0x10002410       0x98 CMakeFiles/ykp74.dir/C_/Users/ykp74_desk/Documents/_Pico/pico-sdk/src/rp2_common/hardware_watchdog/watchdog.c.obj
                0x10002410                watchdog_reboot
 .text.xosc_init
                0x100024a8       0x28 CMakeFiles/ykp74.dir/C_/Users/ykp74_desk/Documents/_Pico/pico-sdk/src/rp2_common/hardware_xosc/xosc.c.obj
                0x100024a8                xosc_init
 .text._out_buffer
                0x100024d0        0x8 CMakeFiles/ykp74.dir/C_/Users/ykp74_desk/Documents/_Pico/pico-sdk/src/rp2_common/pico_printf/printf.c.obj
 .text._out_null
                0x100024d8        0x4 CMakeFiles/ykp74.dir/C_/Users/ykp74_desk/Documents/_Pico/pico-sdk/src/rp2_common/pico_printf/printf.c.obj
 .text._out_rev
                0x100024dc       0x9c CMakeFiles/ykp74.dir/C_/Users/ykp74_desk/Documents/_Pico/pico-sdk/src/rp2_common/pico_printf/printf.c.obj
 .text._ntoa_format
                0x10002578      0x1cc CMakeFiles/ykp74.dir/C_/Users/ykp74_desk/Documents/_Pico/pico-sdk/src/rp2_common/pico_printf/printf.c.obj
 .text._out_char
                0x10002744       0x10 CMakeFiles/ykp74.dir/C_/Users/ykp74_desk/Documents/_Pico/pico-sdk/src/rp2_common/pico_printf/printf.c.obj
 .text._out_fct
                0x10002754       0x10 CMakeFiles/ykp74.dir/C_/Users/ykp74_desk/Documents/_Pico/pico-sdk/src/rp2_common/pico_printf/printf.c.obj
 .text._etoa    0x10002764      0x44c CMakeFiles/ykp74.dir/C_/Users/ykp74_desk/Documents/_Pico/pico-sdk/src/rp2_common/pico_printf/printf.c.obj
 .text._ftoa    0x10002bb0      0x398 CMakeFiles/ykp74.dir/C_/Users/ykp74_desk/Documents/_Pico/pico-sdk/src/rp2_common/pico_printf/printf.c.obj
 .text._vsnprintf
                0x10002f48      0xb04 CMakeFiles/ykp74.dir/C_/Users/ykp74_desk/Documents/_Pico/pico-sdk/src/rp2_common/pico_printf/printf.c.obj
 .text.__wrap_sprintf
                0x10003a4c       0x28 CMakeFiles/ykp74.dir/C_/Users/ykp74_desk/Documents/_Pico/pico-sdk/src/rp2_common/pico_printf/printf.c.obj
                0x10003a4c                __wrap_sprintf
 .text.vfctprintf
                0x10003a74       0x20 CMakeFiles/ykp74.dir/C_/Users/ykp74_desk/Documents/_Pico/pico-sdk/src/rp2_common/pico_printf/printf.c.obj
                0x10003a74                vfctprintf
 .text.weak_raw_printf
                0x10003a94       0x40 CMakeFiles/ykp74.dir/C_/Users/ykp74_desk/Documents/_Pico/pico-sdk/src/rp2_common/pico_printf/printf.c.obj
                0x10003a94                weak_raw_printf
 .text.weak_raw_vprintf
                0x10003ad4       0x30 CMakeFiles/ykp74.dir/C_/Users/ykp74_desk/Documents/_Pico/pico-sdk/src/rp2_common/pico_printf/printf.c.obj
                0x10003ad4                weak_raw_vprintf
 .text          0x10003b04       0x10 CMakeFiles/ykp74.dir/C_/Users/ykp74_desk/Documents/_Pico/pico-sdk/src/rp2_common/pico_bit_ops/bit_ops_aeabi.S.obj
 .text.rom_func_lookup
                0x10003b14       0x10 CMakeFiles/ykp74.dir/C_/Users/ykp74_desk/Documents/_Pico/pico-sdk/src/rp2_common/pico_bootrom/bootrom.c.obj
                0x10003b14                rom_func_lookup
 .text.rom_data_lookup
                0x10003b24       0x10 CMakeFiles/ykp74.dir/C_/Users/ykp74_desk/Documents/_Pico/pico-sdk/src/rp2_common/pico_bootrom/bootrom.c.obj
                0x10003b24                rom_data_lookup
 .text.rom_funcs_lookup
                0x10003b34       0x44 CMakeFiles/ykp74.dir/C_/Users/ykp74_desk/Documents/_Pico/pico-sdk/src/rp2_common/pico_bootrom/bootrom.c.obj
                0x10003b34                rom_funcs_lookup
 .text.__wrap___aeabi_idiv
                0x10003b78       0x50 CMakeFiles/ykp74.dir/C_/Users/ykp74_desk/Documents/_Pico/pico-sdk/src/rp2_common/pico_divider/divider.S.obj
                0x10003b78                __wrap___aeabi_idivmod
                0x10003b78                divmod_s32s32
                0x10003b78                div_s32s32
                0x10003b78                __wrap___aeabi_idiv
                0x10003b80                divmod_s32s32_unsafe
                0x10003bac                divmod_s32s32_savestate
 .text.__wrap___aeabi_uidiv
                0x10003bc8       0x4c CMakeFiles/ykp74.dir/C_/Users/ykp74_desk/Documents/_Pico/pico-sdk/src/rp2_common/pico_divider/divider.S.obj
                0x10003bc8                __wrap___aeabi_uidiv
                0x10003bc8                __wrap___aeabi_uidivmod
                0x10003bc8                div_u32u32
                0x10003bc8                divmod_u32u32
                0x10003bd0                divmod_u32u32_unsafe
                0x10003bf8                divmod_u32u32_savestate
 .text.__wrap___aeabi_ldiv
                0x10003c14      0x434 CMakeFiles/ykp74.dir/C_/Users/ykp74_desk/Documents/_Pico/pico-sdk/src/rp2_common/pico_divider/divider.S.obj
                0x10003c14                div_s64s64
                0x10003c14                divmod_s64s64
                0x10003c14                __wrap___aeabi_ldivmod
                0x10003c4c                divmod_u64u64
                0x10003c4c                div_u64u64
                0x10003c4c                __wrap___aeabi_uldivmod
                0x10003c5c                divmod_u64u64_savestate
                0x10003c84                divmod_s64s64_unsafe
                0x10003d0c                divmod_u64u64_unsafe
 .text.__wrap___aeabi_darithmetic
                0x10004048       0x80 CMakeFiles/ykp74.dir/C_/Users/ykp74_desk/Documents/_Pico/pico-sdk/src/rp2_common/pico_double/double_aeabi.S.obj
                0x10004048                __wrap___aeabi_drsub
                0x1000404e                __wrap___aeabi_dsub
                0x10004060                __wrap___aeabi_dadd
                0x10004072                __wrap___aeabi_ddiv
                0x100040ae                __wrap___aeabi_dmul
 .text.__wrap___aeabi_cdcmple
                0x100040c8       0x6c CMakeFiles/ykp74.dir/C_/Users/ykp74_desk/Documents/_Pico/pico-sdk/src/rp2_common/pico_double/double_aeabi.S.obj
                0x100040c8                __wrap___aeabi_cdrcmple
                0x100040d8                __wrap___aeabi_cdcmpeq
                0x100040d8                __wrap___aeabi_cdcmple
 .text.__wrap___aeabi_dcmpeq
                0x10004134       0x10 CMakeFiles/ykp74.dir/C_/Users/ykp74_desk/Documents/_Pico/pico-sdk/src/rp2_common/pico_double/double_aeabi.S.obj
                0x10004134                __wrap___aeabi_dcmpeq
 .text.__wrap___aeabi_dcmplt
                0x10004144        0xc CMakeFiles/ykp74.dir/C_/Users/ykp74_desk/Documents/_Pico/pico-sdk/src/rp2_common/pico_double/double_aeabi.S.obj
                0x10004144                __wrap___aeabi_dcmplt
 .text.__wrap___aeabi_dcmple
                0x10004150       0x10 CMakeFiles/ykp74.dir/C_/Users/ykp74_desk/Documents/_Pico/pico-sdk/src/rp2_common/pico_double/double_aeabi.S.obj
                0x10004150                __wrap___aeabi_dcmple
 .text.__wrap___aeabi_dcmpge
                0x10004160       0x10 CMakeFiles/ykp74.dir/C_/Users/ykp74_desk/Documents/_Pico/pico-sdk/src/rp2_common/pico_double/double_aeabi.S.obj
                0x10004160                __wrap___aeabi_dcmpge
 .text.__wrap___aeabi_dcmpgt
                0x10004170        0xa CMakeFiles/ykp74.dir/C_/Users/ykp74_desk/Documents/_Pico/pico-sdk/src/rp2_common/pico_double/double_aeabi.S.obj
                0x10004170                __wrap___aeabi_dcmpgt
 .text.__wrap___aeabi_dcmpun
                0x1000417a       0x1c CMakeFiles/ykp74.dir/C_/Users/ykp74_desk/Documents/_Pico/pico-sdk/src/rp2_common/pico_double/double_aeabi.S.obj
                0x1000417a                __wrap___aeabi_dcmpun
 *fill*         0x10004196        0x2 
 .text.__wrap___aeabi_i2d
                0x10004198       0x38 CMakeFiles/ykp74.dir/C_/Users/ykp74_desk/Documents/_Pico/pico-sdk/src/rp2_common/pico_double/double_aeabi.S.obj
                0x10004198                __wrap___aeabi_ui2d
                0x100041a0                __wrap___aeabi_i2d
 .text.__wrap___aeabi_d2iz
                0x100041d0       0x48 CMakeFiles/ykp74.dir/C_/Users/ykp74_desk/Documents/_Pico/pico-sdk/src/rp2_common/pico_double/double_aeabi.S.obj
                0x100041d0                double2int_z
                0x100041d0                __wrap___aeabi_d2iz
 .text.__wrap___aeabi_d2uiz
                0x10004218       0x18 CMakeFiles/ykp74.dir/C_/Users/ykp74_desk/Documents/_Pico/pico-sdk/src/rp2_common/pico_double/double_aeabi.S.obj
                0x10004218                __wrap___aeabi_d2uiz
                0x10004218                double2uint
 .text.__wrap___aeabi_l2d
                0x10004230       0x18 CMakeFiles/ykp74.dir/C_/Users/ykp74_desk/Documents/_Pico/pico-sdk/src/rp2_common/pico_double/double_aeabi.S.obj
                0x10004230                __wrap___aeabi_l2d
 .text.__wrap___aeabi_d2lz
                0x10004248       0x26 CMakeFiles/ykp74.dir/C_/Users/ykp74_desk/Documents/_Pico/pico-sdk/src/rp2_common/pico_double/double_aeabi.S.obj
                0x10004248                double2int64_z
                0x10004248                __wrap___aeabi_d2lz
 *fill*         0x1000426e        0x2 
 .text.double2int64
                0x10004270       0x18 CMakeFiles/ykp74.dir/C_/Users/ykp74_desk/Documents/_Pico/pico-sdk/src/rp2_common/pico_double/double_aeabi.S.obj
                0x10004270                double2int64
 .text.double2ufix64
                0x10004288       0x18 CMakeFiles/ykp74.dir/C_/Users/ykp74_desk/Documents/_Pico/pico-sdk/src/rp2_common/pico_double/double_aeabi.S.obj
                0x10004288                double2ufix64
 .text.__wrap___aeabi_d2f
                0x100042a0       0x18 CMakeFiles/ykp74.dir/C_/Users/ykp74_desk/Documents/_Pico/pico-sdk/src/rp2_common/pico_double/double_aeabi.S.obj
                0x100042a0                __wrap___aeabi_d2f
 .text.__aeabi_double_init
                0x100042b8       0x94 CMakeFiles/ykp74.dir/C_/Users/ykp74_desk/Documents/_Pico/pico-sdk/src/rp2_common/pico_double/double_init_rom.c.obj
                0x100042b8                __aeabi_double_init
 .text.double_table_shim_on_use_helper
                0x1000434c       0x2c CMakeFiles/ykp74.dir/C_/Users/ykp74_desk/Documents/_Pico/pico-sdk/src/rp2_common/pico_double/double_v1_rom_shim.S.obj
                0x1000434c                double_table_shim_on_use_helper
 .text.__wrap___aeabi_dsub
                0x10004378       0x10 CMakeFiles/ykp74.dir/C_/Users/ykp74_desk/Documents/_Pico/pico-sdk/src/rp2_common/pico_double/double_v1_rom_shim.S.obj
                0x10004378                drsub_shim
                0x1000437e                dsub_shim
 .text.dadd_shim
                0x10004388      0x15c CMakeFiles/ykp74.dir/C_/Users/ykp74_desk/Documents/_Pico/pico-sdk/src/rp2_common/pico_double/double_v1_rom_shim.S.obj
                0x10004388                dadd_shim
 .text.dmul_shim
                0x100044e4      0x15c CMakeFiles/ykp74.dir/C_/Users/ykp74_desk/Documents/_Pico/pico-sdk/src/rp2_common/pico_double/double_v1_rom_shim.S.obj
                0x100044e4                dmul_shim
 .text.ddiv_shim
                0x10004640      0x1b0 CMakeFiles/ykp74.dir/C_/Users/ykp74_desk/Documents/_Pico/pico-sdk/src/rp2_common/pico_double/double_v1_rom_shim.S.obj
                0x10004640                ddiv_shim
 .text.double2uint_shim
                0x100047f0        0xe CMakeFiles/ykp74.dir/C_/Users/ykp74_desk/Documents/_Pico/pico-sdk/src/rp2_common/pico_double/double_v1_rom_shim.S.obj
                0x100047f0                double2uint_shim
                0x100047f2                double2ufix_shim
 .text.double2int64_shim
                0x100047fe       0x1a CMakeFiles/ykp74.dir/C_/Users/ykp74_desk/Documents/_Pico/pico-sdk/src/rp2_common/pico_double/double_v1_rom_shim.S.obj
                0x100047fe                double2int64_shim
                0x10004800                double2fix64_shim
 .text.double2uint64_shim
                0x10004818       0x70 CMakeFiles/ykp74.dir/C_/Users/ykp74_desk/Documents/_Pico/pico-sdk/src/rp2_common/pico_double/double_v1_rom_shim.S.obj
                0x10004818                double2uint64_shim
                0x1000481a                double2ufix64_shim
                0x1000483a                d2fix_a
 .text.double2float_shim
                0x10004888       0x5c CMakeFiles/ykp74.dir/C_/Users/ykp74_desk/Documents/_Pico/pico-sdk/src/rp2_common/pico_double/double_v1_rom_shim.S.obj
                0x10004888                double2float_shim
 .text.x2double_shims
                0x100048e4       0x90 CMakeFiles/ykp74.dir/C_/Users/ykp74_desk/Documents/_Pico/pico-sdk/src/rp2_common/pico_double/double_v1_rom_shim.S.obj
                0x100048e4                uint2double_shim
                0x100048e6                ufix2double_shim
                0x100048ec                int2double_shim
                0x100048ee                fix2double_shim
                0x100048f4                uint642double_shim
                0x100048f6                ufix642double_shim
                0x100048fc                int642double_shim
                0x100048fe                fix642double_shim
 .text.dunpacks
                0x10004974       0x3c CMakeFiles/ykp74.dir/C_/Users/ykp74_desk/Documents/_Pico/pico-sdk/src/rp2_common/pico_double/double_v1_rom_shim.S.obj
                0x10004974                dunpacks
 .text.__aeabi_lmul
                0x100049b0       0x32 CMakeFiles/ykp74.dir/C_/Users/ykp74_desk/Documents/_Pico/pico-sdk/src/rp2_common/pico_int64_ops/pico_int64_ops_aeabi.S.obj
                0x100049b0                __wrap___aeabi_lmul
 *fill*         0x100049e2        0x2 
 .text.__aeabi_float_init
                0x100049e4       0x64 CMakeFiles/ykp74.dir/C_/Users/ykp74_desk/Documents/_Pico/pico-sdk/src/rp2_common/pico_float/float_init_rom.c.obj
                0x100049e4                __aeabi_float_init
 .text.float_table_shim_on_use_helper
                0x10004a48       0x2c CMakeFiles/ykp74.dir/C_/Users/ykp74_desk/Documents/_Pico/pico-sdk/src/rp2_common/pico_float/float_v1_rom_shim.S.obj
                0x10004a48                float_table_shim_on_use_helper
 .text.__wrap_malloc
                0x10004a74       0x24 CMakeFiles/ykp74.dir/C_/Users/ykp74_desk/Documents/_Pico/pico-sdk/src/rp2_common/pico_malloc/pico_malloc.c.obj
                0x10004a74                __wrap_malloc
 .text.__wrap_realloc
                0x10004a98       0x24 CMakeFiles/ykp74.dir/C_/Users/ykp74_desk/Documents/_Pico/pico-sdk/src/rp2_common/pico_malloc/pico_malloc.c.obj
                0x10004a98                __wrap_realloc
 .text.__wrap_free
                0x10004abc        0x8 CMakeFiles/ykp74.dir/C_/Users/ykp74_desk/Documents/_Pico/pico-sdk/src/rp2_common/pico_malloc/pico_malloc.c.obj
                0x10004abc                __wrap_free
 .text          0x10004ac4       0x10 CMakeFiles/ykp74.dir/C_/Users/ykp74_desk/Documents/_Pico/pico-sdk/src/rp2_common/pico_mem_ops/mem_ops_aeabi.S.obj
                0x10004ac4                __aeabi_mem_init
 .text.memset   0x10004ad4        0xc CMakeFiles/ykp74.dir/C_/Users/ykp74_desk/Documents/_Pico/pico-sdk/src/rp2_common/pico_mem_ops/mem_ops_aeabi.S.obj
                0x10004ad4                __wrap_memset
 .text.memcpy   0x10004ae0        0xc CMakeFiles/ykp74.dir/C_/Users/ykp74_desk/Documents/_Pico/pico-sdk/src/rp2_common/pico_mem_ops/mem_ops_aeabi.S.obj
                0x10004ae0                __wrap_memcpy
                0x10004ae0                __wrap___aeabi_memcpy
 .text.stdio_out_chars_no_crlf
                0x10004aec       0x10 CMakeFiles/ykp74.dir/C_/Users/ykp74_desk/Documents/_Pico/pico-sdk/src/rp2_common/pico_stdio/stdio.c.obj
 .text.stdio_out_chars_crlf
                0x10004afc       0xb4 CMakeFiles/ykp74.dir/C_/Users/ykp74_desk/Documents/_Pico/pico-sdk/src/rp2_common/pico_stdio/stdio.c.obj
 .text.stdio_buffered_printer
                0x10004bb0       0x64 CMakeFiles/ykp74.dir/C_/Users/ykp74_desk/Documents/_Pico/pico-sdk/src/rp2_common/pico_stdio/stdio.c.obj
 .text.stdio_put_string.isra.0
                0x10004c14       0xfc CMakeFiles/ykp74.dir/C_/Users/ykp74_desk/Documents/_Pico/pico-sdk/src/rp2_common/pico_stdio/stdio.c.obj
 .text.__wrap_putchar
                0x10004d10       0xa0 CMakeFiles/ykp74.dir/C_/Users/ykp74_desk/Documents/_Pico/pico-sdk/src/rp2_common/pico_stdio/stdio.c.obj
                0x10004d10                __wrap_putchar
 .text.__wrap_puts
                0x10004db0       0x3c CMakeFiles/ykp74.dir/C_/Users/ykp74_desk/Documents/_Pico/pico-sdk/src/rp2_common/pico_stdio/stdio.c.obj
                0x10004db0                __wrap_puts
 .text._read    0x10004dec       0x94 CMakeFiles/ykp74.dir/C_/Users/ykp74_desk/Documents/_Pico/pico-sdk/src/rp2_common/pico_stdio/stdio.c.obj
                0x10004dec                _read
 .text._write   0x10004e80       0xb0 CMakeFiles/ykp74.dir/C_/Users/ykp74_desk/Documents/_Pico/pico-sdk/src/rp2_common/pico_stdio/stdio.c.obj
                0x10004e80                _write
 .text.stdio_set_driver_enabled
                0x10004f30       0x30 CMakeFiles/ykp74.dir/C_/Users/ykp74_desk/Documents/_Pico/pico-sdk/src/rp2_common/pico_stdio/stdio.c.obj
                0x10004f30                stdio_set_driver_enabled
 .text.__wrap_vprintf
                0x10004f60       0xd8 CMakeFiles/ykp74.dir/C_/Users/ykp74_desk/Documents/_Pico/pico-sdk/src/rp2_common/pico_stdio/stdio.c.obj
                0x10004f60                __wrap_vprintf
 .text.__wrap_printf
                0x10005038       0x18 CMakeFiles/ykp74.dir/C_/Users/ykp74_desk/Documents/_Pico/pico-sdk/src/rp2_common/pico_stdio/stdio.c.obj
                0x10005038                __wrap_printf
 .text.stdio_init_all
                0x10005050        0x8 CMakeFiles/ykp74.dir/C_/Users/ykp74_desk/Documents/_Pico/pico-sdk/src/rp2_common/pico_stdio/stdio.c.obj
                0x10005050                stdio_init_all
 .text.resetd_init
                0x10005058        0x4 CMakeFiles/ykp74.dir/C_/Users/ykp74_desk/Documents/_Pico/pico-sdk/src/rp2_common/pico_stdio_usb/reset_interface.c.obj
 .text.resetd_reset
                0x1000505c        0xc CMakeFiles/ykp74.dir/C_/Users/ykp74_desk/Documents/_Pico/pico-sdk/src/rp2_common/pico_stdio_usb/reset_interface.c.obj
 .text.resetd_open
                0x10005068       0x28 CMakeFiles/ykp74.dir/C_/Users/ykp74_desk/Documents/_Pico/pico-sdk/src/rp2_common/pico_stdio_usb/reset_interface.c.obj
 .text.resetd_xfer_cb
                0x10005090        0x4 CMakeFiles/ykp74.dir/C_/Users/ykp74_desk/Documents/_Pico/pico-sdk/src/rp2_common/pico_stdio_usb/reset_interface.c.obj
 .text.resetd_control_xfer_cb
                0x10005094       0x64 CMakeFiles/ykp74.dir/C_/Users/ykp74_desk/Documents/_Pico/pico-sdk/src/rp2_common/pico_stdio_usb/reset_interface.c.obj
 .text.usbd_app_driver_get_cb
                0x100050f8        0xc CMakeFiles/ykp74.dir/C_/Users/ykp74_desk/Documents/_Pico/pico-sdk/src/rp2_common/pico_stdio_usb/reset_interface.c.obj
                0x100050f8                usbd_app_driver_get_cb
 .text.tud_cdc_line_coding_cb
                0x10005104       0x34 CMakeFiles/ykp74.dir/C_/Users/ykp74_desk/Documents/_Pico/pico-sdk/src/rp2_common/pico_stdio_usb/reset_interface.c.obj
                0x10005104                tud_cdc_line_coding_cb
 .text.stdio_usb_in_chars
                0x10005138       0x68 CMakeFiles/ykp74.dir/C_/Users/ykp74_desk/Documents/_Pico/pico-sdk/src/rp2_common/pico_stdio_usb/stdio_usb.c.obj
                0x10005138                stdio_usb_in_chars
 .text.stdio_usb_out_chars
                0x100051a0       0xe4 CMakeFiles/ykp74.dir/C_/Users/ykp74_desk/Documents/_Pico/pico-sdk/src/rp2_common/pico_stdio_usb/stdio_usb.c.obj
 .text.timer_task
                0x10005284       0x18 CMakeFiles/ykp74.dir/C_/Users/ykp74_desk/Documents/_Pico/pico-sdk/src/rp2_common/pico_stdio_usb/stdio_usb.c.obj
 .text.usb_irq  0x1000529c       0x10 CMakeFiles/ykp74.dir/C_/Users/ykp74_desk/Documents/_Pico/pico-sdk/src/rp2_common/pico_stdio_usb/stdio_usb.c.obj
 .text.low_priority_worker_irq
                0x100052ac       0x24 CMakeFiles/ykp74.dir/C_/Users/ykp74_desk/Documents/_Pico/pico-sdk/src/rp2_common/pico_stdio_usb/stdio_usb.c.obj
 .text.stdio_usb_init
                0x100052d0       0xb0 CMakeFiles/ykp74.dir/C_/Users/ykp74_desk/Documents/_Pico/pico-sdk/src/rp2_common/pico_stdio_usb/stdio_usb.c.obj
                0x100052d0                stdio_usb_init
 .text.tud_descriptor_device_cb
                0x10005380        0x8 CMakeFiles/ykp74.dir/C_/Users/ykp74_desk/Documents/_Pico/pico-sdk/src/rp2_common/pico_stdio_usb/stdio_usb_descriptors.c.obj
                0x10005380                tud_descriptor_device_cb
 .text.tud_descriptor_configuration_cb
                0x10005388        0x8 CMakeFiles/ykp74.dir/C_/Users/ykp74_desk/Documents/_Pico/pico-sdk/src/rp2_common/pico_stdio_usb/stdio_usb_descriptors.c.obj
                0x10005388                tud_descriptor_configuration_cb
 .text.tud_descriptor_string_cb
                0x10005390       0x74 CMakeFiles/ykp74.dir/C_/Users/ykp74_desk/Documents/_Pico/pico-sdk/src/rp2_common/pico_stdio_usb/stdio_usb_descriptors.c.obj
                0x10005390                tud_descriptor_string_cb
 .text.dcd_rp2040_irq
                0x10005404      0x21c CMakeFiles/ykp74.dir/C_/Users/ykp74_desk/Documents/_Pico/pico-sdk/lib/tinyusb/src/portable/raspberrypi/rp2040/dcd_rp2040.c.obj
 .text.dcd_int_enable
                0x10005620        0xc CMakeFiles/ykp74.dir/C_/Users/ykp74_desk/Documents/_Pico/pico-sdk/lib/tinyusb/src/portable/raspberrypi/rp2040/dcd_rp2040.c.obj
                0x10005620                dcd_int_enable
 .text.dcd_set_address
                0x1000562c       0x14 CMakeFiles/ykp74.dir/C_/Users/ykp74_desk/Documents/_Pico/pico-sdk/lib/tinyusb/src/portable/raspberrypi/rp2040/dcd_rp2040.c.obj
                0x1000562c                dcd_set_address
 .text.dcd_connect
                0x10005640       0x10 CMakeFiles/ykp74.dir/C_/Users/ykp74_desk/Documents/_Pico/pico-sdk/lib/tinyusb/src/portable/raspberrypi/rp2040/dcd_rp2040.c.obj
                0x10005640                dcd_connect
 .text.dcd_init
                0x10005650      0x144 CMakeFiles/ykp74.dir/C_/Users/ykp74_desk/Documents/_Pico/pico-sdk/lib/tinyusb/src/portable/raspberrypi/rp2040/dcd_rp2040.c.obj
                0x10005650                dcd_init
 .text.dcd_edpt0_status_complete
                0x10005794       0x1c CMakeFiles/ykp74.dir/C_/Users/ykp74_desk/Documents/_Pico/pico-sdk/lib/tinyusb/src/portable/raspberrypi/rp2040/dcd_rp2040.c.obj
                0x10005794                dcd_edpt0_status_complete
 .text.dcd_edpt_open
                0x100057b0       0xf0 CMakeFiles/ykp74.dir/C_/Users/ykp74_desk/Documents/_Pico/pico-sdk/lib/tinyusb/src/portable/raspberrypi/rp2040/dcd_rp2040.c.obj
                0x100057b0                dcd_edpt_open
 .text.dcd_edpt_close_all
                0x100058a0       0xbc CMakeFiles/ykp74.dir/C_/Users/ykp74_desk/Documents/_Pico/pico-sdk/lib/tinyusb/src/portable/raspberrypi/rp2040/dcd_rp2040.c.obj
                0x100058a0                dcd_edpt_close_all
 .text.dcd_edpt_xfer
                0x1000595c       0x24 CMakeFiles/ykp74.dir/C_/Users/ykp74_desk/Documents/_Pico/pico-sdk/lib/tinyusb/src/portable/raspberrypi/rp2040/dcd_rp2040.c.obj
                0x1000595c                dcd_edpt_xfer
 .text.dcd_edpt_stall
                0x10005980       0x38 CMakeFiles/ykp74.dir/C_/Users/ykp74_desk/Documents/_Pico/pico-sdk/lib/tinyusb/src/portable/raspberrypi/rp2040/dcd_rp2040.c.obj
                0x10005980                dcd_edpt_stall
 .text.dcd_edpt_clear_stall
                0x100059b8       0x30 CMakeFiles/ykp74.dir/C_/Users/ykp74_desk/Documents/_Pico/pico-sdk/lib/tinyusb/src/portable/raspberrypi/rp2040/dcd_rp2040.c.obj
                0x100059b8                dcd_edpt_clear_stall
 .text._hw_endpoint_buffer_control_update32.part.0.isra.0
                0x100059e8       0x1c CMakeFiles/ykp74.dir/C_/Users/ykp74_desk/Documents/_Pico/pico-sdk/lib/tinyusb/src/portable/raspberrypi/rp2040/rp2040_usb.c.obj
 .text.rp2040_usb_init
                0x10005a04       0x4c CMakeFiles/ykp74.dir/C_/Users/ykp74_desk/Documents/_Pico/pico-sdk/lib/tinyusb/src/portable/raspberrypi/rp2040/rp2040_usb.c.obj
                0x10005a04                rp2040_usb_init
 .text.hw_endpoint_reset_transfer
                0x10005a50        0xc CMakeFiles/ykp74.dir/C_/Users/ykp74_desk/Documents/_Pico/pico-sdk/lib/tinyusb/src/portable/raspberrypi/rp2040/rp2040_usb.c.obj
                0x10005a50                hw_endpoint_reset_transfer
 .text._hw_endpoint_buffer_control_update32
                0x10005a5c       0x44 CMakeFiles/ykp74.dir/C_/Users/ykp74_desk/Documents/_Pico/pico-sdk/lib/tinyusb/src/portable/raspberrypi/rp2040/rp2040_usb.c.obj
                0x10005a5c                _hw_endpoint_buffer_control_update32
 .text.hw_endpoint_xfer_start
                0x10005aa0      0x138 CMakeFiles/ykp74.dir/C_/Users/ykp74_desk/Documents/_Pico/pico-sdk/lib/tinyusb/src/portable/raspberrypi/rp2040/rp2040_usb.c.obj
                0x10005aa0                hw_endpoint_xfer_start
 .text.hw_endpoint_xfer_continue
                0x10005bd8      0x1e4 CMakeFiles/ykp74.dir/C_/Users/ykp74_desk/Documents/_Pico/pico-sdk/lib/tinyusb/src/portable/raspberrypi/rp2040/rp2040_usb.c.obj
                0x10005bd8                hw_endpoint_xfer_continue
 .text.tud_mounted
                0x10005dbc       0x10 CMakeFiles/ykp74.dir/C_/Users/ykp74_desk/Documents/_Pico/pico-sdk/lib/tinyusb/src/device/usbd.c.obj
                0x10005dbc                tud_mounted
 .text.tud_suspended
                0x10005dcc       0x10 CMakeFiles/ykp74.dir/C_/Users/ykp74_desk/Documents/_Pico/pico-sdk/lib/tinyusb/src/device/usbd.c.obj
                0x10005dcc                tud_suspended
 .text.tud_inited
                0x10005ddc        0xc CMakeFiles/ykp74.dir/C_/Users/ykp74_desk/Documents/_Pico/pico-sdk/lib/tinyusb/src/device/usbd.c.obj
                0x10005ddc                tud_inited
 .text.tud_init
                0x10005de8       0xd8 CMakeFiles/ykp74.dir/C_/Users/ykp74_desk/Documents/_Pico/pico-sdk/lib/tinyusb/src/device/usbd.c.obj
                0x10005de8                tud_init
 .text.tud_task
                0x10005ec0      0x8ec CMakeFiles/ykp74.dir/C_/Users/ykp74_desk/Documents/_Pico/pico-sdk/lib/tinyusb/src/device/usbd.c.obj
                0x10005ec0                tud_task
 .text.dcd_event_bus_signal
                0x100067ac      0x120 CMakeFiles/ykp74.dir/C_/Users/ykp74_desk/Documents/_Pico/pico-sdk/lib/tinyusb/src/device/usbd.c.obj
                0x100067ac                dcd_event_bus_signal
 .text.dcd_event_bus_reset
                0x100068cc       0x54 CMakeFiles/ykp74.dir/C_/Users/ykp74_desk/Documents/_Pico/pico-sdk/lib/tinyusb/src/device/usbd.c.obj
                0x100068cc                dcd_event_bus_reset
 .text.dcd_event_setup_received
                0x10006920       0x50 CMakeFiles/ykp74.dir/C_/Users/ykp74_desk/Documents/_Pico/pico-sdk/lib/tinyusb/src/device/usbd.c.obj
                0x10006920                dcd_event_setup_received
 .text.dcd_event_xfer_complete
                0x10006970       0x68 CMakeFiles/ykp74.dir/C_/Users/ykp74_desk/Documents/_Pico/pico-sdk/lib/tinyusb/src/device/usbd.c.obj
                0x10006970                dcd_event_xfer_complete
 .text.usbd_open_edpt_pair
                0x100069d8       0x80 CMakeFiles/ykp74.dir/C_/Users/ykp74_desk/Documents/_Pico/pico-sdk/lib/tinyusb/src/device/usbd.c.obj
                0x100069d8                usbd_open_edpt_pair
 .text.usbd_edpt_open
                0x10006a58       0x30 CMakeFiles/ykp74.dir/C_/Users/ykp74_desk/Documents/_Pico/pico-sdk/lib/tinyusb/src/device/usbd.c.obj
                0x10006a58                usbd_edpt_open
 .text.usbd_edpt_claim
                0x10006a88       0x64 CMakeFiles/ykp74.dir/C_/Users/ykp74_desk/Documents/_Pico/pico-sdk/lib/tinyusb/src/device/usbd.c.obj
                0x10006a88                usbd_edpt_claim
 .text.usbd_edpt_release
                0x10006aec       0x4c CMakeFiles/ykp74.dir/C_/Users/ykp74_desk/Documents/_Pico/pico-sdk/lib/tinyusb/src/device/usbd.c.obj
                0x10006aec                usbd_edpt_release
 .text.usbd_edpt_xfer
                0x10006b38       0x48 CMakeFiles/ykp74.dir/C_/Users/ykp74_desk/Documents/_Pico/pico-sdk/lib/tinyusb/src/device/usbd.c.obj
                0x10006b38                usbd_edpt_xfer
 .text.tud_control_status
                0x10006b80       0x30 CMakeFiles/ykp74.dir/C_/Users/ykp74_desk/Documents/_Pico/pico-sdk/lib/tinyusb/src/device/usbd_control.c.obj
                0x10006b80                tud_control_status
 .text.tud_control_xfer
                0x10006bb0       0xbc CMakeFiles/ykp74.dir/C_/Users/ykp74_desk/Documents/_Pico/pico-sdk/lib/tinyusb/src/device/usbd_control.c.obj
                0x10006bb0                tud_control_xfer
 .text.usbd_control_reset
                0x10006c6c       0x14 CMakeFiles/ykp74.dir/C_/Users/ykp74_desk/Documents/_Pico/pico-sdk/lib/tinyusb/src/device/usbd_control.c.obj
                0x10006c6c                usbd_control_reset
 .text.usbd_control_set_complete_callback
                0x10006c80        0xc CMakeFiles/ykp74.dir/C_/Users/ykp74_desk/Documents/_Pico/pico-sdk/lib/tinyusb/src/device/usbd_control.c.obj
                0x10006c80                usbd_control_set_complete_callback
 .text.usbd_control_set_request
                0x10006c8c       0x1c CMakeFiles/ykp74.dir/C_/Users/ykp74_desk/Documents/_Pico/pico-sdk/lib/tinyusb/src/device/usbd_control.c.obj
                0x10006c8c                usbd_control_set_request
 .text.usbd_control_xfer_cb
                0x10006ca8       0xfc CMakeFiles/ykp74.dir/C_/Users/ykp74_desk/Documents/_Pico/pico-sdk/lib/tinyusb/src/device/usbd_control.c.obj
                0x10006ca8                usbd_control_xfer_cb
 .text.tud_cdc_n_connected
                0x10006da4       0x30 CMakeFiles/ykp74.dir/C_/Users/ykp74_desk/Documents/_Pico/pico-sdk/lib/tinyusb/src/class/cdc/cdc_device.c.obj
                0x10006da4                tud_cdc_n_connected
 .text.tud_cdc_n_available
                0x10006dd4       0x18 CMakeFiles/ykp74.dir/C_/Users/ykp74_desk/Documents/_Pico/pico-sdk/lib/tinyusb/src/class/cdc/cdc_device.c.obj
                0x10006dd4                tud_cdc_n_available
 .text.tud_cdc_n_read
                0x10006dec       0x70 CMakeFiles/ykp74.dir/C_/Users/ykp74_desk/Documents/_Pico/pico-sdk/lib/tinyusb/src/class/cdc/cdc_device.c.obj
                0x10006dec                tud_cdc_n_read
 .text.tud_cdc_n_write_flush
                0x10006e5c       0x78 CMakeFiles/ykp74.dir/C_/Users/ykp74_desk/Documents/_Pico/pico-sdk/lib/tinyusb/src/class/cdc/cdc_device.c.obj
                0x10006e5c                tud_cdc_n_write_flush
 .text.tud_cdc_n_write
                0x10006ed4       0x34 CMakeFiles/ykp74.dir/C_/Users/ykp74_desk/Documents/_Pico/pico-sdk/lib/tinyusb/src/class/cdc/cdc_device.c.obj
                0x10006ed4                tud_cdc_n_write
 .text.tud_cdc_n_write_available
                0x10006f08       0x18 CMakeFiles/ykp74.dir/C_/Users/ykp74_desk/Documents/_Pico/pico-sdk/lib/tinyusb/src/class/cdc/cdc_device.c.obj
                0x10006f08                tud_cdc_n_write_available
 .text.cdcd_init
                0x10006f20       0x7c CMakeFiles/ykp74.dir/C_/Users/ykp74_desk/Documents/_Pico/pico-sdk/lib/tinyusb/src/class/cdc/cdc_device.c.obj
                0x10006f20                cdcd_init
 .text.cdcd_reset
                0x10006f9c       0x2c CMakeFiles/ykp74.dir/C_/Users/ykp74_desk/Documents/_Pico/pico-sdk/lib/tinyusb/src/class/cdc/cdc_device.c.obj
                0x10006f9c                cdcd_reset
 .text.cdcd_open
                0x10006fc8       0xe4 CMakeFiles/ykp74.dir/C_/Users/ykp74_desk/Documents/_Pico/pico-sdk/lib/tinyusb/src/class/cdc/cdc_device.c.obj
                0x10006fc8                cdcd_open
 .text.cdcd_control_xfer_cb
                0x100070ac       0xe4 CMakeFiles/ykp74.dir/C_/Users/ykp74_desk/Documents/_Pico/pico-sdk/lib/tinyusb/src/class/cdc/cdc_device.c.obj
                0x100070ac                cdcd_control_xfer_cb
 .text.cdcd_xfer_cb
                0x10007190      0x148 CMakeFiles/ykp74.dir/C_/Users/ykp74_desk/Documents/_Pico/pico-sdk/lib/tinyusb/src/class/cdc/cdc_device.c.obj
                0x10007190                cdcd_xfer_cb
 .text.tusb_init
                0x100072d8        0xc CMakeFiles/ykp74.dir/C_/Users/ykp74_desk/Documents/_Pico/pico-sdk/lib/tinyusb/src/tusb.c.obj
                0x100072d8                tusb_init
 .text.tusb_inited
                0x100072e4        0x8 CMakeFiles/ykp74.dir/C_/Users/ykp74_desk/Documents/_Pico/pico-sdk/lib/tinyusb/src/tusb.c.obj
                0x100072e4                tusb_inited
 .text.tu_edpt_validate
                0x100072ec       0x78 CMakeFiles/ykp74.dir/C_/Users/ykp74_desk/Documents/_Pico/pico-sdk/lib/tinyusb/src/tusb.c.obj
                0x100072ec                tu_edpt_validate
 .text.tu_edpt_bind_driver
                0x10007364       0x2c CMakeFiles/ykp74.dir/C_/Users/ykp74_desk/Documents/_Pico/pico-sdk/lib/tinyusb/src/tusb.c.obj
                0x10007364                tu_edpt_bind_driver
 .text.tu_fifo_config
                0x10007390       0x78 CMakeFiles/ykp74.dir/C_/Users/ykp74_desk/Documents/_Pico/pico-sdk/lib/tinyusb/src/common/tusb_fifo.c.obj
                0x10007390                tu_fifo_config
 .text.tu_fifo_count
                0x10007408       0x20 CMakeFiles/ykp74.dir/C_/Users/ykp74_desk/Documents/_Pico/pico-sdk/lib/tinyusb/src/common/tusb_fifo.c.obj
                0x10007408                tu_fifo_count
 .text.tu_fifo_empty
                0x10007428       0x10 CMakeFiles/ykp74.dir/C_/Users/ykp74_desk/Documents/_Pico/pico-sdk/lib/tinyusb/src/common/tusb_fifo.c.obj
                0x10007428                tu_fifo_empty
 .text.tu_fifo_remaining
                0x10007438       0x1c CMakeFiles/ykp74.dir/C_/Users/ykp74_desk/Documents/_Pico/pico-sdk/lib/tinyusb/src/common/tusb_fifo.c.obj
                0x10007438                tu_fifo_remaining
 .text.tu_fifo_read
                0x10007454       0x9c CMakeFiles/ykp74.dir/C_/Users/ykp74_desk/Documents/_Pico/pico-sdk/lib/tinyusb/src/common/tusb_fifo.c.obj
                0x10007454                tu_fifo_read
 .text.tu_fifo_read_n
                0x100074f0      0x100 CMakeFiles/ykp74.dir/C_/Users/ykp74_desk/Documents/_Pico/pico-sdk/lib/tinyusb/src/common/tusb_fifo.c.obj
                0x100074f0                tu_fifo_read_n
 .text.tu_fifo_write
                0x100075f0       0x7c CMakeFiles/ykp74.dir/C_/Users/ykp74_desk/Documents/_Pico/pico-sdk/lib/tinyusb/src/common/tusb_fifo.c.obj
                0x100075f0                tu_fifo_write
 .text.tu_fifo_write_n
                0x1000766c      0x100 CMakeFiles/ykp74.dir/C_/Users/ykp74_desk/Documents/_Pico/pico-sdk/lib/tinyusb/src/common/tusb_fifo.c.obj
                0x1000766c                tu_fifo_write_n
 .text.tu_fifo_clear
                0x1000776c       0x4c CMakeFiles/ykp74.dir/C_/Users/ykp74_desk/Documents/_Pico/pico-sdk/lib/tinyusb/src/common/tusb_fifo.c.obj
                0x1000776c                tu_fifo_clear
 .text.tu_fifo_set_overwritable
                0x100077b8       0x3c CMakeFiles/ykp74.dir/C_/Users/ykp74_desk/Documents/_Pico/pico-sdk/lib/tinyusb/src/common/tusb_fifo.c.obj
                0x100077b8                tu_fifo_set_overwritable
 .text.startup._retrieve_unique_id_on_boot
                0x100077f4       0x10 CMakeFiles/ykp74.dir/C_/Users/ykp74_desk/Documents/_Pico/pico-sdk/src/rp2_common/pico_unique_id/unique_id.c.obj
 .text.pico_get_unique_board_id_string
                0x10007804      0x1a8 CMakeFiles/ykp74.dir/C_/Users/ykp74_desk/Documents/_Pico/pico-sdk/src/rp2_common/pico_unique_id/unique_id.c.obj
                0x10007804                pico_get_unique_board_id_string
 .text.flash_get_unique_id
                0x100079ac       0x40 CMakeFiles/ykp74.dir/C_/Users/ykp74_desk/Documents/_Pico/pico-sdk/src/rp2_common/hardware_flash/flash.c.obj
                0x100079ac                flash_get_unique_id
 .text.i2c_set_baudrate
                0x100079ec       0xc4 CMakeFiles/ykp74.dir/C_/Users/ykp74_desk/Documents/_Pico/pico-sdk/src/rp2_common/hardware_i2c/i2c.c.obj
                0x100079ec                i2c_set_baudrate
 .text.i2c_init
                0x10007ab0       0x54 CMakeFiles/ykp74.dir/C_/Users/ykp74_desk/Documents/_Pico/pico-sdk/src/rp2_common/hardware_i2c/i2c.c.obj
                0x10007ab0                i2c_init
 .text.i2c_write_blocking
                0x10007b04       0xd0 CMakeFiles/ykp74.dir/C_/Users/ykp74_desk/Documents/_Pico/pico-sdk/src/rp2_common/hardware_i2c/i2c.c.obj
                0x10007b04                i2c_write_blocking
 .text.i2c_read_blocking
                0x10007bd4       0xac CMakeFiles/ykp74.dir/C_/Users/ykp74_desk/Documents/_Pico/pico-sdk/src/rp2_common/hardware_i2c/i2c.c.obj
                0x10007bd4                i2c_read_blocking
 .text          0x10007c80     0x12b8 freertos\libfreertos.a(tasks.c.obj)
                0x10007d94                xTaskCreate
                0x10007fe4                vTaskDelete
                0x10008074                uxTaskPriorityGet
                0x10008094                uxTaskPriorityGetFromISR
                0x100080b4                vTaskPrioritySet
                0x10008160                vTaskSuspend
                0x100082a0                vTaskResume
                0x10008310                xTaskResumeFromISR
                0x10008398                vTaskStartScheduler
                0x1000851c                vTaskEndScheduler
                0x10008530                vTaskSuspendAll
                0x10008540                xTaskResumeAll
                0x10008628                xTaskDelayUntil
                0x100086a4                vTaskDelay
                0x100086f8                xTaskGetTickCount
                0x10008704                xTaskGetTickCountFromISR
                0x10008710                uxTaskGetNumberOfTasks
                0x1000871c                pcTaskGetName
                0x10008730                xTaskCatchUpTicks
                0x10008754                xTaskIncrementTick
                0x10008778                vTaskSwitchContext
                0x1000881c                vTaskPlaceOnEventList
                0x10008874                vTaskPlaceOnUnorderedEventList
                0x100088d8                vTaskPlaceOnEventListRestricted
                0x1000893c                xTaskRemoveFromEventList
                0x100089a4                vTaskRemoveFromUnorderedEventList
                0x100089f4                vTaskSetTimeOutState
                0x10008a10                vTaskInternalSetTimeOutState
                0x10008a20                xTaskCheckForTimeOut
                0x10008a70                vTaskMissedYield
                0x10008a7c                vTaskSetThreadLocalStoragePointer
                0x10008a98                pvTaskGetThreadLocalStoragePointer
                0x10008ab8                xTaskGetCurrentTaskHandle
                0x10008ac4                xTaskGetSchedulerState
                0x10008adc                uxTaskResetEventItemValue
                0x10008af4                ulTaskGenericNotifyTake
                0x10008bb4                xTaskGenericNotifyWait
                0x10008c9c                xTaskGenericNotify
                0x10008d5c                xTaskGenericNotifyFromISR
                0x10008e44                vTaskGenericNotifyGiveFromISR
                0x10008ed8                xTaskGenericNotifyStateClear
                0x10008f08                ulTaskGenericNotifyValueClear
 .text          0x10008f38      0x4b0 freertos\libfreertos.a(timers.c.obj)
                0x100091e4                xTimerCreateTimerTask
                0x10009258                xTimerCreate
                0x10009300                xTimerGenericCommand
                0x10009354                xTimerGetTimerDaemonTaskHandle
                0x10009360                xTimerGetPeriod
                0x10009364                vTimerSetReloadMode
                0x10009388                uxTimerGetReloadMode
                0x100093a0                xTimerGetExpiryTime
                0x100093a4                pcTimerGetName
                0x100093a8                xTimerIsTimerActive
                0x100093c0                pvTimerGetTimerID
                0x100093d4                vTimerSetTimerID
 .text          0x100093e8       0x30 freertos\libfreertos.a(heap_3.c.obj)
                0x100093e8                pvPortMalloc
                0x10009400                vPortFree
 *fill*         0x10009418        0x8 
 .text          0x10009420      0x1d8 freertos\libfreertos.a(port.c.obj)
                0x10009464                pxPortInitialiseStack
                0x1000948c                isr_svcall
                0x10009490                vPortEndScheduler
                0x10009494                vPortYield
                0x100094ac                vPortEnterCritical
                0x100094c4                vPortExitCritical
                0x100094d8                ulSetInterruptMaskFromISR
                0x100094e0                vClearInterruptMaskFromISR
                0x100094e8                isr_pendsv
                0x10009568                isr_systick
                0x1000958c                vPortSetupTimerInterrupt
                0x100095b4                xPortStartScheduler
 .text          0x100095f8       0x8c freertos\libfreertos.a(list.c.obj)
                0x100095f8                vListInitialise
                0x10009610                vListInitialiseItem
                0x10009618                vListInsertEnd
                0x10009630                vListInsert
                0x10009660                uxListRemove
 .text          0x10009684     0x10bc freertos\libfreertos.a(queue.c.obj)
                0x10009684                xQueueGenericReset
                0x100096e8                xQueueGenericCreate
                0x1000974c                xQueueGenericSend
                0x10009a64                xQueueGenericSendFromISR
                0x10009b74                xQueueGiveFromISR
                0x10009bc8                xQueueReceive
                0x10009e68                xQueueSemaphoreTake
                0x1000a0ec                xQueuePeek
                0x1000a388                xQueueReceiveFromISR
                0x1000a40c                xQueuePeekFromISR
                0x1000a44c                uxQueueMessagesWaiting
                0x1000a460                uxQueueSpacesAvailable
                0x1000a478                uxQueueMessagesWaitingFromISR
                0x1000a47c                vQueueDelete
                0x1000a4fc                xQueueIsQueueEmptyFromISR
                0x1000a504                xQueueIsQueueFullFromISR
                0x1000a510                vQueueAddToRegistry
                0x1000a584                pcQueueGetName
                0x1000a5f8                vQueueUnregisterQueue
                0x1000a670                vQueueWaitForMessageRestricted
 .text._calloc_r
                0x1000a740       0x9c c:/progra~2/gnuarm~1/102021~1.10/bin/../lib/gcc/arm-none-eabi/10.3.1/../../../../arm-none-eabi/lib/thumb/v6-m/nofp\libc.a(lib_a-callocr.o)
                0x1000a740                _calloc_r
 .text.__errno  0x1000a7dc        0xc c:/progra~2/gnuarm~1/102021~1.10/bin/../lib/gcc/arm-none-eabi/10.3.1/../../../../arm-none-eabi/lib/thumb/v6-m/nofp\libc.a(lib_a-errno.o)
                0x1000a7dc                __errno
 .text.malloc   0x1000a7e8       0x14 c:/progra~2/gnuarm~1/102021~1.10/bin/../lib/gcc/arm-none-eabi/10.3.1/../../../../arm-none-eabi/lib/thumb/v6-m/nofp\libc.a(lib_a-malloc.o)
                0x1000a7e8                malloc
 .text.free     0x1000a7fc       0x14 c:/progra~2/gnuarm~1/102021~1.10/bin/../lib/gcc/arm-none-eabi/10.3.1/../../../../arm-none-eabi/lib/thumb/v6-m/nofp\libc.a(lib_a-malloc.o)
                0x1000a7fc                free
 .text._malloc_r
                0x1000a810      0x584 c:/progra~2/gnuarm~1/102021~1.10/bin/../lib/gcc/arm-none-eabi/10.3.1/../../../../arm-none-eabi/lib/thumb/v6-m/nofp\libc.a(lib_a-mallocr.o)
                0x1000a810                _malloc_r
 .text.__malloc_lock
                0x1000ad94       0x10 c:/progra~2/gnuarm~1/102021~1.10/bin/../lib/gcc/arm-none-eabi/10.3.1/../../../../arm-none-eabi/lib/thumb/v6-m/nofp\libc.a(lib_a-mlock.o)
                0x1000ad94                __malloc_lock
 .text.__malloc_unlock
                0x1000ada4       0x10 c:/progra~2/gnuarm~1/102021~1.10/bin/../lib/gcc/arm-none-eabi/10.3.1/../../../../arm-none-eabi/lib/thumb/v6-m/nofp\libc.a(lib_a-mlock.o)
                0x1000ada4                __malloc_unlock
 .text.realloc  0x1000adb4       0x18 c:/progra~2/gnuarm~1/102021~1.10/bin/../lib/gcc/arm-none-eabi/10.3.1/../../../../arm-none-eabi/lib/thumb/v6-m/nofp\libc.a(lib_a-realloc.o)
                0x1000adb4                realloc
 .text._realloc_r
                0x1000adcc      0x354 c:/progra~2/gnuarm~1/102021~1.10/bin/../lib/gcc/arm-none-eabi/10.3.1/../../../../arm-none-eabi/lib/thumb/v6-m/nofp\libc.a(lib_a-reallocr.o)
                0x1000adcc                _realloc_r
 .text._sbrk_r  0x1000b120       0x24 c:/progra~2/gnuarm~1/102021~1.10/bin/../lib/gcc/arm-none-eabi/10.3.1/../../../../arm-none-eabi/lib/thumb/v6-m/nofp\libc.a(lib_a-sbrkr.o)
                0x1000b120                _sbrk_r
 .text.scanf    0x1000b144       0x24 c:/progra~2/gnuarm~1/102021~1.10/bin/../lib/gcc/arm-none-eabi/10.3.1/../../../../arm-none-eabi/lib/thumb/v6-m/nofp\libc.a(lib_a-scanf.o)
                0x1000b144                scanf
 .text.strlen   0x1000b168       0x5c c:/progra~2/gnuarm~1/102021~1.10/bin/../lib/gcc/arm-none-eabi/10.3.1/../../../../arm-none-eabi/lib/thumb/v6-m/nofp\libc.a(lib_a-strlen-stub.o)
                0x1000b168                strlen
 .text.toupper  0x1000b1c4       0x14 c:/progra~2/gnuarm~1/102021~1.10/bin/../lib/gcc/arm-none-eabi/10.3.1/../../../../arm-none-eabi/lib/thumb/v6-m/nofp\libc.a(lib_a-toupper.o)
                0x1000b1c4                toupper
 .text.__svfscanf_r
                0x1000b1d8     0x17d8 c:/progra~2/gnuarm~1/102021~1.10/bin/../lib/gcc/arm-none-eabi/10.3.1/../../../../arm-none-eabi/lib/thumb/v6-m/nofp\libc.a(lib_a-vfscanf.o)
                0x1000b1d8                __svfscanf_r
 .text._vfscanf_r
                0x1000c9b0       0x28 c:/progra~2/gnuarm~1/102021~1.10/bin/../lib/gcc/arm-none-eabi/10.3.1/../../../../arm-none-eabi/lib/thumb/v6-m/nofp\libc.a(lib_a-vfscanf.o)
                0x1000c9b0                _vfscanf_r
 .text._cleanup_r
                0x1000c9d8       0x10 c:/progra~2/gnuarm~1/102021~1.10/bin/../lib/gcc/arm-none-eabi/10.3.1/../../../../arm-none-eabi/lib/thumb/v6-m/nofp\libc.a(lib_a-findfp.o)
                0x1000c9d8                _cleanup_r
 .text.__sinit  0x1000c9e8      0x120 c:/progra~2/gnuarm~1/102021~1.10/bin/../lib/gcc/arm-none-eabi/10.3.1/../../../../arm-none-eabi/lib/thumb/v6-m/nofp\libc.a(lib_a-findfp.o)
                0x1000c9e8                __sinit
 .text.__sfp_lock_acquire
                0x1000cb08       0x10 c:/progra~2/gnuarm~1/102021~1.10/bin/../lib/gcc/arm-none-eabi/10.3.1/../../../../arm-none-eabi/lib/thumb/v6-m/nofp\libc.a(lib_a-findfp.o)
                0x1000cb08                __sfp_lock_acquire
 .text.__sfp_lock_release
                0x1000cb18       0x10 c:/progra~2/gnuarm~1/102021~1.10/bin/../lib/gcc/arm-none-eabi/10.3.1/../../../../arm-none-eabi/lib/thumb/v6-m/nofp\libc.a(lib_a-findfp.o)
                0x1000cb18                __sfp_lock_release
 .text._fread_r
                0x1000cb28      0x1bc c:/progra~2/gnuarm~1/102021~1.10/bin/../lib/gcc/arm-none-eabi/10.3.1/../../../../arm-none-eabi/lib/thumb/v6-m/nofp\libc.a(lib_a-fread.o)
                0x1000cb28                _fread_r
 .text._malloc_trim_r
                0x1000cce4       0x9c c:/progra~2/gnuarm~1/102021~1.10/bin/../lib/gcc/arm-none-eabi/10.3.1/../../../../arm-none-eabi/lib/thumb/v6-m/nofp\libc.a(lib_a-freer.o)
                0x1000cce4                _malloc_trim_r
 .text._free_r  0x1000cd80      0x1c4 c:/progra~2/gnuarm~1/102021~1.10/bin/../lib/gcc/arm-none-eabi/10.3.1/../../../../arm-none-eabi/lib/thumb/v6-m/nofp\libc.a(lib_a-freer.o)
                0x1000cd80                _free_r
 .text._fwalk   0x1000cf44       0x40 c:/progra~2/gnuarm~1/102021~1.10/bin/../lib/gcc/arm-none-eabi/10.3.1/../../../../arm-none-eabi/lib/thumb/v6-m/nofp\libc.a(lib_a-fwalk.o)
                0x1000cf44                _fwalk
 .text._fwalk_reent
                0x1000cf84       0x48 c:/progra~2/gnuarm~1/102021~1.10/bin/../lib/gcc/arm-none-eabi/10.3.1/../../../../arm-none-eabi/lib/thumb/v6-m/nofp\libc.a(lib_a-fwalk.o)
                0x1000cf84                _fwalk_reent
 .text.iswspace
                0x1000cfcc        0xc c:/progra~2/gnuarm~1/102021~1.10/bin/../lib/gcc/arm-none-eabi/10.3.1/../../../../arm-none-eabi/lib/thumb/v6-m/nofp\libc.a(lib_a-iswspace.o)
                0x1000cfcc                iswspace
 .text.iswspace_l
                0x1000cfd8       0x18 c:/progra~2/gnuarm~1/102021~1.10/bin/../lib/gcc/arm-none-eabi/10.3.1/../../../../arm-none-eabi/lib/thumb/v6-m/nofp\libc.a(lib_a-iswspace_l.o)
                0x1000cfd8                iswspace_l
 .text.__locale_mb_cur_max
                0x1000cff0       0x10 c:/progra~2/gnuarm~1/102021~1.10/bin/../lib/gcc/arm-none-eabi/10.3.1/../../../../arm-none-eabi/lib/thumb/v6-m/nofp\libc.a(lib_a-locale.o)
                0x1000cff0                __locale_mb_cur_max
 .text._localeconv_r
                0x1000d000        0x8 c:/progra~2/gnuarm~1/102021~1.10/bin/../lib/gcc/arm-none-eabi/10.3.1/../../../../arm-none-eabi/lib/thumb/v6-m/nofp\libc.a(lib_a-localeconv.o)
                0x1000d000                _localeconv_r
 .text.__retarget_lock_init_recursive
                0x1000d008        0x4 c:/progra~2/gnuarm~1/102021~1.10/bin/../lib/gcc/arm-none-eabi/10.3.1/../../../../arm-none-eabi/lib/thumb/v6-m/nofp\libc.a(lib_a-lock.o)
                0x1000d008                __retarget_lock_init_recursive
 .text.__retarget_lock_close_recursive
                0x1000d00c        0x4 c:/progra~2/gnuarm~1/102021~1.10/bin/../lib/gcc/arm-none-eabi/10.3.1/../../../../arm-none-eabi/lib/thumb/v6-m/nofp\libc.a(lib_a-lock.o)
                0x1000d00c                __retarget_lock_close_recursive
 .text.__retarget_lock_acquire_recursive
                0x1000d010        0x4 c:/progra~2/gnuarm~1/102021~1.10/bin/../lib/gcc/arm-none-eabi/10.3.1/../../../../arm-none-eabi/lib/thumb/v6-m/nofp\libc.a(lib_a-lock.o)
                0x1000d010                __retarget_lock_acquire_recursive
 .text.__retarget_lock_release_recursive
                0x1000d014        0x4 c:/progra~2/gnuarm~1/102021~1.10/bin/../lib/gcc/arm-none-eabi/10.3.1/../../../../arm-none-eabi/lib/thumb/v6-m/nofp\libc.a(lib_a-lock.o)
                0x1000d014                __retarget_lock_release_recursive
 .text._mbrtowc_r
                0x1000d018       0x4c c:/progra~2/gnuarm~1/102021~1.10/bin/../lib/gcc/arm-none-eabi/10.3.1/../../../../arm-none-eabi/lib/thumb/v6-m/nofp\libc.a(lib_a-mbrtowc.o)
                0x1000d018                _mbrtowc_r
 .text.__ascii_mbtowc
                0x1000d064       0x2c c:/progra~2/gnuarm~1/102021~1.10/bin/../lib/gcc/arm-none-eabi/10.3.1/../../../../arm-none-eabi/lib/thumb/v6-m/nofp\libc.a(lib_a-mbtowc_r.o)
                0x1000d064                __ascii_mbtowc
 .text.lflush   0x1000d090       0x1c c:/progra~2/gnuarm~1/102021~1.10/bin/../lib/gcc/arm-none-eabi/10.3.1/../../../../arm-none-eabi/lib/thumb/v6-m/nofp\libc.a(lib_a-refill.o)
 .text.__srefill_r
                0x1000d0ac      0x124 c:/progra~2/gnuarm~1/102021~1.10/bin/../lib/gcc/arm-none-eabi/10.3.1/../../../../arm-none-eabi/lib/thumb/v6-m/nofp\libc.a(lib_a-refill.o)
                0x1000d0ac                __srefill_r
 .text.__sccl   0x1000d1d0       0x80 c:/progra~2/gnuarm~1/102021~1.10/bin/../lib/gcc/arm-none-eabi/10.3.1/../../../../arm-none-eabi/lib/thumb/v6-m/nofp\libc.a(lib_a-sccl.o)
                0x1000d1d0                __sccl
 .text.nanf     0x1000d250        0x8 c:/progra~2/gnuarm~1/102021~1.10/bin/../lib/gcc/arm-none-eabi/10.3.1/../../../../arm-none-eabi/lib/thumb/v6-m/nofp\libc.a(lib_a-sf_nan.o)
                0x1000d250                nanf
 .text.__sread  0x1000d258       0x28 c:/progra~2/gnuarm~1/102021~1.10/bin/../lib/gcc/arm-none-eabi/10.3.1/../../../../arm-none-eabi/lib/thumb/v6-m/nofp\libc.a(lib_a-stdio.o)
                0x1000d258                __sread
 .text.__swrite
                0x1000d280       0x40 c:/progra~2/gnuarm~1/102021~1.10/bin/../lib/gcc/arm-none-eabi/10.3.1/../../../../arm-none-eabi/lib/thumb/v6-m/nofp\libc.a(lib_a-stdio.o)
                0x1000d280                __swrite
 .text.__sseek  0x1000d2c0       0x2c c:/progra~2/gnuarm~1/102021~1.10/bin/../lib/gcc/arm-none-eabi/10.3.1/../../../../arm-none-eabi/lib/thumb/v6-m/nofp\libc.a(lib_a-stdio.o)
                0x1000d2c0                __sseek
 .text.__sclose
                0x1000d2ec        0xc c:/progra~2/gnuarm~1/102021~1.10/bin/../lib/gcc/arm-none-eabi/10.3.1/../../../../arm-none-eabi/lib/thumb/v6-m/nofp\libc.a(lib_a-stdio.o)
                0x1000d2ec                __sclose
 .text._strtod_l
                0x1000d2f8      0xf78 c:/progra~2/gnuarm~1/102021~1.10/bin/../lib/gcc/arm-none-eabi/10.3.1/../../../../arm-none-eabi/lib/thumb/v6-m/nofp\libc.a(lib_a-strtod.o)
                0x1000d2f8                _strtod_l
 .text._strtod_r
                0x1000e270       0x10 c:/progra~2/gnuarm~1/102021~1.10/bin/../lib/gcc/arm-none-eabi/10.3.1/../../../../arm-none-eabi/lib/thumb/v6-m/nofp\libc.a(lib_a-strtod.o)
                0x1000e270                _strtod_r
 .text._strtol_l.part.0
                0x1000e280      0x144 c:/progra~2/gnuarm~1/102021~1.10/bin/../lib/gcc/arm-none-eabi/10.3.1/../../../../arm-none-eabi/lib/thumb/v6-m/nofp\libc.a(lib_a-strtol.o)
 .text._strtol_r
                0x1000e3c4       0x1c c:/progra~2/gnuarm~1/102021~1.10/bin/../lib/gcc/arm-none-eabi/10.3.1/../../../../arm-none-eabi/lib/thumb/v6-m/nofp\libc.a(lib_a-strtol.o)
                0x1000e3c4                _strtol_r
 .text._strtoll_l.constprop.0
                0x1000e3e0      0x198 c:/progra~2/gnuarm~1/102021~1.10/bin/../lib/gcc/arm-none-eabi/10.3.1/../../../../arm-none-eabi/lib/thumb/v6-m/nofp\libc.a(lib_a-strtoll.o)
 .text._strtoll_r
                0x1000e578        0x8 c:/progra~2/gnuarm~1/102021~1.10/bin/../lib/gcc/arm-none-eabi/10.3.1/../../../../arm-none-eabi/lib/thumb/v6-m/nofp\libc.a(lib_a-strtoll.o)
                0x1000e578                _strtoll_r
 .text._strtoul_l.constprop.0
                0x1000e580      0x148 c:/progra~2/gnuarm~1/102021~1.10/bin/../lib/gcc/arm-none-eabi/10.3.1/../../../../arm-none-eabi/lib/thumb/v6-m/nofp\libc.a(lib_a-strtoul.o)
 .text._strtoul_r
                0x1000e6c8        0x8 c:/progra~2/gnuarm~1/102021~1.10/bin/../lib/gcc/arm-none-eabi/10.3.1/../../../../arm-none-eabi/lib/thumb/v6-m/nofp\libc.a(lib_a-strtoul.o)
                0x1000e6c8                _strtoul_r
 .text._strtoull_l.constprop.0
                0x1000e6d0      0x1bc c:/progra~2/gnuarm~1/102021~1.10/bin/../lib/gcc/arm-none-eabi/10.3.1/../../../../arm-none-eabi/lib/thumb/v6-m/nofp\libc.a(lib_a-strtoull.o)
 .text._strtoull_r
                0x1000e88c        0x8 c:/progra~2/gnuarm~1/102021~1.10/bin/../lib/gcc/arm-none-eabi/10.3.1/../../../../arm-none-eabi/lib/thumb/v6-m/nofp\libc.a(lib_a-strtoull.o)
                0x1000e88c                _strtoull_r
 .text.__submore
                0x1000e894       0x84 c:/progra~2/gnuarm~1/102021~1.10/bin/../lib/gcc/arm-none-eabi/10.3.1/../../../../arm-none-eabi/lib/thumb/v6-m/nofp\libc.a(lib_a-ungetc.o)
                0x1000e894                __submore
 .text._ungetc_r
                0x1000e918      0x138 c:/progra~2/gnuarm~1/102021~1.10/bin/../lib/gcc/arm-none-eabi/10.3.1/../../../../arm-none-eabi/lib/thumb/v6-m/nofp\libc.a(lib_a-ungetc.o)
                0x1000e918                _ungetc_r
 .text.__ascii_wctomb
                0x1000ea50       0x1c c:/progra~2/gnuarm~1/102021~1.10/bin/../lib/gcc/arm-none-eabi/10.3.1/../../../../arm-none-eabi/lib/thumb/v6-m/nofp\libc.a(lib_a-wctomb_r.o)
                0x1000ea50                __ascii_wctomb
 .text._write_r
                0x1000ea6c       0x28 c:/progra~2/gnuarm~1/102021~1.10/bin/../lib/gcc/arm-none-eabi/10.3.1/../../../../arm-none-eabi/lib/thumb/v6-m/nofp\libc.a(lib_a-writer.o)
                0x1000ea6c                _write_r
 .text._close_r
                0x1000ea94       0x24 c:/progra~2/gnuarm~1/102021~1.10/bin/../lib/gcc/arm-none-eabi/10.3.1/../../../../arm-none-eabi/lib/thumb/v6-m/nofp\libc.a(lib_a-closer.o)
                0x1000ea94                _close_r
 .text._fclose_r
                0x1000eab8       0xdc c:/progra~2/gnuarm~1/102021~1.10/bin/../lib/gcc/arm-none-eabi/10.3.1/../../../../arm-none-eabi/lib/thumb/v6-m/nofp\libc.a(lib_a-fclose.o)
                0x1000eab8                _fclose_r
 .text.__sflush_r
                0x1000eb94      0x140 c:/progra~2/gnuarm~1/102021~1.10/bin/../lib/gcc/arm-none-eabi/10.3.1/../../../../arm-none-eabi/lib/thumb/v6-m/nofp\libc.a(lib_a-fflush.o)
                0x1000eb94                __sflush_r
 .text._fflush_r
                0x1000ecd4       0x6c c:/progra~2/gnuarm~1/102021~1.10/bin/../lib/gcc/arm-none-eabi/10.3.1/../../../../arm-none-eabi/lib/thumb/v6-m/nofp\libc.a(lib_a-fflush.o)
                0x1000ecd4                _fflush_r
 .text.fflush   0x1000ed40       0x78 c:/progra~2/gnuarm~1/102021~1.10/bin/../lib/gcc/arm-none-eabi/10.3.1/../../../../arm-none-eabi/lib/thumb/v6-m/nofp\libc.a(lib_a-fflush.o)
                0x1000ed40                fflush
 .text.rshift   0x1000edb8       0xa4 c:/progra~2/gnuarm~1/102021~1.10/bin/../lib/gcc/arm-none-eabi/10.3.1/../../../../arm-none-eabi/lib/thumb/v6-m/nofp\libc.a(lib_a-gdtoa-gethex.o)
 .text.__gethex
                0x1000ee5c      0x5cc c:/progra~2/gnuarm~1/102021~1.10/bin/../lib/gcc/arm-none-eabi/10.3.1/../../../../arm-none-eabi/lib/thumb/v6-m/nofp\libc.a(lib_a-gdtoa-gethex.o)
                0x1000ee5c                __gethex
 .text.__match  0x1000f428       0x2c c:/progra~2/gnuarm~1/102021~1.10/bin/../lib/gcc/arm-none-eabi/10.3.1/../../../../arm-none-eabi/lib/thumb/v6-m/nofp\libc.a(lib_a-gdtoa-hexnan.o)
                0x1000f428                __match
 .text.__hexnan
                0x1000f454      0x1d0 c:/progra~2/gnuarm~1/102021~1.10/bin/../lib/gcc/arm-none-eabi/10.3.1/../../../../arm-none-eabi/lib/thumb/v6-m/nofp\libc.a(lib_a-gdtoa-hexnan.o)
                0x1000f454                __hexnan
 .text._lseek_r
                0x1000f624       0x28 c:/progra~2/gnuarm~1/102021~1.10/bin/../lib/gcc/arm-none-eabi/10.3.1/../../../../arm-none-eabi/lib/thumb/v6-m/nofp\libc.a(lib_a-lseekr.o)
                0x1000f624                _lseek_r
 .text.__smakebuf_r
                0x1000f64c       0xe4 c:/progra~2/gnuarm~1/102021~1.10/bin/../lib/gcc/arm-none-eabi/10.3.1/../../../../arm-none-eabi/lib/thumb/v6-m/nofp\libc.a(lib_a-makebuf.o)
                0x1000f64c                __smakebuf_r
 .text._Balloc  0x1000f730       0x50 c:/progra~2/gnuarm~1/102021~1.10/bin/../lib/gcc/arm-none-eabi/10.3.1/../../../../arm-none-eabi/lib/thumb/v6-m/nofp\libc.a(lib_a-mprec.o)
                0x1000f730                _Balloc
 .text._Bfree   0x1000f780       0x14 c:/progra~2/gnuarm~1/102021~1.10/bin/../lib/gcc/arm-none-eabi/10.3.1/../../../../arm-none-eabi/lib/thumb/v6-m/nofp\libc.a(lib_a-mprec.o)
                0x1000f780                _Bfree
 .text.__multadd
                0x1000f794       0xa8 c:/progra~2/gnuarm~1/102021~1.10/bin/../lib/gcc/arm-none-eabi/10.3.1/../../../../arm-none-eabi/lib/thumb/v6-m/nofp\libc.a(lib_a-mprec.o)
                0x1000f794                __multadd
 .text.__s2b    0x1000f83c       0xb0 c:/progra~2/gnuarm~1/102021~1.10/bin/../lib/gcc/arm-none-eabi/10.3.1/../../../../arm-none-eabi/lib/thumb/v6-m/nofp\libc.a(lib_a-mprec.o)
                0x1000f83c                __s2b
 .text.__hi0bits
                0x1000f8ec       0x38 c:/progra~2/gnuarm~1/102021~1.10/bin/../lib/gcc/arm-none-eabi/10.3.1/../../../../arm-none-eabi/lib/thumb/v6-m/nofp\libc.a(lib_a-mprec.o)
                0x1000f8ec                __hi0bits
 .text.__lo0bits
                0x1000f924       0x5c c:/progra~2/gnuarm~1/102021~1.10/bin/../lib/gcc/arm-none-eabi/10.3.1/../../../../arm-none-eabi/lib/thumb/v6-m/nofp\libc.a(lib_a-mprec.o)
                0x1000f924                __lo0bits
 .text.__i2b    0x1000f980       0x60 c:/progra~2/gnuarm~1/102021~1.10/bin/../lib/gcc/arm-none-eabi/10.3.1/../../../../arm-none-eabi/lib/thumb/v6-m/nofp\libc.a(lib_a-mprec.o)
                0x1000f980                __i2b
 .text.__multiply
                0x1000f9e0      0x1a4 c:/progra~2/gnuarm~1/102021~1.10/bin/../lib/gcc/arm-none-eabi/10.3.1/../../../../arm-none-eabi/lib/thumb/v6-m/nofp\libc.a(lib_a-mprec.o)
                0x1000f9e0                __multiply
 .text.__pow5mult
                0x1000fb84       0xd8 c:/progra~2/gnuarm~1/102021~1.10/bin/../lib/gcc/arm-none-eabi/10.3.1/../../../../arm-none-eabi/lib/thumb/v6-m/nofp\libc.a(lib_a-mprec.o)
                0x1000fb84                __pow5mult
 .text.__lshift
                0x1000fc5c       0xfc c:/progra~2/gnuarm~1/102021~1.10/bin/../lib/gcc/arm-none-eabi/10.3.1/../../../../arm-none-eabi/lib/thumb/v6-m/nofp\libc.a(lib_a-mprec.o)
                0x1000fc5c                __lshift
 .text.__mcmp   0x1000fd58       0x34 c:/progra~2/gnuarm~1/102021~1.10/bin/../lib/gcc/arm-none-eabi/10.3.1/../../../../arm-none-eabi/lib/thumb/v6-m/nofp\libc.a(lib_a-mprec.o)
                0x1000fd58                __mcmp
 .text.__mdiff  0x1000fd8c      0x18c c:/progra~2/gnuarm~1/102021~1.10/bin/../lib/gcc/arm-none-eabi/10.3.1/../../../../arm-none-eabi/lib/thumb/v6-m/nofp\libc.a(lib_a-mprec.o)
                0x1000fd8c                __mdiff
 .text.__ulp    0x1000ff18       0x48 c:/progra~2/gnuarm~1/102021~1.10/bin/../lib/gcc/arm-none-eabi/10.3.1/../../../../arm-none-eabi/lib/thumb/v6-m/nofp\libc.a(lib_a-mprec.o)
                0x1000ff18                __ulp
 .text.__b2d    0x1000ff60       0xc8 c:/progra~2/gnuarm~1/102021~1.10/bin/../lib/gcc/arm-none-eabi/10.3.1/../../../../arm-none-eabi/lib/thumb/v6-m/nofp\libc.a(lib_a-mprec.o)
                0x1000ff60                __b2d
 .text.__d2b    0x10010028       0xd8 c:/progra~2/gnuarm~1/102021~1.10/bin/../lib/gcc/arm-none-eabi/10.3.1/../../../../arm-none-eabi/lib/thumb/v6-m/nofp\libc.a(lib_a-mprec.o)
                0x10010028                __d2b
 .text.__ratio  0x10010100       0x68 c:/progra~2/gnuarm~1/102021~1.10/bin/../lib/gcc/arm-none-eabi/10.3.1/../../../../arm-none-eabi/lib/thumb/v6-m/nofp\libc.a(lib_a-mprec.o)
                0x10010100                __ratio
 .text.__copybits
                0x10010168       0x40 c:/progra~2/gnuarm~1/102021~1.10/bin/../lib/gcc/arm-none-eabi/10.3.1/../../../../arm-none-eabi/lib/thumb/v6-m/nofp\libc.a(lib_a-mprec.o)
                0x10010168                __copybits
 .text.__any_on
                0x100101a8       0x50 c:/progra~2/gnuarm~1/102021~1.10/bin/../lib/gcc/arm-none-eabi/10.3.1/../../../../arm-none-eabi/lib/thumb/v6-m/nofp\libc.a(lib_a-mprec.o)
                0x100101a8                __any_on
 .text._read_r  0x100101f8       0x28 c:/progra~2/gnuarm~1/102021~1.10/bin/../lib/gcc/arm-none-eabi/10.3.1/../../../../arm-none-eabi/lib/thumb/v6-m/nofp\libc.a(lib_a-readr.o)
                0x100101f8                _read_r
 .text.nan      0x10010220        0xc c:/progra~2/gnuarm~1/102021~1.10/bin/../lib/gcc/arm-none-eabi/10.3.1/../../../../arm-none-eabi/lib/thumb/v6-m/nofp\libc.a(lib_a-s_nan.o)
                0x10010220                nan
 .text.strncmp  0x1001022c       0x74 c:/progra~2/gnuarm~1/102021~1.10/bin/../lib/gcc/arm-none-eabi/10.3.1/../../../../arm-none-eabi/lib/thumb/v6-m/nofp\libc.a(lib_a-strncmp.o)
                0x1001022c                strncmp
 .text._fstat_r
                0x100102a0       0x28 c:/progra~2/gnuarm~1/102021~1.10/bin/../lib/gcc/arm-none-eabi/10.3.1/../../../../arm-none-eabi/lib/thumb/v6-m/nofp\libc.a(lib_a-fstatr.o)
                0x100102a0                _fstat_r
 .text._isatty_r
                0x100102c8       0x24 c:/progra~2/gnuarm~1/102021~1.10/bin/../lib/gcc/arm-none-eabi/10.3.1/../../../../arm-none-eabi/lib/thumb/v6-m/nofp\libc.a(lib_a-isattyr.o)
                0x100102c8                _isatty_r
 .text._close   0x100102ec       0x10 c:/progra~2/gnuarm~1/102021~1.10/bin/../lib/gcc/arm-none-eabi/10.3.1/../../../../arm-none-eabi/lib/thumb/v6-m/nofp\libnosys.a(close.o)
                0x100102ec                _close
 .text._fstat   0x100102fc       0x10 c:/progra~2/gnuarm~1/102021~1.10/bin/../lib/gcc/arm-none-eabi/10.3.1/../../../../arm-none-eabi/lib/thumb/v6-m/nofp\libnosys.a(fstat.o)
                0x100102fc                _fstat
 .text._isatty  0x1001030c       0x10 c:/progra~2/gnuarm~1/102021~1.10/bin/../lib/gcc/arm-none-eabi/10.3.1/../../../../arm-none-eabi/lib/thumb/v6-m/nofp\libnosys.a(isatty.o)
                0x1001030c                _isatty
 .text._lseek   0x1001031c       0x10 c:/progra~2/gnuarm~1/102021~1.10/bin/../lib/gcc/arm-none-eabi/10.3.1/../../../../arm-none-eabi/lib/thumb/v6-m/nofp\libnosys.a(lseek.o)
                0x1001031c                _lseek
 *(.fini)
 .fini          0x1001032c        0x4 c:/progra~2/gnuarm~1/102021~1.10/bin/../lib/gcc/arm-none-eabi/10.3.1/thumb/v6-m/nofp/crti.o
                0x1001032c                _fini
 .fini.__stub   0x10010330       0x80 linker stubs
 *crtbegin.o(.ctors)
 *crtbegin?.o(.ctors)
 *(EXCLUDE_FILE(*crtend.o *crtend?.o) .ctors)
 *(SORT_BY_NAME(.ctors.*))
 *(.ctors)
 *crtbegin.o(.dtors)
 *crtbegin?.o(.dtors)
 *(EXCLUDE_FILE(*crtend.o *crtend?.o) .dtors)
 *(SORT_BY_NAME(.dtors.*))
 *(.dtors)
 *(.eh_frame*)
 .eh_frame      0x100103b0        0x0 c:/progra~2/gnuarm~1/102021~1.10/bin/../lib/gcc/arm-none-eabi/10.3.1/thumb/v6-m/nofp/crtbegin.o
                0x100103b0                . = ALIGN (0x4)

.glue_7         0x100103b0        0x0
 .glue_7        0x100103b0        0x0 linker stubs

.glue_7t        0x100103b0        0x0
 .glue_7t       0x100103b0        0x0 linker stubs

.vfp11_veneer   0x100103b0        0x0
 .vfp11_veneer  0x100103b0        0x0 linker stubs

.v4_bx          0x100103b0        0x0
 .v4_bx         0x100103b0        0x0 linker stubs

.iplt           0x100103b0        0x0
 .iplt          0x100103b0        0x0 c:/progra~2/gnuarm~1/102021~1.10/bin/../lib/gcc/arm-none-eabi/10.3.1/thumb/v6-m/nofp/crtbegin.o

.rodata         0x100103b0      0xfec
 *(EXCLUDE_FILE(*libm.a: *libc.a:*lib_a-mem*.o *libgcc.a:) .rodata*)
 .rodata._Z9text_taskPv.str1.4
                0x100103b0        0xc CMakeFiles/ykp74.dir/main.cpp.obj
 .rodata.main.str1.4
                0x100103bc       0x81 CMakeFiles/ykp74.dir/main.cpp.obj
 *fill*         0x1001043d        0x3 
 .rodata._Z12SSD1306_initv.str1.4
                0x10010440       0x2e CMakeFiles/ykp74.dir/ssd1306.cpp.obj
 *fill*         0x1001046e        0x2 
 .rodata        0x10010470       0x27 CMakeFiles/ykp74.dir/ssd1306.cpp.obj
 *fill*         0x10010497        0x1 
 .rodata.spin_lock_claim_unused.str1.4
                0x10010498       0x1b CMakeFiles/ykp74.dir/C_/Users/ykp74_desk/Documents/_Pico/pico-sdk/src/rp2_common/hardware_sync/sync.c.obj
 *fill*         0x100104b3        0x1 
 .rodata.user_irq_claim_unused.str1.4
                0x100104b4       0x1b CMakeFiles/ykp74.dir/C_/Users/ykp74_desk/Documents/_Pico/pico-sdk/src/rp2_common/hardware_irq/irq.c.obj
 *fill*         0x100104cf        0x1 
 .rodata.at_the_end_of_time
                0x100104d0        0x8 CMakeFiles/ykp74.dir/C_/Users/ykp74_desk/Documents/_Pico/pico-sdk/src/common/pico_time/time.c.obj
                0x100104d0                at_the_end_of_time
 .rodata.hardware_alarm_claim.str1.4
                0x100104d8       0x22 CMakeFiles/ykp74.dir/C_/Users/ykp74_desk/Documents/_Pico/pico-sdk/src/rp2_common/hardware_timer/timer.c.obj
 *fill*         0x100104fa        0x2 
 .rodata.__assert_func.str1.4
                0x100104fc       0x3f CMakeFiles/ykp74.dir/C_/Users/ykp74_desk/Documents/_Pico/pico-sdk/src/rp2_common/pico_runtime/runtime.c.obj
                                 0x43 (size before relaxing)
 *fill*         0x1001053b        0x1 
 .rodata.panic.str1.4
                0x1001053c       0x10 CMakeFiles/ykp74.dir/C_/Users/ykp74_desk/Documents/_Pico/pico-sdk/src/rp2_common/pico_runtime/runtime.c.obj
                                 0x12 (size before relaxing)
 .rodata.hard_assertion_failure.str1.4
                0x1001054c        0xc CMakeFiles/ykp74.dir/C_/Users/ykp74_desk/Documents/_Pico/pico-sdk/src/rp2_common/pico_runtime/runtime.c.obj
 .rodata._ftoa.str1.4
                0x10010558       0x15 CMakeFiles/ykp74.dir/C_/Users/ykp74_desk/Documents/_Pico/pico-sdk/src/rp2_common/pico_printf/printf.c.obj
 *fill*         0x1001056d        0x3 
 .rodata._vsnprintf
                0x10010570      0x1e0 CMakeFiles/ykp74.dir/C_/Users/ykp74_desk/Documents/_Pico/pico-sdk/src/rp2_common/pico_printf/printf.c.obj
 .rodata.pow10.0
                0x10010750       0x50 CMakeFiles/ykp74.dir/C_/Users/ykp74_desk/Documents/_Pico/pico-sdk/src/rp2_common/pico_printf/printf.c.obj
 .rodata.__wrap_malloc.str1.4
                0x100107a0        0xe CMakeFiles/ykp74.dir/C_/Users/ykp74_desk/Documents/_Pico/pico-sdk/src/rp2_common/pico_malloc/pico_malloc.c.obj
 *fill*         0x100107ae        0x2 
 .rodata.str1.4
                0x100107b0       0x3c CMakeFiles/ykp74.dir/C_/Users/ykp74_desk/Documents/_Pico/pico-sdk/src/rp2_common/pico_standard_link/binary_info.c.obj
 .rodata.__bi_44
                0x100107ec        0xc CMakeFiles/ykp74.dir/C_/Users/ykp74_desk/Documents/_Pico/pico-sdk/src/rp2_common/pico_standard_link/binary_info.c.obj
 .rodata.__bi_75
                0x100107f8        0xc CMakeFiles/ykp74.dir/C_/Users/ykp74_desk/Documents/_Pico/pico-sdk/src/rp2_common/pico_standard_link/binary_info.c.obj
 .rodata.__bi_81
                0x10010804        0xc CMakeFiles/ykp74.dir/C_/Users/ykp74_desk/Documents/_Pico/pico-sdk/src/rp2_common/pico_standard_link/binary_info.c.obj
 .rodata.crlf_str.0
                0x10010810        0x2 CMakeFiles/ykp74.dir/C_/Users/ykp74_desk/Documents/_Pico/pico-sdk/src/rp2_common/pico_stdio/stdio.c.obj
 *fill*         0x10010812        0x2 
 .rodata._resetd_driver
                0x10010814       0x18 CMakeFiles/ykp74.dir/C_/Users/ykp74_desk/Documents/_Pico/pico-sdk/src/rp2_common/pico_stdio_usb/reset_interface.c.obj
 .rodata.str1.4
                0x1001082c       0x13 CMakeFiles/ykp74.dir/C_/Users/ykp74_desk/Documents/_Pico/pico-sdk/src/rp2_common/pico_stdio_usb/stdio_usb.c.obj
 *fill*         0x1001083f        0x1 
 .rodata.__bi_118.0
                0x10010840        0xc CMakeFiles/ykp74.dir/C_/Users/ykp74_desk/Documents/_Pico/pico-sdk/src/rp2_common/pico_stdio_usb/stdio_usb.c.obj
 .rodata.str1.4
                0x1001084c       0x2a CMakeFiles/ykp74.dir/C_/Users/ykp74_desk/Documents/_Pico/pico-sdk/src/rp2_common/pico_stdio_usb/stdio_usb_descriptors.c.obj
 *fill*         0x10010876        0x2 
 .rodata.usbd_desc_cfg
                0x10010878       0x54 CMakeFiles/ykp74.dir/C_/Users/ykp74_desk/Documents/_Pico/pico-sdk/src/rp2_common/pico_stdio_usb/stdio_usb_descriptors.c.obj
 .rodata.usbd_desc_device
                0x100108cc       0x12 CMakeFiles/ykp74.dir/C_/Users/ykp74_desk/Documents/_Pico/pico-sdk/src/rp2_common/pico_stdio_usb/stdio_usb_descriptors.c.obj
 *fill*         0x100108de        0x2 
 .rodata.usbd_desc_str
                0x100108e0       0x18 CMakeFiles/ykp74.dir/C_/Users/ykp74_desk/Documents/_Pico/pico-sdk/src/rp2_common/pico_stdio_usb/stdio_usb_descriptors.c.obj
 .rodata.dcd_rp2040_irq.str1.4
                0x100108f8       0x14 CMakeFiles/ykp74.dir/C_/Users/ykp74_desk/Documents/_Pico/pico-sdk/lib/tinyusb/src/portable/raspberrypi/rp2040/dcd_rp2040.c.obj
 .rodata._hw_endpoint_buffer_control_update32.part.0.isra.0.str1.4
                0x1001090c       0x1f CMakeFiles/ykp74.dir/C_/Users/ykp74_desk/Documents/_Pico/pico-sdk/lib/tinyusb/src/portable/raspberrypi/rp2040/rp2040_usb.c.obj
 *fill*         0x1001092b        0x1 
 .rodata.hw_endpoint_xfer_continue.str1.4
                0x1001092c       0x29 CMakeFiles/ykp74.dir/C_/Users/ykp74_desk/Documents/_Pico/pico-sdk/lib/tinyusb/src/portable/raspberrypi/rp2040/rp2040_usb.c.obj
 *fill*         0x10010955        0x3 
 .rodata.str1.4
                0x10010958        0x7 CMakeFiles/ykp74.dir/C_/Users/ykp74_desk/Documents/_Pico/pico-sdk/lib/tinyusb/src/portable/raspberrypi/rp2040/rp2040_usb.c.obj
 *fill*         0x1001095f        0x1 
 .rodata.tud_task
                0x10010960       0x8c CMakeFiles/ykp74.dir/C_/Users/ykp74_desk/Documents/_Pico/pico-sdk/lib/tinyusb/src/device/usbd.c.obj
 .rodata._usbd_driver
                0x100109ec       0x18 CMakeFiles/ykp74.dir/C_/Users/ykp74_desk/Documents/_Pico/pico-sdk/lib/tinyusb/src/device/usbd.c.obj
 .rodata        0x10010a04       0x28 freertos\libfreertos.a(timers.c.obj)
 .rodata.str1.4
                0x10010a2c       0x10 freertos\libfreertos.a(timers.c.obj)
 .rodata._global_impure_ptr
                0x10010a3c        0x4 c:/progra~2/gnuarm~1/102021~1.10/bin/../lib/gcc/arm-none-eabi/10.3.1/../../../../arm-none-eabi/lib/thumb/v6-m/nofp\libc.a(lib_a-impure.o)
                0x10010a3c                _global_impure_ptr
 .rodata.__svfscanf_r.str1.4
                0x10010a40        0x5 c:/progra~2/gnuarm~1/102021~1.10/bin/../lib/gcc/arm-none-eabi/10.3.1/../../../../arm-none-eabi/lib/thumb/v6-m/nofp\libc.a(lib_a-vfscanf.o)
                                  0x9 (size before relaxing)
 *fill*         0x10010a45        0x3 
 .rodata.__svfscanf_r
                0x10010a48      0x3cc c:/progra~2/gnuarm~1/102021~1.10/bin/../lib/gcc/arm-none-eabi/10.3.1/../../../../arm-none-eabi/lib/thumb/v6-m/nofp\libc.a(lib_a-vfscanf.o)
 .rodata.basefix.0
                0x10010e14       0x22 c:/progra~2/gnuarm~1/102021~1.10/bin/../lib/gcc/arm-none-eabi/10.3.1/../../../../arm-none-eabi/lib/thumb/v6-m/nofp\libc.a(lib_a-vfscanf.o)
 *fill*         0x10010e36        0x2 
 .rodata._ctype_
                0x10010e38      0x101 c:/progra~2/gnuarm~1/102021~1.10/bin/../lib/gcc/arm-none-eabi/10.3.1/../../../../arm-none-eabi/lib/thumb/v6-m/nofp\libc.a(lib_a-ctype_.o)
                0x10010e38                _ctype_
 *fill*         0x10010f39        0x3 
 .rodata._setlocale_r.str1.4
                0x10010f3c        0x6 c:/progra~2/gnuarm~1/102021~1.10/bin/../lib/gcc/arm-none-eabi/10.3.1/../../../../arm-none-eabi/lib/thumb/v6-m/nofp\libc.a(lib_a-locale.o)
                                  0xd (size before relaxing)
 *fill*         0x10010f42        0x2 
 .rodata.str1.4
                0x10010f44        0x2 c:/progra~2/gnuarm~1/102021~1.10/bin/../lib/gcc/arm-none-eabi/10.3.1/../../../../arm-none-eabi/lib/thumb/v6-m/nofp\libc.a(lib_a-locale.o)
 .rodata._mbrtowc_r.str1.4
                0x10010f46        0x1 c:/progra~2/gnuarm~1/102021~1.10/bin/../lib/gcc/arm-none-eabi/10.3.1/../../../../arm-none-eabi/lib/thumb/v6-m/nofp\libc.a(lib_a-mbrtowc.o)
 *fill*         0x10010f46        0x2 
 .rodata._strtod_l.str1.4
                0x10010f48        0xf c:/progra~2/gnuarm~1/102021~1.10/bin/../lib/gcc/arm-none-eabi/10.3.1/../../../../arm-none-eabi/lib/thumb/v6-m/nofp\libc.a(lib_a-strtod.o)
                                 0x11 (size before relaxing)
 *fill*         0x10010f57        0x1 
 .rodata._strtod_l