Archive member included to satisfy reference by file (symbol)

freertos\libfreertos.a(tasks.c.obj)
                              CMakeFiles/ykp74.dir/main.cpp.obj (xTaskCreate)
freertos\libfreertos.a(timers.c.obj)
                              freertos\libfreertos.a(tasks.c.obj) (xTimerCreateTimerTask)
freertos\libfreertos.a(heap_3.c.obj)
                              freertos\libfreertos.a(tasks.c.obj) (pvPortMalloc)
freertos\libfreertos.a(port.c.obj)
                              freertos\libfreertos.a(tasks.c.obj) (pxPortInitialiseStack)
freertos\libfreertos.a(list.c.obj)
                              freertos\libfreertos.a(tasks.c.obj) (vListInitialise)
freertos\libfreertos.a(queue.c.obj)
                              freertos\libfreertos.a(timers.c.obj) (xQueueGenericCreate)
c:/progra~2/gnuarm~1/102021~1.10/bin/../lib/gcc/arm-none-eabi/10.3.1/thumb/v6-m/nofp\libgcc.a(_dvmd_tls.o)
                              CMakeFiles/ykp74.dir/C_/Users/ykp74_desk/Documents/_Pico/pico-sdk/src/rp2_common/pico_divider/divider.S.obj (__aeabi_idiv0)
c:/progra~2/gnuarm~1/102021~1.10/bin/../lib/gcc/arm-none-eabi/10.3.1/../../../../arm-none-eabi/lib/thumb/v6-m/nofp\libc.a(lib_a-calloc.o)
                              CMakeFiles/ykp74.dir/C_/Users/ykp74_desk/Documents/_Pico/pico-sdk/src/rp2_common/pico_malloc/pico_malloc.c.obj (calloc)
c:/progra~2/gnuarm~1/102021~1.10/bin/../lib/gcc/arm-none-eabi/10.3.1/../../../../arm-none-eabi/lib/thumb/v6-m/nofp\libc.a(lib_a-callocr.o)
                              c:/progra~2/gnuarm~1/102021~1.10/bin/../lib/gcc/arm-none-eabi/10.3.1/../../../../arm-none-eabi/lib/thumb/v6-m/nofp\libc.a(lib_a-calloc.o) (_calloc_r)
c:/progra~2/gnuarm~1/102021~1.10/bin/../lib/gcc/arm-none-eabi/10.3.1/../../../../arm-none-eabi/lib/thumb/v6-m/nofp\libc.a(lib_a-errno.o)
                              c:/progra~2/gnuarm~1/102021~1.10/bin/../lib/gcc/arm-none-eabi/10.3.1/../../../../arm-none-eabi/lib/thumb/v6-m/nofp\libc.a(lib_a-callocr.o) (__errno)
c:/progra~2/gnuarm~1/102021~1.10/bin/../lib/gcc/arm-none-eabi/10.3.1/../../../../arm-none-eabi/lib/thumb/v6-m/nofp\libc.a(lib_a-impure.o)
                              c:/progra~2/gnuarm~1/102021~1.10/bin/../lib/gcc/arm-none-eabi/10.3.1/../../../../arm-none-eabi/lib/thumb/v6-m/nofp\libc.a(lib_a-calloc.o) (_impure_ptr)
c:/progra~2/gnuarm~1/102021~1.10/bin/../lib/gcc/arm-none-eabi/10.3.1/../../../../arm-none-eabi/lib/thumb/v6-m/nofp\libc.a(lib_a-init.o)
                              c:/progra~2/gnuarm~1/102021~1.10/bin/../lib/gcc/arm-none-eabi/10.3.1/../../../../arm-none-eabi/lib/thumb/v6-m/nofp/crt0.o (__libc_init_array)
c:/progra~2/gnuarm~1/102021~1.10/bin/../lib/gcc/arm-none-eabi/10.3.1/../../../../arm-none-eabi/lib/thumb/v6-m/nofp\libc.a(lib_a-malloc.o)
                              CMakeFiles/ykp74.dir/C_/Users/ykp74_desk/Documents/_Pico/pico-sdk/src/rp2_common/pico_malloc/pico_malloc.c.obj (malloc)
c:/progra~2/gnuarm~1/102021~1.10/bin/../lib/gcc/arm-none-eabi/10.3.1/../../../../arm-none-eabi/lib/thumb/v6-m/nofp\libc.a(lib_a-mallocr.o)
                              c:/progra~2/gnuarm~1/102021~1.10/bin/../lib/gcc/arm-none-eabi/10.3.1/../../../../arm-none-eabi/lib/thumb/v6-m/nofp\libc.a(lib_a-callocr.o) (_malloc_r)
c:/progra~2/gnuarm~1/102021~1.10/bin/../lib/gcc/arm-none-eabi/10.3.1/../../../../arm-none-eabi/lib/thumb/v6-m/nofp\libc.a(lib_a-mlock.o)
                              c:/progra~2/gnuarm~1/102021~1.10/bin/../lib/gcc/arm-none-eabi/10.3.1/../../../../arm-none-eabi/lib/thumb/v6-m/nofp\libc.a(lib_a-mallocr.o) (__malloc_lock)
c:/progra~2/gnuarm~1/102021~1.10/bin/../lib/gcc/arm-none-eabi/10.3.1/../../../../arm-none-eabi/lib/thumb/v6-m/nofp\libc.a(lib_a-realloc.o)
                              CMakeFiles/ykp74.dir/C_/Users/ykp74_desk/Documents/_Pico/pico-sdk/src/rp2_common/pico_malloc/pico_malloc.c.obj (realloc)
c:/progra~2/gnuarm~1/102021~1.10/bin/../lib/gcc/arm-none-eabi/10.3.1/../../../../arm-none-eabi/lib/thumb/v6-m/nofp\libc.a(lib_a-reallocr.o)
                              c:/progra~2/gnuarm~1/102021~1.10/bin/../lib/gcc/arm-none-eabi/10.3.1/../../../../arm-none-eabi/lib/thumb/v6-m/nofp\libc.a(lib_a-realloc.o) (_realloc_r)
c:/progra~2/gnuarm~1/102021~1.10/bin/../lib/gcc/arm-none-eabi/10.3.1/../../../../arm-none-eabi/lib/thumb/v6-m/nofp\libc.a(lib_a-sbrkr.o)
                              c:/progra~2/gnuarm~1/102021~1.10/bin/../lib/gcc/arm-none-eabi/10.3.1/../../../../arm-none-eabi/lib/thumb/v6-m/nofp\libc.a(lib_a-mallocr.o) (_sbrk_r)
c:/progra~2/gnuarm~1/102021~1.10/bin/../lib/gcc/arm-none-eabi/10.3.1/../../../../arm-none-eabi/lib/thumb/v6-m/nofp\libc.a(lib_a-scanf.o)
                              CMakeFiles/ykp74.dir/main.cpp.obj (scanf)
c:/progra~2/gnuarm~1/102021~1.10/bin/../lib/gcc/arm-none-eabi/10.3.1/../../../../arm-none-eabi/lib/thumb/v6-m/nofp\libc.a(lib_a-strlen-stub.o)
                              CMakeFiles/ykp74.dir/ssd1306.cpp.obj (strlen)
[...]
Memory Configuration

Name             Origin             Length             Attributes
FLASH            0x10000000         0x00200000         xr
RAM              0x20000000         0x00040000         xrw
SCRATCH_X        0x20040000         0x00001000         xrw
SCRATCH_Y        0x20041000         0x00001000         xrw
*default*        0x00000000         0xffffffff

Linker script and memory map

LOAD c:/progra~2/gnuarm~1/102021~1.10/bin/../lib/gcc/arm-none-eabi/10.3.1/thumb/v6-m/nofp/crti.o
LOAD c:/progra~2/gnuarm~1/102021~1.10/bin/../lib/gcc/arm-none-eabi/10.3.1/thumb/v6-m/nofp/crtbegin.o
LOAD c:/progra~2/gnuarm~1/102021~1.10/bin/../lib/gcc/arm-none-eabi/10.3.1/../../../../arm-none-eabi/lib/thumb/v6-m/nofp/crt0.o

.flash_begin    0x10000000        0x0
                0x10000000                __flash_binary_start = .

.boot2          0x10000000      0x100
                0x10000000                __boot2_start__ = .
 *(.boot2)
 .boot2         0x10000000      0x100 C:\Users\YKP74_~1\AppData\Local\Temp\cccmSUuY.o
                0x10000100                __boot2_end__ = .
                0x00000001                ASSERT (((__boot2_end__ - __boot2_start__) == 0x100), ERROR: Pico second stage bootloader must be 256 bytes in size)

.text           0x10000100    0x101b0
                0x10000100                __logical_binary_start = .
 *(.vectors)
 .vectors       0x10000100       0xd4 CMakeFiles/ykp74.dir/C_/Users/ykp74_desk/Documents/_Pico/pico-sdk/src/rp2_common/pico_standard_link/crt0.S.obj
                0x10000100                __vectors
                0x10000100                __VECTOR_TABLE
                0x100001c0                isr_invalid
                0x100001c0                __default_isrs_start
                0x100001c2                isr_nmi
                0x100001c4                isr_hardfault
                0x100001cc                isr_irq11
                0x100001cc                isr_irq23
                0x100001cc                isr_irq18
                0x100001cc                isr_irq5
                0x100001cc                isr_irq31
                0x100001cc                isr_irq27
                0x100001cc                isr_irq19
                0x100001cc                isr_irq0
                0x100001cc                isr_irq6
                0x100001cc                isr_irq13
                0x100001cc                isr_irq12
                0x100001cc                isr_irq22
                0x100001cc                __unhandled_user_irq
                0x100001cc                isr_irq17
                0x100001cc                isr_irq14
                0x100001cc                isr_irq28
                0x100001cc                isr_irq2
                0x100001cc                isr_irq10
                0x100001cc                isr_irq8
                0x100001cc                isr_irq24
                0x100001cc                isr_irq1
                0x100001cc                isr_irq7
                0x100001cc                isr_irq21
                0x100001cc                isr_irq20
                0x100001cc                isr_irq15
                0x100001cc                isr_irq25
                0x100001cc                isr_irq30
                0x100001cc                isr_irq4
                0x100001cc                isr_irq16
                0x100001cc                isr_irq29
                0x100001cc                isr_irq26
                0x100001cc                __default_isrs_end
                0x100001cc                isr_irq3
                0x100001cc                isr_irq9
                0x100001d2                unhandled_user_irq_num_in_r0
 *(.binary_info_header)
 .binary_info_header
                0x100001d4       0x14 CMakeFiles/ykp74.dir/C_/Users/ykp74_desk/Documents/_Pico/pico-sdk/src/rp2_common/pico_standard_link/crt0.S.obj
                0x100001e8                __binary_info_header_end = .
 *(.reset)
 .reset         0x100001e8       0xa8 CMakeFiles/ykp74.dir/C_/Users/ykp74_desk/Documents/_Pico/pico-sdk/src/rp2_common/pico_standard_link/crt0.S.obj
                0x100001e8                _entry_point
                0x10000266                __get_current_exception
 .reset         0x10000290       0x30 CMakeFiles/ykp74.dir/C_/Users/ykp74_desk/Documents/_Pico/pico-sdk/src/rp2_common/pico_standard_link/binary_info.c.obj
 *(.init)
 .init          0x100002c0        0x4 c:/progra~2/gnuarm~1/102021~1.10/bin/../lib/gcc/arm-none-eabi/10.3.1/thumb/v6-m/nofp/crti.o
                0x100002c0                _init
 *(EXCLUDE_FILE(*libm.a: *libc.a:*lib_a-mem*.o *libgcc.a:) .text*)
 .text          0x100002c4       0x48 c:/progra~2/gnuarm~1/102021~1.10/bin/../lib/gcc/arm-none-eabi/10.3.1/thumb/v6-m/nofp/crtbegin.o
 .text._Z8led_taskPv
                0x1000030c       0x1c CMakeFiles/ykp74.dir/main.cpp.obj
                0x1000030c                led_task(void*)
 .text._Z10input_taskPv
                0x10000328       0x4c CMakeFiles/ykp74.dir/main.cpp.obj
                0x10000328                input_task(void*)
 .text._Z9text_taskPv
                0x10000374       0xe8 CMakeFiles/ykp74.dir/main.cpp.obj
                0x10000374                text_task(void*)
 .text.startup.main
                0x1000045c       0xa0 CMakeFiles/ykp74.dir/main.cpp.obj
                0x1000045c                main
 .text.startup._GLOBAL__sub_I_myDisplay
                0x100004fc       0x10 CMakeFiles/ykp74.dir/main.cpp.obj
 .text._Z12SSD1306_initv
                0x1000050c       0x44 CMakeFiles/ykp74.dir/ssd1306.cpp.obj
                0x1000050c                SSD1306_init()
 .text._ZN7SSD1306C2Ev
                0x10000550       0x84 CMakeFiles/ykp74.dir/ssd1306.cpp.obj
                0x10000550                SSD1306::SSD1306()
                0x10000550                SSD1306::SSD1306()
 .text._ZN7SSD130611textDisplayEPKc
                0x100005d4      0x2b8 CMakeFiles/ykp74.dir/ssd1306.cpp.obj
                0x100005d4                SSD1306::textDisplay(char const*)
 .text._ZN7SSD130611setWordWrapEi
                0x1000088c        0xc CMakeFiles/ykp74.dir/ssd1306.cpp.obj
                0x1000088c                SSD1306::setWordWrap(int)
 .text._ZN7SSD130614setDisplayModeENS_4ModeE
                0x10000898        0x8 CMakeFiles/ykp74.dir/ssd1306.cpp.obj
                0x10000898                SSD1306::setDisplayMode(SSD1306::Mode)
 .text.gpio_set_function
                0x100008a0       0x30 CMakeFiles/ykp74.dir/C_/Users/ykp74_desk/Documents/_Pico/pico-sdk/src/rp2_common/hardware_gpio/gpio.c.obj
                0x100008a0                gpio_set_function
 .text.gpio_set_pulls
                0x100008d0       0x30 CMakeFiles/ykp74.dir/C_/Users/ykp74_desk/Documents/_Pico/pico-sdk/src/rp2_common/hardware_gpio/gpio.c.obj
                0x100008d0                gpio_set_pulls
 .text.gpio_init
                0x10000900       0x3c CMakeFiles/ykp74.dir/C_/Users/ykp74_desk/Documents/_Pico/pico-sdk/src/rp2_common/hardware_gpio/gpio.c.obj
                0x10000900                gpio_init
 .text.hw_claim_or_assert
                0x1000093c       0x44 CMakeFiles/ykp74.dir/C_/Users/ykp74_desk/Documents/_Pico/pico-sdk/src/rp2_common/hardware_claim/claim.c.obj
                0x1000093c                hw_claim_or_assert
 .text.hw_claim_unused_from_range
                0x10000980       0x9c CMakeFiles/ykp74.dir/C_/Users/ykp74_desk/Documents/_Pico/pico-sdk/src/rp2_common/hardware_claim/claim.c.obj
                0x10000980                hw_claim_unused_from_range
 .text.running_on_fpga
                0x10000a1c       0x10 CMakeFiles/ykp74.dir/C_/Users/ykp74_desk/Documents/_Pico/pico-sdk/src/rp2_common/pico_platform/platform.c.obj
                0x10000a1c                running_on_fpga
 .text.spin_locks_reset
                0x10000a2c       0x1c CMakeFiles/ykp74.dir/C_/Users/ykp74_desk/Documents/_Pico/pico-sdk/src/rp2_common/hardware_sync/sync.c.obj
                0x10000a2c                spin_locks_reset
 .text.next_striped_spin_lock_num
                0x10000a48       0x18 CMakeFiles/ykp74.dir/C_/Users/ykp74_desk/Documents/_Pico/pico-sdk/src/rp2_common/hardware_sync/sync.c.obj
                0x10000a48                next_striped_spin_lock_num
 .text.spin_lock_claim_unused
                0x10000a60       0x20 CMakeFiles/ykp74.dir/C_/Users/ykp74_desk/Documents/_Pico/pico-sdk/src/rp2_common/hardware_sync/sync.c.obj
                0x10000a60                spin_lock_claim_unused
 .text.irq_set_enabled
                0x10000a80       0x24 CMakeFiles/ykp74.dir/C_/Users/ykp74_desk/Documents/_Pico/pico-sdk/src/rp2_common/hardware_irq/irq.c.obj
                0x10000a80                irq_set_enabled
 .text.irq_set_pending
                0x10000aa4       0x10 CMakeFiles/ykp74.dir/C_/Users/ykp74_desk/Documents/_Pico/pico-sdk/src/rp2_common/hardware_irq/irq.c.obj
                0x10000aa4                irq_set_pending
 .text.irq_has_shared_handler
                0x10000ab4       0x2c CMakeFiles/ykp74.dir/C_/Users/ykp74_desk/Documents/_Pico/pico-sdk/src/rp2_common/hardware_irq/irq.c.obj
                0x10000ab4                irq_has_shared_handler
 .text.irq_get_vtable_handler
                0x10000ae0       0x10 CMakeFiles/ykp74.dir/C_/Users/ykp74_desk/Documents/_Pico/pico-sdk/src/rp2_common/hardware_irq/irq.c.obj
                0x10000ae0                irq_get_vtable_handler
 .text.irq_set_exclusive_handler
                0x10000af0       0x54 CMakeFiles/ykp74.dir/C_/Users/ykp74_desk/Documents/_Pico/pico-sdk/src/rp2_common/hardware_irq/irq.c.obj
                0x10000af0                irq_set_exclusive_handler
 .text.irq_add_shared_handler
                0x10000b44      0x1e4 CMakeFiles/ykp74.dir/C_/Users/ykp74_desk/Documents/_Pico/pico-sdk/src/rp2_common/hardware_irq/irq.c.obj
                0x10000b44                irq_add_shared_handler
 .text.irq_remove_handler
                0x10000d28      0x1b4 CMakeFiles/ykp74.dir/C_/Users/ykp74_desk/Documents/_Pico/pico-sdk/src/rp2_common/hardware_irq/irq.c.obj
                0x10000d28                irq_remove_handler
 .text.irq_add_tail_to_free_list
                0x10000edc       0xb4 CMakeFiles/ykp74.dir/C_/Users/ykp74_desk/Documents/_Pico/pico-sdk/src/rp2_common/hardware_irq/irq.c.obj
                0x10000edc                irq_add_tail_to_free_list
 .text.irq_init_priorities
                0x10000f90       0x24 CMakeFiles/ykp74.dir/C_/Users/ykp74_desk/Documents/_Pico/pico-sdk/src/rp2_common/hardware_irq/irq.c.obj
                0x10000f90                irq_init_priorities
 .text.user_irq_claim_unused
                0x10000fb4       0x30 CMakeFiles/ykp74.dir/C_/Users/ykp74_desk/Documents/_Pico/pico-sdk/src/rp2_common/hardware_irq/irq.c.obj
                0x10000fb4                user_irq_claim_unused
 .text.lock_init
                0x10000fe4       0x10 CMakeFiles/ykp74.dir/C_/Users/ykp74_desk/Documents/_Pico/pico-sdk/src/common/pico_sync/lock_core.c.obj
                0x10000fe4                lock_init
 .text.timer_pool_entry_comparator
                0x10000ff4       0x34 CMakeFiles/ykp74.dir/C_/Users/ykp74_desk/Documents/_Pico/pico-sdk/src/common/pico_time/time.c.obj
                0x10000ff4                timer_pool_entry_comparator
 .text.sleep_until_callback
                0x10001028       0x30 CMakeFiles/ykp74.dir/C_/Users/ykp74_desk/Documents/_Pico/pico-sdk/src/common/pico_time/time.c.obj
 .text.add_alarm_under_lock.isra.0
                0x10001058      0x100 CMakeFiles/ykp74.dir/C_/Users/ykp74_desk/Documents/_Pico/pico-sdk/src/common/pico_time/time.c.obj
 .text.alarm_pool_alarm_callback
                0x10001158      0x1c8 CMakeFiles/ykp74.dir/C_/Users/ykp74_desk/Documents/_Pico/pico-sdk/src/common/pico_time/time.c.obj
 .text.alarm_pool_add_alarm_at.constprop.0
                0x10001320      0x11c CMakeFiles/ykp74.dir/C_/Users/ykp74_desk/Documents/_Pico/pico-sdk/src/common/pico_time/time.c.obj
 .text.alarm_pool_init_default
                0x1000143c       0x64 CMakeFiles/ykp74.dir/C_/Users/ykp74_desk/Documents/_Pico/pico-sdk/src/common/pico_time/time.c.obj
                0x1000143c                alarm_pool_init_default
 .text.alarm_pool_get_default
                0x100014a0        0x8 CMakeFiles/ykp74.dir/C_/Users/ykp74_desk/Documents/_Pico/pico-sdk/src/common/pico_time/time.c.obj
                0x100014a0                alarm_pool_get_default
 .text.alarm_pool_add_alarm_at
                0x100014a8      0x194 CMakeFiles/ykp74.dir/C_/Users/ykp74_desk/Documents/_Pico/pico-sdk/src/common/pico_time/time.c.obj
                0x100014a8                alarm_pool_add_alarm_at
 .text.best_effort_wfe_or_timeout
                0x1000163c       0xd4 CMakeFiles/ykp74.dir/C_/Users/ykp74_desk/Documents/_Pico/pico-sdk/src/common/pico_time/time.c.obj
                0x1000163c                best_effort_wfe_or_timeout
 .text.hardware_alarm_irq_handler
                0x10001710       0xb8 CMakeFiles/ykp74.dir/C_/Users/ykp74_desk/Documents/_Pico/pico-sdk/src/rp2_common/hardware_timer/timer.c.obj
 .text.hardware_alarm_claim
                0x100017c8       0x18 CMakeFiles/ykp74.dir/C_/Users/ykp74_desk/Documents/_Pico/pico-sdk/src/rp2_common/hardware_timer/timer.c.obj
                0x100017c8                hardware_alarm_claim
 .text.time_us_64
                0x100017e0       0x14 CMakeFiles/ykp74.dir/C_/Users/ykp74_desk/Documents/_Pico/pico-sdk/src/rp2_common/hardware_timer/timer.c.obj
                0x100017e0                time_us_64
 .text.busy_wait_us
                0x100017f4       0x54 CMakeFiles/ykp74.dir/C_/Users/ykp74_desk/Documents/_Pico/pico-sdk/src/rp2_common/hardware_timer/timer.c.obj
                0x100017f4                busy_wait_us
 .text.hardware_alarm_set_callback
                0x10001848       0x8c CMakeFiles/ykp74.dir/C_/Users/ykp74_desk/Documents/_Pico/pico-sdk/src/rp2_common/hardware_timer/timer.c.obj
                0x10001848                hardware_alarm_set_callback
 .text.hardware_alarm_set_target
                0x100018d4       0xe0 CMakeFiles/ykp74.dir/C_/Users/ykp74_desk/Documents/_Pico/pico-sdk/src/rp2_common/hardware_timer/timer.c.obj
                0x100018d4                hardware_alarm_set_target
 .text.hardware_alarm_cancel
                0x100019b4       0x3c CMakeFiles/ykp74.dir/C_/Users/ykp74_desk/Documents/_Pico/pico-sdk/src/rp2_common/hardware_timer/timer.c.obj
                0x100019b4                hardware_alarm_cancel
 .text.ph_merge_nodes
                0x100019f0       0x68 CMakeFiles/ykp74.dir/C_/Users/ykp74_desk/Documents/_Pico/pico-sdk/src/common/pico_util/pheap.c.obj
 .text.ph_post_alloc_init
                0x10001a58       0x3c CMakeFiles/ykp74.dir/C_/Users/ykp74_desk/Documents/_Pico/pico-sdk/src/common/pico_util/pheap.c.obj
                0x10001a58                ph_post_alloc_init
 .text.ph_merge_two_pass
                0x10001a94       0x90 CMakeFiles/ykp74.dir/C_/Users/ykp74_desk/Documents/_Pico/pico-sdk/src/common/pico_util/pheap.c.obj
                0x10001a94                ph_merge_two_pass
 .text.ph_remove_any_head
                0x10001b24       0xf8 CMakeFiles/ykp74.dir/C_/Users/ykp74_desk/Documents/_Pico/pico-sdk/src/common/pico_util/pheap.c.obj
 .text.ph_remove_head
                0x10001c1c       0xfc CMakeFiles/ykp74.dir/C_/Users/ykp74_desk/Documents/_Pico/pico-sdk/src/common/pico_util/pheap.c.obj
                0x10001c1c                ph_remove_head
 .text.ph_remove_and_free_node
                0x10001d18       0x7c CMakeFiles/ykp74.dir/C_/Users/ykp74_desk/Documents/_Pico/pico-sdk/src/common/pico_util/pheap.c.obj
                0x10001d18                ph_remove_and_free_node
 .text.mutex_init
                0x10001d94       0x1c CMakeFiles/ykp74.dir/C_/Users/ykp74_desk/Documents/_Pico/pico-sdk/src/common/pico_sync/mutex.c.obj
                0x10001d94                mutex_init
 .text.recursive_mutex_init
                0x10001db0       0x1c CMakeFiles/ykp74.dir/C_/Users/ykp74_desk/Documents/_Pico/pico-sdk/src/common/pico_sync/mutex.c.obj
                0x10001db0                recursive_mutex_init
 .text.critical_section_init
                0x10001dcc       0x20 CMakeFiles/ykp74.dir/C_/Users/ykp74_desk/Documents/_Pico/pico-sdk/src/common/pico_sync/critical_section.c.obj
                0x10001dcc                critical_section_init
 .text.runtime_init
                0x10001dec       0xf0 CMakeFiles/ykp74.dir/C_/Users/ykp74_desk/Documents/_Pico/pico-sdk/src/rp2_common/pico_runtime/runtime.c.obj
                0x10001dec                runtime_init
 .text._sbrk    0x10001edc       0x34 CMakeFiles/ykp74.dir/C_/Users/ykp74_desk/Documents/_Pico/pico-sdk/src/rp2_common/pico_runtime/runtime.c.obj
                0x10001edc                _sbrk
 .text.exit     0x10001f10        0x4 CMakeFiles/ykp74.dir/C_/Users/ykp74_desk/Documents/_Pico/pico-sdk/src/rp2_common/pico_runtime/runtime.c.obj
                0x10001f10                exit
 .text.__assert_func
                0x10001f14       0x34 CMakeFiles/ykp74.dir/C_/Users/ykp74_desk/Documents/_Pico/pico-sdk/src/rp2_common/pico_runtime/runtime.c.obj
                0x10001f14                __assert_func
 .text.panic    0x10001f48       0x30 CMakeFiles/ykp74.dir/C_/Users/ykp74_desk/Documents/_Pico/pico-sdk/src/rp2_common/pico_runtime/runtime.c.obj
                0x10001f48                panic
 .text.hard_assertion_failure
                0x10001f78        0xc CMakeFiles/ykp74.dir/C_/Users/ykp74_desk/Documents/_Pico/pico-sdk/src/rp2_common/pico_runtime/runtime.c.obj
                0x10001f78                hard_assertion_failure
 .text.clocks_init
                0x10001f84      0x2bc CMakeFiles/ykp74.dir/C_/Users/ykp74_desk/Documents/_Pico/pico-sdk/src/rp2_common/hardware_clocks/clocks.c.obj
                0x10001f84                clocks_init
 .text.clock_get_hz
                0x10002240        0xc CMakeFiles/ykp74.dir/C_/Users/ykp74_desk/Documents/_Pico/pico-sdk/src/rp2_common/hardware_clocks/clocks.c.obj
                0x10002240                clock_get_hz
 .text.pll_init
                0x1000224c       0xb0 CMakeFiles/ykp74.dir/C_/Users/ykp74_desk/Documents/_Pico/pico-sdk/src/rp2_common/hardware_pll/pll.c.obj
                0x1000224c                pll_init
 .text.watchdog_start_tick
                0x100022fc       0x10 CMakeFiles/ykp74.dir/C_/Users/ykp74_desk/Documents/_Pico/pico-sdk/src/rp2_common/hardware_watchdog/watchdog.c.obj
                0x100022fc                watchdog_start_tick
 .text.watchdog_reboot
                0x1000230c       0x98 CMakeFiles/ykp74.dir/C_/Users/ykp74_desk/Documents/_Pico/pico-sdk/src/rp2_common/hardware_watchdog/watchdog.c.obj
                0x1000230c                watchdog_reboot
 .text.xosc_init
                0x100023a4       0x28 CMakeFiles/ykp74.dir/C_/Users/ykp74_desk/Documents/_Pico/pico-sdk/src/rp2_common/hardware_xosc/xosc.c.obj
                0x100023a4                xosc_init
 .text._out_buffer
                0x100023cc        0x8 CMakeFiles/ykp74.dir/C_/Users/ykp74_desk/Documents/_Pico/pico-sdk/src/rp2_common/pico_printf/printf.c.obj
 .text._out_null
                0x100023d4        0x4 CMakeFiles/ykp74.dir/C_/Users/ykp74_desk/Documents/_Pico/pico-sdk/src/rp2_common/pico_printf/printf.c.obj
 .text._out_rev
                0x100023d8       0x9c CMakeFiles/ykp74.dir/C_/Users/ykp74_desk/Documents/_Pico/pico-sdk/src/rp2_common/pico_printf/printf.c.obj
 .text._ntoa_format
                0x10002474      0x1cc CMakeFiles/ykp74.dir/C_/Users/ykp74_desk/Documents/_Pico/pico-sdk/src/rp2_common/pico_printf/printf.c.obj
 .text._out_char
                0x10002640       0x10 CMakeFiles/ykp74.dir/C_/Users/ykp74_desk/Documents/_Pico/pico-sdk/src/rp2_common/pico_printf/printf.c.obj
 .text._out_fct
                0x10002650       0x10 CMakeFiles/ykp74.dir/C_/Users/ykp74_desk/Documents/_Pico/pico-sdk/src/rp2_common/pico_printf/printf.c.obj
 .text._etoa    0x10002660      0x44c CMakeFiles/ykp74.dir/C_/Users/ykp74_desk/Documents/_Pico/pico-sdk/src/rp2_common/pico_printf/printf.c.obj
 .text._ftoa    0x10002aac      0x398 CMakeFiles/ykp74.dir/C_/Users/ykp74_desk/Documents/_Pico/pico-sdk/src/rp2_common/pico_printf/printf.c.obj
 .text._vsnprintf
                0x10002e44      0xb04 CMakeFiles/ykp74.dir/C_/Users/ykp74_desk/Documents/_Pico/pico-sdk/src/rp2_common/pico_printf/printf.c.obj
 .text.__wrap_sprintf
                0x10003948       0x28 CMakeFiles/ykp74.dir/C_/Users/ykp74_desk/Documents/_Pico/pico-sdk/src/rp2_common/pico_printf/printf.c.obj
                0x10003948                __wrap_sprintf
 .text.vfctprintf
                0x10003970       0x20 CMakeFiles/ykp74.dir/C_/Users/ykp74_desk/Documents/_Pico/pico-sdk/src/rp2_common/pico_printf/printf.c.obj
                0x10003970                vfctprintf
 .text.weak_raw_printf
                0x10003990       0x40 CMakeFiles/ykp74.dir/C_/Users/ykp74_desk/Documents/_Pico/pico-sdk/src/rp2_common/pico_printf/printf.c.obj
                0x10003990                weak_raw_printf
 .text.weak_raw_vprintf
                0x100039d0       0x30 CMakeFiles/ykp74.dir/C_/Users/ykp74_desk/Documents/_Pico/pico-sdk/src/rp2_common/pico_printf/printf.c.obj
                0x100039d0                weak_raw_vprintf
 .text          0x10003a00       0x10 CMakeFiles/ykp74.dir/C_/Users/ykp74_desk/Documents/_Pico/pico-sdk/src/rp2_common/pico_bit_ops/bit_ops_aeabi.S.obj
 .text.rom_func_lookup
                0x10003a10       0x10 CMakeFiles/ykp74.dir/C_/Users/ykp74_desk/Documents/_Pico/pico-sdk/src/rp2_common/pico_bootrom/bootrom.c.obj
                0x10003a10                rom_func_lookup
 .text.rom_data_lookup
                0x10003a20       0x10 CMakeFiles/ykp74.dir/C_/Users/ykp74_desk/Documents/_Pico/pico-sdk/src/rp2_common/pico_bootrom/bootrom.c.obj
                0x10003a20                rom_data_lookup
 .text.rom_funcs_lookup
                0x10003a30       0x44 CMakeFiles/ykp74.dir/C_/Users/ykp74_desk/Documents/_Pico/pico-sdk/src/rp2_common/pico_bootrom/bootrom.c.obj
                0x10003a30                rom_funcs_lookup
 .text.__wrap___aeabi_idiv
                0x10003a74       0x50 CMakeFiles/ykp74.dir/C_/Users/ykp74_desk/Documents/_Pico/pico-sdk/src/rp2_common/pico_divider/divider.S.obj
                0x10003a74                __wrap___aeabi_idivmod
                0x10003a74                divmod_s32s32
                0x10003a74                div_s32s32
                0x10003a74                __wrap___aeabi_idiv
                0x10003a7c                divmod_s32s32_unsafe
                0x10003aa8                divmod_s32s32_savestate
 .text.__wrap___aeabi_uidiv
                0x10003ac4       0x4c CMakeFiles/ykp74.dir/C_/Users/ykp74_desk/Documents/_Pico/pico-sdk/src/rp2_common/pico_divider/divider.S.obj
                0x10003ac4                __wrap___aeabi_uidiv
                0x10003ac4                __wrap___aeabi_uidivmod
                0x10003ac4                div_u32u32
                0x10003ac4                divmod_u32u32
                0x10003acc                divmod_u32u32_unsafe
                0x10003af4                divmod_u32u32_savestate
 .text.__wrap___aeabi_ldiv
                0x10003b10      0x434 CMakeFiles/ykp74.dir/C_/Users/ykp74_desk/Documents/_Pico/pico-sdk/src/rp2_common/pico_divider/divider.S.obj
                0x10003b10                div_s64s64
                0x10003b10                divmod_s64s64
                0x10003b10                __wrap___aeabi_ldivmod
                0x10003b48                divmod_u64u64
                0x10003b48                div_u64u64
                0x10003b48                __wrap___aeabi_uldivmod
                0x10003b58                divmod_u64u64_savestate
                0x10003b80                divmod_s64s64_unsafe
                0x10003c08                divmod_u64u64_unsafe
 .text.__wrap___aeabi_darithmetic
                0x10003f44       0x80 CMakeFiles/ykp74.dir/C_/Users/ykp74_desk/Documents/_Pico/pico-sdk/src/rp2_common/pico_double/double_aeabi.S.obj
                0x10003f44                __wrap___aeabi_drsub
                0x10003f4a                __wrap___aeabi_dsub
                0x10003f5c                __wrap___aeabi_dadd
                0x10003f6e                __wrap___aeabi_ddiv
                0x10003faa                __wrap___aeabi_dmul
 .text.__wrap___aeabi_cdcmple
                0x10003fc4       0x6c CMakeFiles/ykp74.dir/C_/Users/ykp74_desk/Documents/_Pico/pico-sdk/src/rp2_common/pico_double/double_aeabi.S.obj
                0x10003fc4                __wrap___aeabi_cdrcmple
                0x10003fd4                __wrap___aeabi_cdcmpeq
                0x10003fd4                __wrap___aeabi_cdcmple
 .text.__wrap___aeabi_dcmpeq
                0x10004030       0x10 CMakeFiles/ykp74.dir/C_/Users/ykp74_desk/Documents/_Pico/pico-sdk/src/rp2_common/pico_double/double_aeabi.S.obj
                0x10004030                __wrap___aeabi_dcmpeq
 .text.__wrap___aeabi_dcmplt
                0x10004040        0xc CMakeFiles/ykp74.dir/C_/Users/ykp74_desk/Documents/_Pico/pico-sdk/src/rp2_common/pico_double/double_aeabi.S.obj
                0x10004040                __wrap___aeabi_dcmplt
 .text.__wrap___aeabi_dcmple
                0x1000404c       0x10 CMakeFiles/ykp74.dir/C_/Users/ykp74_desk/Documents/_Pico/pico-sdk/src/rp2_common/pico_double/double_aeabi.S.obj
                0x1000404c                __wrap___aeabi_dcmple
 .text.__wrap___aeabi_dcmpge
                0x1000405c       0x10 CMakeFiles/ykp74.dir/C_/Users/ykp74_desk/Documents/_Pico/pico-sdk/src/rp2_common/pico_double/double_aeabi.S.obj
                0x1000405c                __wrap___aeabi_dcmpge
 .text.__wrap___aeabi_dcmpgt
                0x1000406c        0xa CMakeFiles/ykp74.dir/C_/Users/ykp74_desk/Documents/_Pico/pico-sdk/src/rp2_common/pico_double/double_aeabi.S.obj
                0x1000406c                __wrap___aeabi_dcmpgt
 .text.__wrap___aeabi_dcmpun
                0x10004076       0x1c CMakeFiles/ykp74.dir/C_/Users/ykp74_desk/Documents/_Pico/pico-sdk/src/rp2_common/pico_double/double_aeabi.S.obj
                0x10004076                __wrap___aeabi_dcmpun
 *fill*         0x10004092        0x2 
 .text.__wrap___aeabi_i2d
                0x10004094       0x38 CMakeFiles/ykp74.dir/C_/Users/ykp74_desk/Documents/_Pico/pico-sdk/src/rp2_common/pico_double/double_aeabi.S.obj
                0x10004094                __wrap___aeabi_ui2d
                0x1000409c                __wrap___aeabi_i2d
 .text.__wrap___aeabi_d2iz
                0x100040cc       0x48 CMakeFiles/ykp74.dir/C_/Users/ykp74_desk/Documents/_Pico/pico-sdk/src/rp2_common/pico_double/double_aeabi.S.obj
                0x100040cc                double2int_z
                0x100040cc                __wrap___aeabi_d2iz
 .text.__wrap___aeabi_d2uiz
                0x10004114       0x18 CMakeFiles/ykp74.dir/C_/Users/ykp74_desk/Documents/_Pico/pico-sdk/src/rp2_common/pico_double/double_aeabi.S.obj
                0x10004114                __wrap___aeabi_d2uiz
                0x10004114                double2uint
 .text.__wrap___aeabi_l2d
                0x1000412c       0x18 CMakeFiles/ykp74.dir/C_/Users/ykp74_desk/Documents/_Pico/pico-sdk/src/rp2_common/pico_double/double_aeabi.S.obj
                0x1000412c                __wrap___aeabi_l2d
 .text.__wrap___aeabi_d2lz
                0x10004144       0x26 CMakeFiles/ykp74.dir/C_/Users/ykp74_desk/Documents/_Pico/pico-sdk/src/rp2_common/pico_double/double_aeabi.S.obj
                0x10004144                double2int64_z
                0x10004144                __wrap___aeabi_d2lz
 *fill*         0x1000416a        0x2 
 .text.double2int64
                0x1000416c       0x18 CMakeFiles/ykp74.dir/C_/Users/ykp74_desk/Documents/_Pico/pico-sdk/src/rp2_common/pico_double/double_aeabi.S.obj
                0x1000416c                double2int64
 .text.double2ufix64
                0x10004184       0x18 CMakeFiles/ykp74.dir/C_/Users/ykp74_desk/Documents/_Pico/pico-sdk/src/rp2_common/pico_double/double_aeabi.S.obj
                0x10004184                double2ufix64
 .text.__wrap___aeabi_d2f
                0x1000419c       0x18 CMakeFiles/ykp74.dir/C_/Users/ykp74_desk/Documents/_Pico/pico-sdk/src/rp2_common/pico_double/double_aeabi.S.obj
                0x1000419c                __wrap___aeabi_d2f
 .text.__aeabi_double_init
                0x100041b4       0x94 CMakeFiles/ykp74.dir/C_/Users/ykp74_desk/Documents/_Pico/pico-sdk/src/rp2_common/pico_double/double_init_rom.c.obj
                0x100041b4                __aeabi_double_init
 .text.double_table_shim_on_use_helper
                0x10004248       0x2c CMakeFiles/ykp74.dir/C_/Users/ykp74_desk/Documents/_Pico/pico-sdk/src/rp2_common/pico_double/double_v1_rom_shim.S.obj
                0x10004248                double_table_shim_on_use_helper
 .text.__wrap___aeabi_dsub
                0x10004274       0x10 CMakeFiles/ykp74.dir/C_/Users/ykp74_desk/Documents/_Pico/pico-sdk/src/rp2_common/pico_double/double_v1_rom_shim.S.obj
                0x10004274                drsub_shim
                0x1000427a                dsub_shim
 .text.dadd_shim
                0x10004284      0x15c CMakeFiles/ykp74.dir/C_/Users/ykp74_desk/Documents/_Pico/pico-sdk/src/rp2_common/pico_double/double_v1_rom_shim.S.obj
                0x10004284                dadd_shim
 .text.dmul_shim
                0x100043e0      0x15c CMakeFiles/ykp74.dir/C_/Users/ykp74_desk/Documents/_Pico/pico-sdk/src/rp2_common/pico_double/double_v1_rom_shim.S.obj
                0x100043e0                dmul_shim
 .text.ddiv_shim
                0x1000453c      0x1b0 CMakeFiles/ykp74.dir/C_/Users/ykp74_desk/Documents/_Pico/pico-sdk/src/rp2_common/pico_double/double_v1_rom_shim.S.obj
                0x1000453c                ddiv_shim
 .text.double2uint_shim
                0x100046ec        0xe CMakeFiles/ykp74.dir/C_/Users/ykp74_desk/Documents/_Pico/pico-sdk/src/rp2_common/pico_double/double_v1_rom_shim.S.obj
                0x100046ec                double2uint_shim
                0x100046ee                double2ufix_shim
 .text.double2int64_shim
                0x100046fa       0x1a CMakeFiles/ykp74.dir/C_/Users/ykp74_desk/Documents/_Pico/pico-sdk/src/rp2_common/pico_double/double_v1_rom_shim.S.obj
                0x100046fa                double2int64_shim
                0x100046fc                double2fix64_shim
 .text.double2uint64_shim
                0x10004714       0x70 CMakeFiles/ykp74.dir/C_/Users/ykp74_desk/Documents/_Pico/pico-sdk/src/rp2_common/pico_double/double_v1_rom_shim.S.obj
                0x10004714                double2uint64_shim
                0x10004716                double2ufix64_shim
                0x10004736                d2fix_a
 .text.double2float_shim
                0x10004784       0x5c CMakeFiles/ykp74.dir/C_/Users/ykp74_desk/Documents/_Pico/pico-sdk/src/rp2_common/pico_double/double_v1_rom_shim.S.obj
                0x10004784                double2float_shim
 .text.x2double_shims
                0x100047e0       0x90 CMakeFiles/ykp74.dir/C_/Users/ykp74_desk/Documents/_Pico/pico-sdk/src/rp2_common/pico_double/double_v1_rom_shim.S.obj
                0x100047e0                uint2double_shim
                0x100047e2                ufix2double_shim
                0x100047e8                int2double_shim
                0x100047ea                fix2double_shim
                0x100047f0                uint642double_shim
                0x100047f2                ufix642double_shim
                0x100047f8                int642double_shim
                0x100047fa                fix642double_shim
 .text.dunpacks
                0x10004870       0x3c CMakeFiles/ykp74.dir/C_/Users/ykp74_desk/Documents/_Pico/pico-sdk/src/rp2_common/pico_double/double_v1_rom_shim.S.obj
                0x10004870                dunpacks
 .text.__aeabi_lmul
                0x100048ac       0x32 CMakeFiles/ykp74.dir/C_/Users/ykp74_desk/Documents/_Pico/pico-sdk/src/rp2_common/pico_int64_ops/pico_int64_ops_aeabi.S.obj
                0x100048ac                __wrap___aeabi_lmul
 *fill*         0x100048de        0x2 
 .text.__aeabi_float_init
                0x100048e0       0x64 CMakeFiles/ykp74.dir/C_/Users/ykp74_desk/Documents/_Pico/pico-sdk/src/rp2_common/pico_float/float_init_rom.c.obj
                0x100048e0                __aeabi_float_init
 .text.float_table_shim_on_use_helper
                0x10004944       0x2c CMakeFiles/ykp74.dir/C_/Users/ykp74_desk/Documents/_Pico/pico-sdk/src/rp2_common/pico_float/float_v1_rom_shim.S.obj
                0x10004944                float_table_shim_on_use_helper
 .text.__wrap_malloc
                0x10004970       0x24 CMakeFiles/ykp74.dir/C_/Users/ykp74_desk/Documents/_Pico/pico-sdk/src/rp2_common/pico_malloc/pico_malloc.c.obj
                0x10004970                __wrap_malloc
 .text.__wrap_realloc
                0x10004994       0x24 CMakeFiles/ykp74.dir/C_/Users/ykp74_desk/Documents/_Pico/pico-sdk/src/rp2_common/pico_malloc/pico_malloc.c.obj
                0x10004994                __wrap_realloc
 .text.__wrap_free
                0x100049b8        0x8 CMakeFiles/ykp74.dir/C_/Users/ykp74_desk/Documents/_Pico/pico-sdk/src/rp2_common/pico_malloc/pico_malloc.c.obj
                0x100049b8                __wrap_free
 .text          0x100049c0       0x10 CMakeFiles/ykp74.dir/C_/Users/ykp74_desk/Documents/_Pico/pico-sdk/src/rp2_common/pico_mem_ops/mem_ops_aeabi.S.obj
                0x100049c0                __aeabi_mem_init
 .text.memset   0x100049d0        0xc CMakeFiles/ykp74.dir/C_/Users/ykp74_desk/Documents/_Pico/pico-sdk/src/rp2_common/pico_mem_ops/mem_ops_aeabi.S.obj
                0x100049d0                __wrap_memset
 .text.memcpy   0x100049dc        0xc CMakeFiles/ykp74.dir/C_/Users/ykp74_desk/Documents/_Pico/pico-sdk/src/rp2_common/pico_mem_ops/mem_ops_aeabi.S.obj
                0x100049dc                __wrap_memcpy
                0x100049dc                __wrap___aeabi_memcpy
 .text.stdio_out_chars_no_crlf
                0x100049e8       0x10 CMakeFiles/ykp74.dir/C_/Users/ykp74_desk/Documents/_Pico/pico-sdk/src/rp2_common/pico_stdio/stdio.c.obj
 .text.stdio_out_chars_crlf
                0x100049f8       0xb4 CMakeFiles/ykp74.dir/C_/Users/ykp74_desk/Documents/_Pico/pico-sdk/src/rp2_common/pico_stdio/stdio.c.obj
 .text.stdio_buffered_printer
                0x10004aac       0x64 CMakeFiles/ykp74.dir/C_/Users/ykp74_desk/Documents/_Pico/pico-sdk/src/rp2_common/pico_stdio/stdio.c.obj
 .text.stdio_put_string.isra.0
                0x10004b10       0xfc CMakeFiles/ykp74.dir/C_/Users/ykp74_desk/Documents/_Pico/pico-sdk/src/rp2_common/pico_stdio/stdio.c.obj
 .text.__wrap_putchar
                0x10004c0c       0xa0 CMakeFiles/ykp74.dir/C_/Users/ykp74_desk/Documents/_Pico/pico-sdk/src/rp2_common/pico_stdio/stdio.c.obj
                0x10004c0c                __wrap_putchar
 .text.__wrap_puts
                0x10004cac       0x3c CMakeFiles/ykp74.dir/C_/Users/ykp74_desk/Documents/_Pico/pico-sdk/src/rp2_common/pico_stdio/stdio.c.obj
                0x10004cac                __wrap_puts
 .text._read    0x10004ce8       0x94 CMakeFiles/ykp74.dir/C_/Users/ykp74_desk/Documents/_Pico/pico-sdk/src/rp2_common/pico_stdio/stdio.c.obj
                0x10004ce8                _read
 .text._write   0x10004d7c       0xb0 CMakeFiles/ykp74.dir/C_/Users/ykp74_desk/Documents/_Pico/pico-sdk/src/rp2_common/pico_stdio/stdio.c.obj
                0x10004d7c                _write
 .text.stdio_set_driver_enabled
                0x10004e2c       0x30 CMakeFiles/ykp74.dir/C_/Users/ykp74_desk/Documents/_Pico/pico-sdk/src/rp2_common/pico_stdio/stdio.c.obj
                0x10004e2c                stdio_set_driver_enabled
 .text.__wrap_vprintf
                0x10004e5c       0xd8 CMakeFiles/ykp74.dir/C_/Users/ykp74_desk/Documents/_Pico/pico-sdk/src/rp2_common/pico_stdio/stdio.c.obj
                0x10004e5c                __wrap_vprintf
 .text.__wrap_printf
                0x10004f34       0x18 CMakeFiles/ykp74.dir/C_/Users/ykp74_desk/Documents/_Pico/pico-sdk/src/rp2_common/pico_stdio/stdio.c.obj
                0x10004f34                __wrap_printf
 .text.stdio_init_all
                0x10004f4c        0x8 CMakeFiles/ykp74.dir/C_/Users/ykp74_desk/Documents/_Pico/pico-sdk/src/rp2_common/pico_stdio/stdio.c.obj
                0x10004f4c                stdio_init_all
 .text.resetd_init
                0x10004f54        0x4 CMakeFiles/ykp74.dir/C_/Users/ykp74_desk/Documents/_Pico/pico-sdk/src/rp2_common/pico_stdio_usb/reset_interface.c.obj
 .text.resetd_reset
                0x10004f58        0xc CMakeFiles/ykp74.dir/C_/Users/ykp74_desk/Documents/_Pico/pico-sdk/src/rp2_common/pico_stdio_usb/reset_interface.c.obj
 .text.resetd_open
                0x10004f64       0x28 CMakeFiles/ykp74.dir/C_/Users/ykp74_desk/Documents/_Pico/pico-sdk/src/rp2_common/pico_stdio_usb/reset_interface.c.obj
 .text.resetd_xfer_cb
                0x10004f8c        0x4 CMakeFiles/ykp74.dir/C_/Users/ykp74_desk/Documents/_Pico/pico-sdk/src/rp2_common/pico_stdio_usb/reset_interface.c.obj
 .text.resetd_control_xfer_cb
                0x10004f90       0x64 CMakeFiles/ykp74.dir/C_/Users/ykp74_desk/Documents/_Pico/pico-sdk/src/rp2_common/pico_stdio_usb/reset_interface.c.obj
 .text.usbd_app_driver_get_cb
                0x10004ff4        0xc CMakeFiles/ykp74.dir/C_/Users/ykp74_desk/Documents/_Pico/pico-sdk/src/rp2_common/pico_stdio_usb/reset_interface.c.obj
                0x10004ff4                usbd_app_driver_get_cb
 .text.tud_cdc_line_coding_cb
                0x10005000       0x34 CMakeFiles/ykp74.dir/C_/Users/ykp74_desk/Documents/_Pico/pico-sdk/src/rp2_common/pico_stdio_usb/reset_interface.c.obj
                0x10005000                tud_cdc_line_coding_cb
 .text.stdio_usb_in_chars
                0x10005034       0x68 CMakeFiles/ykp74.dir/C_/Users/ykp74_desk/Documents/_Pico/pico-sdk/src/rp2_common/pico_stdio_usb/stdio_usb.c.obj
                0x10005034                stdio_usb_in_chars
 .text.stdio_usb_out_chars
                0x1000509c       0xe4 CMakeFiles/ykp74.dir/C_/Users/ykp74_desk/Documents/_Pico/pico-sdk/src/rp2_common/pico_stdio_usb/stdio_usb.c.obj
 .text.timer_task
                0x10005180       0x18 CMakeFiles/ykp74.dir/C_/Users/ykp74_desk/Documents/_Pico/pico-sdk/src/rp2_common/pico_stdio_usb/stdio_usb.c.obj
 .text.usb_irq  0x10005198       0x10 CMakeFiles/ykp74.dir/C_/Users/ykp74_desk/Documents/_Pico/pico-sdk/src/rp2_common/pico_stdio_usb/stdio_usb.c.obj
 .text.low_priority_worker_irq
                0x100051a8       0x24 CMakeFiles/ykp74.dir/C_/Users/ykp74_desk/Documents/_Pico/pico-sdk/src/rp2_common/pico_stdio_usb/stdio_usb.c.obj
 .text.stdio_usb_init
                0x100051cc       0xb0 CMakeFiles/ykp74.dir/C_/Users/ykp74_desk/Documents/_Pico/pico-sdk/src/rp2_common/pico_stdio_usb/stdio_usb.c.obj
                0x100051cc                stdio_usb_init
 .text.tud_descriptor_device_cb
                0x1000527c        0x8 CMakeFiles/ykp74.dir/C_/Users/ykp74_desk/Documents/_Pico/pico-sdk/src/rp2_common/pico_stdio_usb/stdio_usb_descriptors.c.obj
                0x1000527c                tud_descriptor_device_cb
 .text.tud_descriptor_configuration_cb
                0x10005284        0x8 CMakeFiles/ykp74.dir/C_/Users/ykp74_desk/Documents/_Pico/pico-sdk/src/rp2_common/pico_stdio_usb/stdio_usb_descriptors.c.obj
                0x10005284                tud_descriptor_configuration_cb
 .text.tud_descriptor_string_cb
                0x1000528c       0x74 CMakeFiles/ykp74.dir/C_/Users/ykp74_desk/Documents/_Pico/pico-sdk/src/rp2_common/pico_stdio_usb/stdio_usb_descriptors.c.obj
                0x1000528c                tud_descriptor_string_cb
 .text.dcd_rp2040_irq
                0x10005300      0x21c CMakeFiles/ykp74.dir/C_/Users/ykp74_desk/Documents/_Pico/pico-sdk/lib/tinyusb/src/portable/raspberrypi/rp2040/dcd_rp2040.c.obj
 .text.dcd_int_enable
                0x1000551c        0xc CMakeFiles/ykp74.dir/C_/Users/ykp74_desk/Documents/_Pico/pico-sdk/lib/tinyusb/src/portable/raspberrypi/rp2040/dcd_rp2040.c.obj
                0x1000551c                dcd_int_enable
 .text.dcd_set_address
                0x10005528       0x14 CMakeFiles/ykp74.dir/C_/Users/ykp74_desk/Documents/_Pico/pico-sdk/lib/tinyusb/src/portable/raspberrypi/rp2040/dcd_rp2040.c.obj
                0x10005528                dcd_set_address
 .text.dcd_connect
                0x1000553c       0x10 CMakeFiles/ykp74.dir/C_/Users/ykp74_desk/Documents/_Pico/pico-sdk/lib/tinyusb/src/portable/raspberrypi/rp2040/dcd_rp2040.c.obj
                0x1000553c                dcd_connect
 .text.dcd_init
                0x1000554c      0x144 CMakeFiles/ykp74.dir/C_/Users/ykp74_desk/Documents/_Pico/pico-sdk/lib/tinyusb/src/portable/raspberrypi/rp2040/dcd_rp2040.c.obj
                0x1000554c                dcd_init
 .text.dcd_edpt0_status_complete
                0x10005690       0x1c CMakeFiles/ykp74.dir/C_/Users/ykp74_desk/Documents/_Pico/pico-sdk/lib/tinyusb/src/portable/raspberrypi/rp2040/dcd_rp2040.c.obj
                0x10005690                dcd_edpt0_status_complete
 .text.dcd_edpt_open
                0x100056ac       0xf0 CMakeFiles/ykp74.dir/C_/Users/ykp74_desk/Documents/_Pico/pico-sdk/lib/tinyusb/src/portable/raspberrypi/rp2040/dcd_rp2040.c.obj
                0x100056ac                dcd_edpt_open
 .text.dcd_edpt_close_all
                0x1000579c       0xbc CMakeFiles/ykp74.dir/C_/Users/ykp74_desk/Documents/_Pico/pico-sdk/lib/tinyusb/src/portable/raspberrypi/rp2040/dcd_rp2040.c.obj
                0x1000579c                dcd_edpt_close_all
 .text.dcd_edpt_xfer
                0x10005858       0x24 CMakeFiles/ykp74.dir/C_/Users/ykp74_desk/Documents/_Pico/pico-sdk/lib/tinyusb/src/portable/raspberrypi/rp2040/dcd_rp2040.c.obj
                0x10005858                dcd_edpt_xfer
 .text.dcd_edpt_stall
                0x1000587c       0x38 CMakeFiles/ykp74.dir/C_/Users/ykp74_desk/Documents/_Pico/pico-sdk/lib/tinyusb/src/portable/raspberrypi/rp2040/dcd_rp2040.c.obj
                0x1000587c                dcd_edpt_stall
 .text.dcd_edpt_clear_stall
                0x100058b4       0x30 CMakeFiles/ykp74.dir/C_/Users/ykp74_desk/Documents/_Pico/pico-sdk/lib/tinyusb/src/portable/raspberrypi/rp2040/dcd_rp2040.c.obj
                0x100058b4                dcd_edpt_clear_stall
 .text._hw_endpoint_buffer_control_update32.part.0.isra.0
                0x100058e4       0x1c CMakeFiles/ykp74.dir/C_/Users/ykp74_desk/Documents/_Pico/pico-sdk/lib/tinyusb/src/portable/raspberrypi/rp2040/rp2040_usb.c.obj
 .text.rp2040_usb_init
                0x10005900       0x4c CMakeFiles/ykp74.dir/C_/Users/ykp74_desk/Documents/_Pico/pico-sdk/lib/tinyusb/src/portable/raspberrypi/rp2040/rp2040_usb.c.obj
                0x10005900                rp2040_usb_init
 .text.hw_endpoint_reset_transfer
                0x1000594c        0xc CMakeFiles/ykp74.dir/C_/Users/ykp74_desk/Documents/_Pico/pico-sdk/lib/tinyusb/src/portable/raspberrypi/rp2040/rp2040_usb.c.obj
                0x1000594c                hw_endpoint_reset_transfer
 .text._hw_endpoint_buffer_control_update32
                0x10005958       0x44 CMakeFiles/ykp74.dir/C_/Users/ykp74_desk/Documents/_Pico/pico-sdk/lib/tinyusb/src/portable/raspberrypi/rp2040/rp2040_usb.c.obj
                0x10005958                _hw_endpoint_buffer_control_update32
 .text.hw_endpoint_xfer_start
                0x1000599c      0x138 CMakeFiles/ykp74.dir/C_/Users/ykp74_desk/Documents/_Pico/pico-sdk/lib/tinyusb/src/portable/raspberrypi/rp2040/rp2040_usb.c.obj
                0x1000599c                hw_endpoint_xfer_start
 .text.hw_endpoint_xfer_continue
                0x10005ad4      0x1e4 CMakeFiles/ykp74.dir/C_/Users/ykp74_desk/Documents/_Pico/pico-sdk/lib/tinyusb/src/portable/raspberrypi/rp2040/rp2040_usb.c.obj
                0x10005ad4                hw_endpoint_xfer_continue
 .text.tud_mounted
                0x10005cb8       0x10 CMakeFiles/ykp74.dir/C_/Users/ykp74_desk/Documents/_Pico/pico-sdk/lib/tinyusb/src/device/usbd.c.obj
                0x10005cb8                tud_mounted
 .text.tud_suspended
                0x10005cc8       0x10 CMakeFiles/ykp74.dir/C_/Users/ykp74_desk/Documents/_Pico/pico-sdk/lib/tinyusb/src/device/usbd.c.obj
                0x10005cc8                tud_suspended
 .text.tud_inited
                0x10005cd8        0xc CMakeFiles/ykp74.dir/C_/Users/ykp74_desk/Documents/_Pico/pico-sdk/lib/tinyusb/src/device/usbd.c.obj
                0x10005cd8                tud_inited
 .text.tud_init
                0x10005ce4       0xd8 CMakeFiles/ykp74.dir/C_/Users/ykp74_desk/Documents/_Pico/pico-sdk/lib/tinyusb/src/device/usbd.c.obj
                0x10005ce4                tud_init
 .text.tud_task
                0x10005dbc      0x8ec CMakeFiles/ykp74.dir/C_/Users/ykp74_desk/Documents/_Pico/pico-sdk/lib/tinyusb/src/device/usbd.c.obj
                0x10005dbc                tud_task
 .text.dcd_event_bus_signal
                0x100066a8      0x120 CMakeFiles/ykp74.dir/C_/Users/ykp74_desk/Documents/_Pico/pico-sdk/lib/tinyusb/src/device/usbd.c.obj
                0x100066a8                dcd_event_bus_signal
 .text.dcd_event_bus_reset
                0x100067c8       0x54 CMakeFiles/ykp74.dir/C_/Users/ykp74_desk/Documents/_Pico/pico-sdk/lib/tinyusb/src/device/usbd.c.obj
                0x100067c8                dcd_event_bus_reset
 .text.dcd_event_setup_received
                0x1000681c       0x50 CMakeFiles/ykp74.dir/C_/Users/ykp74_desk/Documents/_Pico/pico-sdk/lib/tinyusb/src/device/usbd.c.obj
                0x1000681c                dcd_event_setup_received
 .text.dcd_event_xfer_complete
                0x1000686c       0x68 CMakeFiles/ykp74.dir/C_/Users/ykp74_desk/Documents/_Pico/pico-sdk/lib/tinyusb/src/device/usbd.c.obj
                0x1000686c                dcd_event_xfer_complete
 .text.usbd_open_edpt_pair
                0x100068d4       0x80 CMakeFiles/ykp74.dir/C_/Users/ykp74_desk/Documents/_Pico/pico-sdk/lib/tinyusb/src/device/usbd.c.obj
                0x100068d4                usbd_open_edpt_pair
 .text.usbd_edpt_open
                0x10006954       0x30 CMakeFiles/ykp74.dir/C_/Users/ykp74_desk/Documents/_Pico/pico-sdk/lib/tinyusb/src/device/usbd.c.obj
                0x10006954                usbd_edpt_open
 .text.usbd_edpt_claim
                0x10006984       0x64 CMakeFiles/ykp74.dir/C_/Users/ykp74_desk/Documents/_Pico/pico-sdk/lib/tinyusb/src/device/usbd.c.obj
                0x10006984                usbd_edpt_claim
 .text.usbd_edpt_release
                0x100069e8       0x4c CMakeFiles/ykp74.dir/C_/Users/ykp74_desk/Documents/_Pico/pico-sdk/lib/tinyusb/src/device/usbd.c.obj
                0x100069e8                usbd_edpt_release
 .text.usbd_edpt_xfer
                0x10006a34       0x48 CMakeFiles/ykp74.dir/C_/Users/ykp74_desk/Documents/_Pico/pico-sdk/lib/tinyusb/src/device/usbd.c.obj
                0x10006a34                usbd_edpt_xfer
 .text.tud_control_status
                0x10006a7c       0x30 CMakeFiles/ykp74.dir/C_/Users/ykp74_desk/Documents/_Pico/pico-sdk/lib/tinyusb/src/device/usbd_control.c.obj
                0x10006a7c                tud_control_status
 .text.tud_control_xfer
                0x10006aac       0xbc CMakeFiles/ykp74.dir/C_/Users/ykp74_desk/Documents/_Pico/pico-sdk/lib/tinyusb/src/device/usbd_control.c.obj
                0x10006aac                tud_control_xfer
 .text.usbd_control_reset
                0x10006b68       0x14 CMakeFiles/ykp74.dir/C_/Users/ykp74_desk/Documents/_Pico/pico-sdk/lib/tinyusb/src/device/usbd_control.c.obj
                0x10006b68                usbd_control_reset
 .text.usbd_control_set_complete_callback
                0x10006b7c        0xc CMakeFiles/ykp74.dir/C_/Users/ykp74_desk/Documents/_Pico/pico-sdk/lib/tinyusb/src/device/usbd_control.c.obj
                0x10006b7c                usbd_control_set_complete_callback
 .text.usbd_control_set_request
                0x10006b88       0x1c CMakeFiles/ykp74.dir/C_/Users/ykp74_desk/Documents/_Pico/pico-sdk/lib/tinyusb/src/device/usbd_control.c.obj
                0x10006b88                usbd_control_set_request
 .text.usbd_control_xfer_cb
                0x10006ba4       0xfc CMakeFiles/ykp74.dir/C_/Users/ykp74_desk/Documents/_Pico/pico-sdk/lib/tinyusb/src/device/usbd_control.c.obj
                0x10006ba4                usbd_control_xfer_cb
 .text.tud_cdc_n_connected
                0x10006ca0       0x30 CMakeFiles/ykp74.dir/C_/Users/ykp74_desk/Documents/_Pico/pico-sdk/lib/tinyusb/src/class/cdc/cdc_device.c.obj
                0x10006ca0                tud_cdc_n_connected
 .text.tud_cdc_n_available
                0x10006cd0       0x18 CMakeFiles/ykp74.dir/C_/Users/ykp74_desk/Documents/_Pico/pico-sdk/lib/tinyusb/src/class/cdc/cdc_device.c.obj
                0x10006cd0                tud_cdc_n_available
 .text.tud_cdc_n_read
                0x10006ce8       0x70 CMakeFiles/ykp74.dir/C_/Users/ykp74_desk/Documents/_Pico/pico-sdk/lib/tinyusb/src/class/cdc/cdc_device.c.obj
                0x10006ce8                tud_cdc_n_read
 .text.tud_cdc_n_write_flush
                0x10006d58       0x78 CMakeFiles/ykp74.dir/C_/Users/ykp74_desk/Documents/_Pico/pico-sdk/lib/tinyusb/src/class/cdc/cdc_device.c.obj
                0x10006d58                tud_cdc_n_write_flush
 .text.tud_cdc_n_write
                0x10006dd0       0x34 CMakeFiles/ykp74.dir/C_/Users/ykp74_desk/Documents/_Pico/pico-sdk/lib/tinyusb/src/class/cdc/cdc_device.c.obj
                0x10006dd0                tud_cdc_n_write
 .text.tud_cdc_n_write_available
                0x10006e04       0x18 CMakeFiles/ykp74.dir/C_/Users/ykp74_desk/Documents/_Pico/pico-sdk/lib/tinyusb/src/class/cdc/cdc_device.c.obj
                0x10006e04                tud_cdc_n_write_available
 .text.cdcd_init
                0x10006e1c       0x7c CMakeFiles/ykp74.dir/C_/Users/ykp74_desk/Documents/_Pico/pico-sdk/lib/tinyusb/src/class/cdc/cdc_device.c.obj
                0x10006e1c                cdcd_init
 .text.cdcd_reset
                0x10006e98       0x2c CMakeFiles/ykp74.dir/C_/Users/ykp74_desk/Documents/_Pico/pico-sdk/lib/tinyusb/src/class/cdc/cdc_device.c.obj
                0x10006e98                cdcd_reset
 .text.cdcd_open
                0x10006ec4       0xe4 CMakeFiles/ykp74.dir/C_/Users/ykp74_desk/Documents/_Pico/pico-sdk/lib/tinyusb/src/class/cdc/cdc_device.c.obj
                0x10006ec4                cdcd_open
 .text.cdcd_control_xfer_cb
                0x10006fa8       0xe4 CMakeFiles/ykp74.dir/C_/Users/ykp74_desk/Documents/_Pico/pico-sdk/lib/tinyusb/src/class/cdc/cdc_device.c.obj
                0x10006fa8                cdcd_control_xfer_cb
 .text.cdcd_xfer_cb
                0x1000708c      0x148 CMakeFiles/ykp74.dir/C_/Users/ykp74_desk/Documents/_Pico/pico-sdk/lib/tinyusb/src/class/cdc/cdc_device.c.obj
                0x1000708c                cdcd_xfer_cb
 .text.tusb_init
                0x100071d4        0xc CMakeFiles/ykp74.dir/C_/Users/ykp74_desk/Documents/_Pico/pico-sdk/lib/tinyusb/src/tusb.c.obj
                0x100071d4                tusb_init
 .text.tusb_inited
                0x100071e0        0x8 CMakeFiles/ykp74.dir/C_/Users/ykp74_desk/Documents/_Pico/pico-sdk/lib/tinyusb/src/tusb.c.obj
                0x100071e0                tusb_inited
 .text.tu_edpt_validate
                0x100071e8       0x78 CMakeFiles/ykp74.dir/C_/Users/ykp74_desk/Documents/_Pico/pico-sdk/lib/tinyusb/src/tusb.c.obj
                0x100071e8                tu_edpt_validate
 .text.tu_edpt_bind_driver
                0x10007260       0x2c CMakeFiles/ykp74.dir/C_/Users/ykp74_desk/Documents/_Pico/pico-sdk/lib/tinyusb/src/tusb.c.obj
                0x10007260                tu_edpt_bind_driver
 .text.tu_fifo_config
                0x1000728c       0x78 CMakeFiles/ykp74.dir/C_/Users/ykp74_desk/Documents/_Pico/pico-sdk/lib/tinyusb/src/common/tusb_fifo.c.obj
                0x1000728c                tu_fifo_config
 .text.tu_fifo_count
                0x10007304       0x20 CMakeFiles/ykp74.dir/C_/Users/ykp74_desk/Documents/_Pico/pico-sdk/lib/tinyusb/src/common/tusb_fifo.c.obj
                0x10007304                tu_fifo_count
 .text.tu_fifo_empty
                0x10007324       0x10 CMakeFiles/ykp74.dir/C_/Users/ykp74_desk/Documents/_Pico/pico-sdk/lib/tinyusb/src/common/tusb_fifo.c.obj
                0x10007324                tu_fifo_empty
 .text.tu_fifo_remaining
                0x10007334       0x1c CMakeFiles/ykp74.dir/C_/Users/ykp74_desk/Documents/_Pico/pico-sdk/lib/tinyusb/src/common/tusb_fifo.c.obj
                0x10007334                tu_fifo_remaining
 .text.tu_fifo_read
                0x10007350       0x9c CMakeFiles/ykp74.dir/C_/Users/ykp74_desk/Documents/_Pico/pico-sdk/lib/tinyusb/src/common/tusb_fifo.c.obj
                0x10007350                tu_fifo_read
 .text.tu_fifo_read_n
                0x100073ec      0x100 CMakeFiles/ykp74.dir/C_/Users/ykp74_desk/Documents/_Pico/pico-sdk/lib/tinyusb/src/common/tusb_fifo.c.obj
                0x100073ec                tu_fifo_read_n
 .text.tu_fifo_write
                0x100074ec       0x7c CMakeFiles/ykp74.dir/C_/Users/ykp74_desk/Documents/_Pico/pico-sdk/lib/tinyusb/src/common/tusb_fifo.c.obj
                0x100074ec                tu_fifo_write
 .text.tu_fifo_write_n
                0x10007568      0x100 CMakeFiles/ykp74.dir/C_/Users/ykp74_desk/Documents/_Pico/pico-sdk/lib/tinyusb/src/common/tusb_fifo.c.obj
                0x10007568                tu_fifo_write_n
 .text.tu_fifo_clear
                0x10007668       0x4c CMakeFiles/ykp74.dir/C_/Users/ykp74_desk/Documents/_Pico/pico-sdk/lib/tinyusb/src/common/tusb_fifo.c.obj
                0x10007668                tu_fifo_clear
 .text.tu_fifo_set_overwritable
                0x100076b4       0x3c CMakeFiles/ykp74.dir/C_/Users/ykp74_desk/Documents/_Pico/pico-sdk/lib/tinyusb/src/common/tusb_fifo.c.obj
                0x100076b4                tu_fifo_set_overwritable
 .text.startup._retrieve_unique_id_on_boot
                0x100076f0       0x10 CMakeFiles/ykp74.dir/C_/Users/ykp74_desk/Documents/_Pico/pico-sdk/src/rp2_common/pico_unique_id/unique_id.c.obj
 .text.pico_get_unique_board_id_string
                0x10007700      0x1a8 CMakeFiles/ykp74.dir/C_/Users/ykp74_desk/Documents/_Pico/pico-sdk/src/rp2_common/pico_unique_id/unique_id.c.obj
                0x10007700                pico_get_unique_board_id_string
 .text.flash_get_unique_id
                0x100078a8       0x40 CMakeFiles/ykp74.dir/C_/Users/ykp74_desk/Documents/_Pico/pico-sdk/src/rp2_common/hardware_flash/flash.c.obj
                0x100078a8                flash_get_unique_id
 .text.i2c_set_baudrate
                0x100078e8       0xc4 CMakeFiles/ykp74.dir/C_/Users/ykp74_desk/Documents/_Pico/pico-sdk/src/rp2_common/hardware_i2c/i2c.c.obj
                0x100078e8                i2c_set_baudrate
 .text.i2c_init
                0x100079ac       0x54 CMakeFiles/ykp74.dir/C_/Users/ykp74_desk/Documents/_Pico/pico-sdk/src/rp2_common/hardware_i2c/i2c.c.obj
                0x100079ac                i2c_init
 .text.i2c_write_blocking
                0x10007a00       0xd0 CMakeFiles/ykp74.dir/C_/Users/ykp74_desk/Documents/_Pico/pico-sdk/src/rp2_common/hardware_i2c/i2c.c.obj
                0x10007a00                i2c_write_blocking
 .text.i2c_read_blocking
                0x10007ad0       0xac CMakeFiles/ykp74.dir/C_/Users/ykp74_desk/Documents/_Pico/pico-sdk/src/rp2_common/hardware_i2c/i2c.c.obj
                0x10007ad0                i2c_read_blocking
 .text          0x10007b7c     0x12b8 freertos\libfreertos.a(tasks.c.obj)
                0x10007c90                xTaskCreate
                0x10007ee0                vTaskDelete
                0x10007f70                uxTaskPriorityGet
                0x10007f90                uxTaskPriorityGetFromISR
                0x10007fb0                vTaskPrioritySet
                0x1000805c                vTaskSuspend
                0x1000819c                vTaskResume
                0x1000820c                xTaskResumeFromISR
                0x10008294                vTaskStartScheduler
                0x10008418                vTaskEndScheduler
                0x1000842c                vTaskSuspendAll
                0x1000843c                xTaskResumeAll
                0x10008524                xTaskDelayUntil
                0x100085a0                vTaskDelay
                0x100085f4                xTaskGetTickCount
                0x10008600                xTaskGetTickCountFromISR
                0x1000860c                uxTaskGetNumberOfTasks
                0x10008618                pcTaskGetName
                0x1000862c                xTaskCatchUpTicks
                0x10008650                xTaskIncrementTick
                0x10008674                vTaskSwitchContext
                0x10008718                vTaskPlaceOnEventList
                0x10008770                vTaskPlaceOnUnorderedEventList
                0x100087d4                vTaskPlaceOnEventListRestricted
                0x10008838                xTaskRemoveFromEventList
                0x100088a0                vTaskRemoveFromUnorderedEventList
                0x100088f0                vTaskSetTimeOutState
                0x1000890c                vTaskInternalSetTimeOutState
                0x1000891c                xTaskCheckForTimeOut
                0x1000896c                vTaskMissedYield
                0x10008978                vTaskSetThreadLocalStoragePointer
                0x10008994                pvTaskGetThreadLocalStoragePointer
                0x100089b4                xTaskGetCurrentTaskHandle
                0x100089c0                xTaskGetSchedulerState
                0x100089d8                uxTaskResetEventItemValue
                0x100089f0                ulTaskGenericNotifyTake
                0x10008ab0                xTaskGenericNotifyWait
                0x10008b98                xTaskGenericNotify
                0x10008c58                xTaskGenericNotifyFromISR
                0x10008d40                vTaskGenericNotifyGiveFromISR
                0x10008dd4                xTaskGenericNotifyStateClear
                0x10008e04                ulTaskGenericNotifyValueClear
 .text          0x10008e34      0x4b0 freertos\libfreertos.a(timers.c.obj)
                0x100090e0                xTimerCreateTimerTask
                0x10009154                xTimerCreate
                0x100091fc                xTimerGenericCommand
                0x10009250                xTimerGetTimerDaemonTaskHandle
                0x1000925c                xTimerGetPeriod
                0x10009260                vTimerSetReloadMode
                0x10009284                uxTimerGetReloadMode
                0x1000929c                xTimerGetExpiryTime
                0x100092a0                pcTimerGetName
                0x100092a4                xTimerIsTimerActive
                0x100092bc                pvTimerGetTimerID
                0x100092d0                vTimerSetTimerID
 .text          0x100092e4       0x30 freertos\libfreertos.a(heap_3.c.obj)
                0x100092e4                pvPortMalloc
                0x100092fc                vPortFree
 *fill*         0x10009314        0xc 
 .text          0x10009320      0x1d8 freertos\libfreertos.a(port.c.obj)
                0x10009364                pxPortInitialiseStack
                0x1000938c                isr_svcall
                0x10009390                vPortEndScheduler
                0x10009394                vPortYield
                0x100093ac                vPortEnterCritical
                0x100093c4                vPortExitCritical
                0x100093d8                ulSetInterruptMaskFromISR
                0x100093e0                vClearInterruptMaskFromISR
                0x100093e8                isr_pendsv
                0x10009468                isr_systick
                0x1000948c                vPortSetupTimerInterrupt
                0x100094b4                xPortStartScheduler
 .text          0x100094f8       0x8c freertos\libfreertos.a(list.c.obj)
                0x100094f8                vListInitialise
                0x10009510                vListInitialiseItem
                0x10009518                vListInsertEnd
                0x10009530                vListInsert
                0x10009560                uxListRemove
 .text          0x10009584     0x10bc freertos\libfreertos.a(queue.c.obj)
                0x10009584                xQueueGenericReset
                0x100095e8                xQueueGenericCreate
                0x1000964c                xQueueGenericSend
                0x10009964                xQueueGenericSendFromISR
                0x10009a74                xQueueGiveFromISR
                0x10009ac8                xQueueReceive
                0x10009d68                xQueueSemaphoreTake
                0x10009fec                xQueuePeek
                0x1000a288                xQueueReceiveFromISR
                0x1000a30c                xQueuePeekFromISR
                0x1000a34c                uxQueueMessagesWaiting
                0x1000a360                uxQueueSpacesAvailable
                0x1000a378                uxQueueMessagesWaitingFromISR
                0x1000a37c                vQueueDelete
                0x1000a3fc                xQueueIsQueueEmptyFromISR
                0x1000a404                xQueueIsQueueFullFromISR
                0x1000a410                vQueueAddToRegistry
                0x1000a484                pcQueueGetName
                0x1000a4f8                vQueueUnregisterQueue
                0x1000a570                vQueueWaitForMessageRestricted
 .text._calloc_r
                0x1000a640       0x9c c:/progra~2/gnuarm~1/102021~1.10/bin/../lib/gcc/arm-none-eabi/10.3.1/../../../../arm-none-eabi/lib/thumb/v6-m/nofp\libc.a(lib_a-callocr.o)
                0x1000a640                _calloc_r
 .text.__errno  0x1000a6dc        0xc c:/progra~2/gnuarm~1/102021~1.10/bin/../lib/gcc/arm-none-eabi/10.3.1/../../../../arm-none-eabi/lib/thumb/v6-m/nofp\libc.a(lib_a-errno.o)
                0x1000a6dc                __errno
 .text.malloc   0x1000a6e8       0x14 c:/progra~2/gnuarm~1/102021~1.10/bin/../lib/gcc/arm-none-eabi/10.3.1/../../../../arm-none-eabi/lib/thumb/v6-m/nofp\libc.a(lib_a-malloc.o)
                0x1000a6e8                malloc
 .text.free     0x1000a6fc       0x14 c:/progra~2/gnuarm~1/102021~1.10/bin/../lib/gcc/arm-none-eabi/10.3.1/../../../../arm-none-eabi/lib/thumb/v6-m/nofp\libc.a(lib_a-malloc.o)
                0x1000a6fc                free
 .text._malloc_r
                0x1000a710      0x584 c:/progra~2/gnuarm~1/102021~1.10/bin/../lib/gcc/arm-none-eabi/10.3.1/../../../../arm-none-eabi/lib/thumb/v6-m/nofp\libc.a(lib_a-mallocr.o)
                0x1000a710                _malloc_r
 .text.__malloc_lock
                0x1000ac94       0x10 c:/progra~2/gnuarm~1/102021~1.10/bin/../lib/gcc/arm-none-eabi/10.3.1/../../../../arm-none-eabi/lib/thumb/v6-m/nofp\libc.a(lib_a-mlock.o)
                0x1000ac94                __malloc_lock
 .text.__malloc_unlock
                0x1000aca4       0x10 c:/progra~2/gnuarm~1/102021~1.10/bin/../lib/gcc/arm-none-eabi/10.3.1/../../../../arm-none-eabi/lib/thumb/v6-m/nofp\libc.a(lib_a-mlock.o)
                0x1000aca4                __malloc_unlock
 .text.realloc  0x1000acb4       0x18 c:/progra~2/gnuarm~1/102021~1.10/bin/../lib/gcc/arm-none-eabi/10.3.1/../../../../arm-none-eabi/lib/thumb/v6-m/nofp\libc.a(lib_a-realloc.o)
                0x1000acb4                realloc
 .text._realloc_r
                0x1000accc      0x354 c:/progra~2/gnuarm~1/102021~1.10/bin/../lib/gcc/arm-none-eabi/10.3.1/../../../../arm-none-eabi/lib/thumb/v6-m/nofp\libc.a(lib_a-reallocr.o)
                0x1000accc                _realloc_r
 .text._sbrk_r  0x1000b020       0x24 c:/progra~2/gnuarm~1/102021~1.10/bin/../lib/gcc/arm-none-eabi/10.3.1/../../../../arm-none-eabi/lib/thumb/v6-m/nofp\libc.a(lib_a-sbrkr.o)
                0x1000b020                _sbrk_r
 .text.scanf    0x1000b044       0x24 c:/progra~2/gnuarm~1/102021~1.10/bin/../lib/gcc/arm-none-eabi/10.3.1/../../../../arm-none-eabi/lib/thumb/v6-m/nofp\libc.a(lib_a-scanf.o)
                0x1000b044                scanf
 .text.strlen   0x1000b068       0x5c c:/progra~2/gnuarm~1/102021~1.10/bin/../lib/gcc/arm-none-eabi/10.3.1/../../../../arm-none-eabi/lib/thumb/v6-m/nofp\libc.a(lib_a-strlen-stub.o)
                0x1000b068                strlen
 .text.toupper  0x1000b0c4       0x14 c:/progra~2/gnuarm~1/102021~1.10/bin/../lib/gcc/arm-none-eabi/10.3.1/../../../../arm-none-eabi/lib/thumb/v6-m/nofp\libc.a(lib_a-toupper.o)
                0x1000b0c4                toupper
 .text.__svfscanf_r
                0x1000b0d8     0x17d8 c:/progra~2/gnuarm~1/102021~1.10/bin/../lib/gcc/arm-none-eabi/10.3.1/../../../../arm-none-eabi/lib/thumb/v6-m/nofp\libc.a(lib_a-vfscanf.o)
                0x1000b0d8                __svfscanf_r
 .text._vfscanf_r
                0x1000c8b0       0x28 c:/progra~2/gnuarm~1/102021~1.10/bin/../lib/gcc/arm-none-eabi/10.3.1/../../../../arm-none-eabi/lib/thumb/v6-m/nofp\libc.a(lib_a-vfscanf.o)
                0x1000c8b0                _vfscanf_r
 .text._cleanup_r
                0x1000c8d8       0x10 c:/progra~2/gnuarm~1/102021~1.10/bin/../lib/gcc/arm-none-eabi/10.3.1/../../../../arm-none-eabi/lib/thumb/v6-m/nofp\libc.a(lib_a-findfp.o)
                0x1000c8d8                _cleanup_r
 .text.__sinit  0x1000c8e8      0x120 c:/progra~2/gnuarm~1/102021~1.10/bin/../lib/gcc/arm-none-eabi/10.3.1/../../../../arm-none-eabi/lib/thumb/v6-m/nofp\libc.a(lib_a-findfp.o)
                0x1000c8e8                __sinit
 .text.__sfp_lock_acquire
                0x1000ca08       0x10 c:/progra~2/gnuarm~1/102021~1.10/bin/../lib/gcc/arm-none-eabi/10.3.1/../../../../arm-none-eabi/lib/thumb/v6-m/nofp\libc.a(lib_a-findfp.o)
                0x1000ca08                __sfp_lock_acquire
 .text.__sfp_lock_release
                0x1000ca18       0x10 c:/progra~2/gnuarm~1/102021~1.10/bin/../lib/gcc/arm-none-eabi/10.3.1/../../../../arm-none-eabi/lib/thumb/v6-m/nofp\libc.a(lib_a-findfp.o)
                0x1000ca18                __sfp_lock_release
 .text._fread_r
                0x1000ca28      0x1bc c:/progra~2/gnuarm~1/102021~1.10/bin/../lib/gcc/arm-none-eabi/10.3.1/../../../../arm-none-eabi/lib/thumb/v6-m/nofp\libc.a(lib_a-fread.o)
                0x1000ca28                _fread_r
 .text._malloc_trim_r
                0x1000cbe4       0x9c c:/progra~2/gnuarm~1/102021~1.10/bin/../lib/gcc/arm-none-eabi/10.3.1/../../../../arm-none-eabi/lib/thumb/v6-m/nofp\libc.a(lib_a-freer.o)
                0x1000cbe4                _malloc_trim_r
 .text._free_r  0x1000cc80      0x1c4 c:/progra~2/gnuarm~1/102021~1.10/bin/../lib/gcc/arm-none-eabi/10.3.1/../../../../arm-none-eabi/lib/thumb/v6-m/nofp\libc.a(lib_a-freer.o)
                0x1000cc80                _free_r
 .text._fwalk   0x1000ce44       0x40 c:/progra~2/gnuarm~1/102021~1.10/bin/../lib/gcc/arm-none-eabi/10.3.1/../../../../arm-none-eabi/lib/thumb/v6-m/nofp\libc.a(lib_a-fwalk.o)
                0x1000ce44                _fwalk
 .text._fwalk_reent
                0x1000ce84       0x48 c:/progra~2/gnuarm~1/102021~1.10/bin/../lib/gcc/arm-none-eabi/10.3.1/../../../../arm-none-eabi/lib/thumb/v6-m/nofp\libc.a(lib_a-fwalk.o)
                0x1000ce84                _fwalk_reent
 .text.iswspace
                0x1000cecc        0xc c:/progra~2/gnuarm~1/102021~1.10/bin/../lib/gcc/arm-none-eabi/10.3.1/../../../../arm-none-eabi/lib/thumb/v6-m/nofp\libc.a(lib_a-iswspace.o)
                0x1000cecc                iswspace
 .text.iswspace_l
                0x1000ced8       0x18 c:/progra~2/gnuarm~1/102021~1.10/bin/../lib/gcc/arm-none-eabi/10.3.1/../../../../arm-none-eabi/lib/thumb/v6-m/nofp\libc.a(lib_a-iswspace_l.o)
                0x1000ced8                iswspace_l
 .text.__locale_mb_cur_max
                0x1000cef0       0x10 c:/progra~2/gnuarm~1/102021~1.10/bin/../lib/gcc/arm-none-eabi/10.3.1/../../../../arm-none-eabi/lib/thumb/v6-m/nofp\libc.a(lib_a-locale.o)
                0x1000cef0                __locale_mb_cur_max
 .text._localeconv_r
                0x1000cf00        0x8 c:/progra~2/gnuarm~1/102021~1.10/bin/../lib/gcc/arm-none-eabi/10.3.1/../../../../arm-none-eabi/lib/thumb/v6-m/nofp\libc.a(lib_a-localeconv.o)
                0x1000cf00                _localeconv_r
 .text.__retarget_lock_init_recursive
                0x1000cf08        0x4 c:/progra~2/gnuarm~1/102021~1.10/bin/../lib/gcc/arm-none-eabi/10.3.1/../../../../arm-none-eabi/lib/thumb/v6-m/nofp\libc.a(lib_a-lock.o)
                0x1000cf08                __retarget_lock_init_recursive
 .text.__retarget_lock_close_recursive
                0x1000cf0c        0x4 c:/progra~2/gnuarm~1/102021~1.10/bin/../lib/gcc/arm-none-eabi/10.3.1/../../../../arm-none-eabi/lib/thumb/v6-m/nofp\libc.a(lib_a-lock.o)
                0x1000cf0c                __retarget_lock_close_recursive
 .text.__retarget_lock_acquire_recursive
                0x1000cf10        0x4 c:/progra~2/gnuarm~1/102021~1.10/bin/../lib/gcc/arm-none-eabi/10.3.1/../../../../arm-none-eabi/lib/thumb/v6-m/nofp\libc.a(lib_a-lock.o)
                0x1000cf10                __retarget_lock_acquire_recursive
 .text.__retarget_lock_release_recursive
                0x1000cf14        0x4 c:/progra~2/gnuarm~1/102021~1.10/bin/../lib/gcc/arm-none-eabi/10.3.1/../../../../arm-none-eabi/lib/thumb/v6-m/nofp\libc.a(lib_a-lock.o)
                0x1000cf14                __retarget_lock_release_recursive
 .text._mbrtowc_r
                0x1000cf18       0x4c c:/progra~2/gnuarm~1/102021~1.10/bin/../lib/gcc/arm-none-eabi/10.3.1/../../../../arm-none-eabi/lib/thumb/v6-m/nofp\libc.a(lib_a-mbrtowc.o)
                0x1000cf18                _mbrtowc_r
 .text.__ascii_mbtowc
                0x1000cf64       0x2c c:/progra~2/gnuarm~1/102021~1.10/bin/../lib/gcc/arm-none-eabi/10.3.1/../../../../arm-none-eabi/lib/thumb/v6-m/nofp\libc.a(lib_a-mbtowc_r.o)
                0x1000cf64                __ascii_mbtowc
 .text.lflush   0x1000cf90       0x1c c:/progra~2/gnuarm~1/102021~1.10/bin/../lib/gcc/arm-none-eabi/10.3.1/../../../../arm-none-eabi/lib/thumb/v6-m/nofp\libc.a(lib_a-refill.o)
 .text.__srefill_r
                0x1000cfac      0x124 c:/progra~2/gnuarm~1/102021~1.10/bin/../lib/gcc/arm-none-eabi/10.3.1/../../../../arm-none-eabi/lib/thumb/v6-m/nofp\libc.a(lib_a-refill.o)
                0x1000cfac                __srefill_r
 .text.__sccl   0x1000d0d0       0x80 c:/progra~2/gnuarm~1/102021~1.10/bin/../lib/gcc/arm-none-eabi/10.3.1/../../../../arm-none-eabi/lib/thumb/v6-m/nofp\libc.a(lib_a-sccl.o)
                0x1000d0d0                __sccl
 .text.nanf     0x1000d150        0x8 c:/progra~2/gnuarm~1/102021~1.10/bin/../lib/gcc/arm-none-eabi/10.3.1/../../../../arm-none-eabi/lib/thumb/v6-m/nofp\libc.a(lib_a-sf_nan.o)
                0x1000d150                nanf
 .text.__sread  0x1000d158       0x28 c:/progra~2/gnuarm~1/102021~1.10/bin/../lib/gcc/arm-none-eabi/10.3.1/../../../../arm-none-eabi/lib/thumb/v6-m/nofp\libc.a(lib_a-stdio.o)
                0x1000d158                __sread
 .text.__swrite
                0x1000d180       0x40 c:/progra~2/gnuarm~1/102021~1.10/bin/../lib/gcc/arm-none-eabi/10.3.1/../../../../arm-none-eabi/lib/thumb/v6-m/nofp\libc.a(lib_a-stdio.o)
                0x1000d180                __swrite
 .text.__sseek  0x1000d1c0       0x2c c:/progra~2/gnuarm~1/102021~1.10/bin/../lib/gcc/arm-none-eabi/10.3.1/../../../../arm-none-eabi/lib/thumb/v6-m/nofp\libc.a(lib_a-stdio.o)
                0x1000d1c0                __sseek
 .text.__sclose
                0x1000d1ec        0xc c:/progra~2/gnuarm~1/102021~1.10/bin/../lib/gcc/arm-none-eabi/10.3.1/../../../../arm-none-eabi/lib/thumb/v6-m/nofp\libc.a(lib_a-stdio.o)
                0x1000d1ec                __sclose
 .text._strtod_l
                0x1000d1f8      0xf78 c:/progra~2/gnuarm~1/102021~1.10/bin/../lib/gcc/arm-none-eabi/10.3.1/../../../../arm-none-eabi/lib/thumb/v6-m/nofp\libc.a(lib_a-strtod.o)
                0x1000d1f8                _strtod_l
 .text._strtod_r
                0x1000e170       0x10 c:/progra~2/gnuarm~1/102021~1.10/bin/../lib/gcc/arm-none-eabi/10.3.1/../../../../arm-none-eabi/lib/thumb/v6-m/nofp\libc.a(lib_a-strtod.o)
                0x1000e170                _strtod_r
 .text._strtol_l.part.0
                0x1000e180      0x144 c:/progra~2/gnuarm~1/102021~1.10/bin/../lib/gcc/arm-none-eabi/10.3.1/../../../../arm-none-eabi/lib/thumb/v6-m/nofp\libc.a(lib_a-strtol.o)
 .text._strtol_r
                0x1000e2c4       0x1c c:/progra~2/gnuarm~1/102021~1.10/bin/../lib/gcc/arm-none-eabi/10.3.1/../../../../arm-none-eabi/lib/thumb/v6-m/nofp\libc.a(lib_a-strtol.o)
                0x1000e2c4                _strtol_r
 .text._strtoll_l.constprop.0
                0x1000e2e0      0x198 c:/progra~2/gnuarm~1/102021~1.10/bin/../lib/gcc/arm-none-eabi/10.3.1/../../../../arm-none-eabi/lib/thumb/v6-m/nofp\libc.a(lib_a-strtoll.o)
 .text._strtoll_r
                0x1000e478        0x8 c:/progra~2/gnuarm~1/102021~1.10/bin/../lib/gcc/arm-none-eabi/10.3.1/../../../../arm-none-eabi/lib/thumb/v6-m/nofp\libc.a(lib_a-strtoll.o)
                0x1000e478                _strtoll_r
 .text._strtoul_l.constprop.0
                0x1000e480      0x148 c:/progra~2/gnuarm~1/102021~1.10/bin/../lib/gcc/arm-none-eabi/10.3.1/../../../../arm-none-eabi/lib/thumb/v6-m/nofp\libc.a(lib_a-strtoul.o)
 .text._strtoul_r
                0x1000e5c8        0x8 c:/progra~2/gnuarm~1/102021~1.10/bin/../lib/gcc/arm-none-eabi/10.3.1/../../../../arm-none-eabi/lib/thumb/v6-m/nofp\libc.a(lib_a-strtoul.o)
                0x1000e5c8                _strtoul_r
 .text._strtoull_l.constprop.0
                0x1000e5d0      0x1bc c:/progra~2/gnuarm~1/102021~1.10/bin/../lib/gcc/arm-none-eabi/10.3.1/../../../../arm-none-eabi/lib/thumb/v6-m/nofp\libc.a(lib_a-strtoull.o)
 .text._strtoull_r
                0x1000e78c        0x8 c:/progra~2/gnuarm~1/102021~1.10/bin/../lib/gcc/arm-none-eabi/10.3.1/../../../../arm-none-eabi/lib/thumb/v6-m/nofp\libc.a(lib_a-strtoull.o)
                0x1000e78c                _strtoull_r
 .text.__submore
                0x1000e794       0x84 c:/progra~2/gnuarm~1/102021~1.10/bin/../lib/gcc/arm-none-eabi/10.3.1/../../../../arm-none-eabi/lib/thumb/v6-m/nofp\libc.a(lib_a-ungetc.o)
                0x1000e794                __submore
 .text._ungetc_r
                0x1000e818      0x138 c:/progra~2/gnuarm~1/102021~1.10/bin/../lib/gcc/arm-none-eabi/10.3.1/../../../../arm-none-eabi/lib/thumb/v6-m/nofp\libc.a(lib_a-ungetc.o)
                0x1000e818                _ungetc_r
 .text.__ascii_wctomb
                0x1000e950       0x1c c:/progra~2/gnuarm~1/102021~1.10/bin/../lib/gcc/arm-none-eabi/10.3.1/../../../../arm-none-eabi/lib/thumb/v6-m/nofp\libc.a(lib_a-wctomb_r.o)
                0x1000e950                __ascii_wctomb
 .text._write_r
                0x1000e96c       0x28 c:/progra~2/gnuarm~1/102021~1.10/bin/../lib/gcc/arm-none-eabi/10.3.1/../../../../arm-none-eabi/lib/thumb/v6-m/nofp\libc.a(lib_a-writer.o)
                0x1000e96c                _write_r
 .text._close_r
                0x1000e994       0x24 c:/progra~2/gnuarm~1/102021~1.10/bin/../lib/gcc/arm-none-eabi/10.3.1/../../../../arm-none-eabi/lib/thumb/v6-m/nofp\libc.a(lib_a-closer.o)
                0x1000e994                _close_r
 .text._fclose_r
                0x1000e9b8       0xdc c:/progra~2/gnuarm~1/102021~1.10/bin/../lib/gcc/arm-none-eabi/10.3.1/../../../../arm-none-eabi/lib/thumb/v6-m/nofp\libc.a(lib_a-fclose.o)
                0x1000e9b8                _fclose_r
 .text.__sflush_r
                0x1000ea94      0x140 c:/progra~2/gnuarm~1/102021~1.10/bin/../lib/gcc/arm-none-eabi/10.3.1/../../../../arm-none-eabi/lib/thumb/v6-m/nofp\libc.a(lib_a-fflush.o)
                0x1000ea94                __sflush_r
 .text._fflush_r
                0x1000ebd4       0x6c c:/progra~2/gnuarm~1/102021~1.10/bin/../lib/gcc/arm-none-eabi/10.3.1/../../../../arm-none-eabi/lib/thumb/v6-m/nofp\libc.a(lib_a-fflush.o)
                0x1000ebd4                _fflush_r
 .text.fflush   0x1000ec40       0x78 c:/progra~2/gnuarm~1/102021~1.10/bin/../lib/gcc/arm-none-eabi/10.3.1/../../../../arm-none-eabi/lib/thumb/v6-m/nofp\libc.a(lib_a-fflush.o)
                0x1000ec40                fflush
 .text.rshift   0x1000ecb8       0xa4 c:/progra~2/gnuarm~1/102021~1.10/bin/../lib/gcc/arm-none-eabi/10.3.1/../../../../arm-none-eabi/lib/thumb/v6-m/nofp\libc.a(lib_a-gdtoa-gethex.o)
 .text.__gethex
                0x1000ed5c      0x5cc c:/progra~2/gnuarm~1/102021~1.10/bin/../lib/gcc/arm-none-eabi/10.3.1/../../../../arm-none-eabi/lib/thumb/v6-m/nofp\libc.a(lib_a-gdtoa-gethex.o)
                0x1000ed5c                __gethex
 .text.__match  0x1000f328       0x2c c:/progra~2/gnuarm~1/102021~1.10/bin/../lib/gcc/arm-none-eabi/10.3.1/../../../../arm-none-eabi/lib/thumb/v6-m/nofp\libc.a(lib_a-gdtoa-hexnan.o)
                0x1000f328                __match
 .text.__hexnan
                0x1000f354      0x1d0 c:/progra~2/gnuarm~1/102021~1.10/bin/../lib/gcc/arm-none-eabi/10.3.1/../../../../arm-none-eabi/lib/thumb/v6-m/nofp\libc.a(lib_a-gdtoa-hexnan.o)
                0x1000f354                __hexnan
 .text._lseek_r
                0x1000f524       0x28 c:/progra~2/gnuarm~1/102021~1.10/bin/../lib/gcc/arm-none-eabi/10.3.1/../../../../arm-none-eabi/lib/thumb/v6-m/nofp\libc.a(lib_a-lseekr.o)
                0x1000f524                _lseek_r
 .text.__smakebuf_r
                0x1000f54c       0xe4 c:/progra~2/gnuarm~1/102021~1.10/bin/../lib/gcc/arm-none-eabi/10.3.1/../../../../arm-none-eabi/lib/thumb/v6-m/nofp\libc.a(lib_a-makebuf.o)
                0x1000f54c                __smakebuf_r
 .text._Balloc  0x1000f630       0x50 c:/progra~2/gnuarm~1/102021~1.10/bin/../lib/gcc/arm-none-eabi/10.3.1/../../../../arm-none-eabi/lib/thumb/v6-m/nofp\libc.a(lib_a-mprec.o)
                0x1000f630                _Balloc
 .text._Bfree   0x1000f680       0x14 c:/progra~2/gnuarm~1/102021~1.10/bin/../lib/gcc/arm-none-eabi/10.3.1/../../../../arm-none-eabi/lib/thumb/v6-m/nofp\libc.a(lib_a-mprec.o)
                0x1000f680                _Bfree
 .text.__multadd
                0x1000f694       0xa8 c:/progra~2/gnuarm~1/102021~1.10/bin/../lib/gcc/arm-none-eabi/10.3.1/../../../../arm-none-eabi/lib/thumb/v6-m/nofp\libc.a(lib_a-mprec.o)
                0x1000f694                __multadd
 .text.__s2b    0x1000f73c       0xb0 c:/progra~2/gnuarm~1/102021~1.10/bin/../lib/gcc/arm-none-eabi/10.3.1/../../../../arm-none-eabi/lib/thumb/v6-m/nofp\libc.a(lib_a-mprec.o)
                0x1000f73c                __s2b
 .text.__hi0bits
                0x1000f7ec       0x38 c:/progra~2/gnuarm~1/102021~1.10/bin/../lib/gcc/arm-none-eabi/10.3.1/../../../../arm-none-eabi/lib/thumb/v6-m/nofp\libc.a(lib_a-mprec.o)
                0x1000f7ec                __hi0bits
 .text.__lo0bits
                0x1000f824       0x5c c:/progra~2/gnuarm~1/102021~1.10/bin/../lib/gcc/arm-none-eabi/10.3.1/../../../../arm-none-eabi/lib/thumb/v6-m/nofp\libc.a(lib_a-mprec.o)
                0x1000f824                __lo0bits
 .text.__i2b    0x1000f880       0x60 c:/progra~2/gnuarm~1/102021~1.10/bin/../lib/gcc/arm-none-eabi/10.3.1/../../../../arm-none-eabi/lib/thumb/v6-m/nofp\libc.a(lib_a-mprec.o)
                0x1000f880                __i2b
 .text.__multiply
                0x1000f8e0      0x1a4 c:/progra~2/gnuarm~1/102021~1.10/bin/../lib/gcc/arm-none-eabi/10.3.1/../../../../arm-none-eabi/lib/thumb/v6-m/nofp\libc.a(lib_a-mprec.o)
                0x1000f8e0                __multiply
 .text.__pow5mult
                0x1000fa84       0xd8 c:/progra~2/gnuarm~1/102021~1.10/bin/../lib/gcc/arm-none-eabi/10.3.1/../../../../arm-none-eabi/lib/thumb/v6-m/nofp\libc.a(lib_a-mprec.o)
                0x1000fa84                __pow5mult
 .text.__lshift
                0x1000fb5c       0xfc c:/progra~2/gnuarm~1/102021~1.10/bin/../lib/gcc/arm-none-eabi/10.3.1/../../../../arm-none-eabi/lib/thumb/v6-m/nofp\libc.a(lib_a-mprec.o)
                0x1000fb5c                __lshift
 .text.__mcmp   0x1000fc58       0x34 c:/progra~2/gnuarm~1/102021~1.10/bin/../lib/gcc/arm-none-eabi/10.3.1/../../../../arm-none-eabi/lib/thumb/v6-m/nofp\libc.a(lib_a-mprec.o)
                0x1000fc58                __mcmp
 .text.__mdiff  0x1000fc8c      0x18c c:/progra~2/gnuarm~1/102021~1.10/bin/../lib/gcc/arm-none-eabi/10.3.1/../../../../arm-none-eabi/lib/thumb/v6-m/nofp\libc.a(lib_a-mprec.o)
                0x1000fc8c                __mdiff
 .text.__ulp    0x1000fe18       0x48 c:/progra~2/gnuarm~1/102021~1.10/bin/../lib/gcc/arm-none-eabi/10.3.1/../../../../arm-none-eabi/lib/thumb/v6-m/nofp\libc.a(lib_a-mprec.o)
                0x1000fe18                __ulp
 .text.__b2d    0x1000fe60       0xc8 c:/progra~2/gnuarm~1/102021~1.10/bin/../lib/gcc/arm-none-eabi/10.3.1/../../../../arm-none-eabi/lib/thumb/v6-m/nofp\libc.a(lib_a-mprec.o)
                0x1000fe60                __b2d
 .text.__d2b    0x1000ff28       0xd8 c:/progra~2/gnuarm~1/102021~1.10/bin/../lib/gcc/arm-none-eabi/10.3.1/../../../../arm-none-eabi/lib/thumb/v6-m/nofp\libc.a(lib_a-mprec.o)
                0x1000ff28                __d2b
 .text.__ratio  0x10010000       0x68 c:/progra~2/gnuarm~1/102021~1.10/bin/../lib/gcc/arm-none-eabi/10.3.1/../../../../arm-none-eabi/lib/thumb/v6-m/nofp\libc.a(lib_a-mprec.o)
                0x10010000                __ratio
 .text.__copybits
                0x10010068       0x40 c:/progra~2/gnuarm~1/102021~1.10/bin/../lib/gcc/arm-none-eabi/10.3.1/../../../../arm-none-eabi/lib/thumb/v6-m/nofp\libc.a(lib_a-mprec.o)
                0x10010068                __copybits
 .text.__any_on
                0x100100a8       0x50 c:/progra~2/gnuarm~1/102021~1.10/bin/../lib/gcc/arm-none-eabi/10.3.1/../../../../arm-none-eabi/lib/thumb/v6-m/nofp\libc.a(lib_a-mprec.o)
                0x100100a8                __any_on
 .text._read_r  0x100100f8       0x28 c:/progra~2/gnuarm~1/102021~1.10/bin/../lib/gcc/arm-none-eabi/10.3.1/../../../../arm-none-eabi/lib/thumb/v6-m/nofp\libc.a(lib_a-readr.o)
                0x100100f8                _read_r
 .text.nan      0x10010120        0xc c:/progra~2/gnuarm~1/102021~1.10/bin/../lib/gcc/arm-none-eabi/10.3.1/../../../../arm-none-eabi/lib/thumb/v6-m/nofp\libc.a(lib_a-s_nan.o)
                0x10010120                nan
 .text.strncmp  0x1001012c       0x74 c:/progra~2/gnuarm~1/102021~1.10/bin/../lib/gcc/arm-none-eabi/10.3.1/../../../../arm-none-eabi/lib/thumb/v6-m/nofp\libc.a(lib_a-strncmp.o)
                0x1001012c                strncmp
 .text._fstat_r
                0x100101a0       0x28 c:/progra~2/gnuarm~1/102021~1.10/bin/../lib/gcc/arm-none-eabi/10.3.1/../../../../arm-none-eabi/lib/thumb/v6-m/nofp\libc.a(lib_a-fstatr.o)
                0x100101a0                _fstat_r
 .text._isatty_r
                0x100101c8       0x24 c:/progra~2/gnuarm~1/102021~1.10/bin/../lib/gcc/arm-none-eabi/10.3.1/../../../../arm-none-eabi/lib/thumb/v6-m/nofp\libc.a(lib_a-isattyr.o)
                0x100101c8                _isatty_r
 .text._close   0x100101ec       0x10 c:/progra~2/gnuarm~1/102021~1.10/bin/../lib/gcc/arm-none-eabi/10.3.1/../../../../arm-none-eabi/lib/thumb/v6-m/nofp\libnosys.a(close.o)
                0x100101ec                _close
 .text._fstat   0x100101fc       0x10 c:/progra~2/gnuarm~1/102021~1.10/bin/../lib/gcc/arm-none-eabi/10.3.1/../../../../arm-none-eabi/lib/thumb/v6-m/nofp\libnosys.a(fstat.o)
                0x100101fc                _fstat
 .text._isatty  0x1001020c       0x10 c:/progra~2/gnuarm~1/102021~1.10/bin/../lib/gcc/arm-none-eabi/10.3.1/../../../../arm-none-eabi/lib/thumb/v6-m/nofp\libnosys.a(isatty.o)
                0x1001020c                _isatty
 .text._lseek   0x1001021c       0x10 c:/progra~2/gnuarm~1/102021~1.10/bin/../lib/gcc/arm-none-eabi/10.3.1/../../../../arm-none-eabi/lib/thumb/v6-m/nofp\libnosys.a(lseek.o)
                0x1001021c                _lseek
 *(.fini)
 .fini          0x1001022c        0x4 c:/progra~2/gnuarm~1/102021~1.10/bin/../lib/gcc/arm-none-eabi/10.3.1/thumb/v6-m/nofp/crti.o
                0x1001022c                _fini
 .fini.__stub   0x10010230       0x80 linker stubs
 *crtbegin.o(.ctors)
 *crtbegin?.o(.ctors)
 *(EXCLUDE_FILE(*crtend.o *crtend?.o) .ctors)
 *(SORT_BY_NAME(.ctors.*))
 *(.ctors)
 *crtbegin.o(.dtors)
 *crtbegin?.o(.dtors)
 *(EXCLUDE_FILE(*crtend.o *crtend?.o) .dtors)
 *(SORT_BY_NAME(.dtors.*))
 *(.dtors)
 *(.eh_frame*)
 .eh_frame      0x100102b0        0x0 c:/progra~2/gnuarm~1/102021~1.10/bin/../lib/gcc/arm-none-eabi/10.3.1/thumb/v6-m/nofp/crtbegin.o
                0x100102b0                . = ALIGN (0x4)

.glue_7         0x100102b0        0x0
 .glue_7        0x100102b0        0x0 linker stubs

.glue_7t        0x100102b0        0x0
 .glue_7t       0x100102b0        0x0 linker stubs

.vfp11_veneer   0x100102b0        0x0
 .vfp11_veneer  0x100102b0        0x0 linker stubs

.v4_bx          0x100102b0        0x0
 .v4_bx         0x100102b0        0x0 linker stubs

.iplt           0x100102b0        0x0
 .iplt          0x100102b0        0x0 c:/progra~2/gnuarm~1/102021~1.10/bin/../lib/gcc/arm-none-eabi/10.3.1/thumb/v6-m/nofp/crtbegin.o

.rodata         0x100102b0      0xfdc
 *(EXCLUDE_FILE(*libm.a: *libc.a:*lib_a-mem*.o *libgcc.a:) .rodata*)
 .rodata._Z10input_taskPv.str1.4
                0x100102b0       0x22 CMakeFiles/ykp74.dir/main.cpp.obj
 *fill*         0x100102d2        0x2 
 .rodata._Z9text_taskPv.str1.4
                0x100102d4        0xc CMakeFiles/ykp74.dir/main.cpp.obj
 .rodata.main.str1.4
                0x100102e0       0x4d CMakeFiles/ykp74.dir/main.cpp.obj
 *fill*         0x1001032d        0x3 
 .rodata._Z12SSD1306_initv.str1.4
                0x10010330       0x2e CMakeFiles/ykp74.dir/ssd1306.cpp.obj
 *fill*         0x1001035e        0x2 
 .rodata        0x10010360       0x27 CMakeFiles/ykp74.dir/ssd1306.cpp.obj
 *fill*         0x10010387        0x1 
 .rodata.spin_lock_claim_unused.str1.4
                0x10010388       0x1b CMakeFiles/ykp74.dir/C_/Users/ykp74_desk/Documents/_Pico/pico-sdk/src/rp2_common/hardware_sync/sync.c.obj
 *fill*         0x100103a3        0x1 
 .rodata.user_irq_claim_unused.str1.4
                0x100103a4       0x1b CMakeFiles/ykp74.dir/C_/Users/ykp74_desk/Documents/_Pico/pico-sdk/src/rp2_common/hardware_irq/irq.c.obj
 *fill*         0x100103bf        0x1 
 .rodata.at_the_end_of_time
                0x100103c0        0x8 CMakeFiles/ykp74.dir/C_/Users/ykp74_desk/Documents/_Pico/pico-sdk/src/common/pico_time/time.c.obj
                0x100103c0                at_the_end_of_time
 .rodata.hardware_alarm_claim.str1.4
                0x100103c8       0x22 CMakeFiles/ykp74.dir/C_/Users/ykp74_desk/Documents/_Pico/pico-sdk/src/rp2_common/hardware_timer/timer.c.obj
 *fill*         0x100103ea        0x2 
 .rodata.__assert_func.str1.4
                0x100103ec       0x3f CMakeFiles/ykp74.dir/C_/Users/ykp74_desk/Documents/_Pico/pico-sdk/src/rp2_common/pico_runtime/runtime.c.obj
                                 0x43 (size before relaxing)
 *fill*         0x1001042b        0x1 
 .rodata.panic.str1.4
                0x1001042c       0x10 CMakeFiles/ykp74.dir/C_/Users/ykp74_desk/Documents/_Pico/pico-sdk/src/rp2_common/pico_runtime/runtime.c.obj
                                 0x12 (size before relaxing)
 .rodata.hard_assertion_failure.str1.4
                0x1001043c        0xc CMakeFiles/ykp74.dir/C_/Users/ykp74_desk/Documents/_Pico/pico-sdk/src/rp2_common/pico_runtime/runtime.c.obj
 .rodata._ftoa.str1.4
                0x10010448       0x15 CMakeFiles/ykp74.dir/C_/Users/ykp74_desk/Documents/_Pico/pico-sdk/src/rp2_common/pico_printf/printf.c.obj
 *fill*         0x1001045d        0x3 
 .rodata._vsnprintf
                0x10010460      0x1e0 CMakeFiles/ykp74.dir/C_/Users/ykp74_desk/Documents/_Pico/pico-sdk/src/rp2_common/pico_printf/printf.c.obj
 .rodata.pow10.0
                0x10010640       0x50 CMakeFiles/ykp74.dir/C_/Users/ykp74_desk/Documents/_Pico/pico-sdk/src/rp2_common/pico_printf/printf.c.obj
 .rodata.__wrap_malloc.str1.4
                0x10010690        0xe CMakeFiles/ykp74.dir/C_/Users/ykp74_desk/Documents/_Pico/pico-sdk/src/rp2_common/pico_malloc/pico_malloc.c.obj
 *fill*         0x1001069e        0x2 
 .rodata.str1.4
                0x100106a0       0x3c CMakeFiles/ykp74.dir/C_/Users/ykp74_desk/Documents/_Pico/pico-sdk/src/rp2_common/pico_standard_link/binary_info.c.obj
 .rodata.__bi_44
                0x100106dc        0xc CMakeFiles/ykp74.dir/C_/Users/ykp74_desk/Documents/_Pico/pico-sdk/src/rp2_common/pico_standard_link/binary_info.c.obj
 .rodata.__bi_75
                0x100106e8        0xc CMakeFiles/ykp74.dir/C_/Users/ykp74_desk/Documents/_Pico/pico-sdk/src/rp2_common/pico_standard_link/binary_info.c.obj
 .rodata.__bi_81
                0x100106f4        0xc CMakeFiles/ykp74.dir/C_/Users/ykp74_desk/Documents/_Pico/pico-sdk/src/rp2_common/pico_standard_link/binary_info.c.obj
 .rodata.crlf_str.0
                0x10010700        0x2 CMakeFiles/ykp74.dir/C_/Users/ykp74_desk/Documents/_Pico/pico-sdk/src/rp2_common/pico_stdio/stdio.c.obj
 *fill*         0x10010702        0x2 
 .rodata._resetd_driver
                0x10010704       0x18 CMakeFiles/ykp74.dir/C_/Users/ykp74_desk/Documents/_Pico/pico-sdk/src/rp2_common/pico_stdio_usb/reset_interface.c.obj
 .rodata.str1.4
                0x1001071c       0x13 CMakeFiles/ykp74.dir/C_/Users/ykp74_desk/Documents/_Pico/pico-sdk/src/rp2_common/pico_stdio_usb/stdio_usb.c.obj
 *fill*         0x1001072f        0x1 
 .rodata.__bi_118.0
                0x10010730        0xc CMakeFiles/ykp74.dir/C_/Users/ykp74_desk/Documents/_Pico/pico-sdk/src/rp2_common/pico_stdio_usb/stdio_usb.c.obj
 .rodata.str1.4
                0x1001073c       0x2a CMakeFiles/ykp74.dir/C_/Users/ykp74_desk/Documents/_Pico/pico-sdk/src/rp2_common/pico_stdio_usb/stdio_usb_descriptors.c.obj
 *fill*         0x10010766        0x2 
 .rodata.usbd_desc_cfg
                0x10010768       0x54 CMakeFiles/ykp74.dir/C_/Users/ykp74_desk/Documents/_Pico/pico-sdk/src/rp2_common/pico_stdio_usb/stdio_usb_descriptors.c.obj
 .rodata.usbd_desc_device
                0x100107bc       0x12 CMakeFiles/ykp74.dir/C_/Users/ykp74_desk/Documents/_Pico/pico-sdk/src/rp2_common/pico_stdio_usb/stdio_usb_descriptors.c.obj
 *fill*         0x100107ce        0x2 
 .rodata.usbd_desc_str
                0x100107d0       0x18 CMakeFiles/ykp74.dir/C_/Users/ykp74_desk/Documents/_Pico/pico-sdk/src/rp2_common/pico_stdio_usb/stdio_usb_descriptors.c.obj
 .rodata.dcd_rp2040_irq.str1.4
                0x100107e8       0x14 CMakeFiles/ykp74.dir/C_/Users/ykp74_desk/Documents/_Pico/pico-sdk/lib/tinyusb/src/portable/raspberrypi/rp2040/dcd_rp2040.c.obj
 .rodata._hw_endpoint_buffer_control_update32.part.0.isra.0.str1.4
                0x100107fc       0x1f CMakeFiles/ykp74.dir/C_/Users/ykp74_desk/Documents/_Pico/pico-sdk/lib/tinyusb/src/portable/raspberrypi/rp2040/rp2040_usb.c.obj
 *fill*         0x1001081b        0x1 
 .rodata.hw_endpoint_xfer_continue.str1.4
                0x1001081c       0x29 CMakeFiles/ykp74.dir/C_/Users/ykp74_desk/Documents/_Pico/pico-sdk/lib/tinyusb/src/portable/raspberrypi/rp2040/rp2040_usb.c.obj
 *fill*         0x10010845        0x3 
 .rodata.str1.4
                0x10010848        0x7 CMakeFiles/ykp74.dir/C_/Users/ykp74_desk/Documents/_Pico/pico-sdk/lib/tinyusb/src/portable/raspberrypi/rp2040/rp2040_usb.c.obj
 *fill*         0x1001084f        0x1 
 .rodata.tud_task
                0x10010850       0x8c CMakeFiles/ykp74.dir/C_/Users/ykp74_desk/Documents/_Pico/pico-sdk/lib/tinyusb/src/device/usbd.c.obj
 .rodata._usbd_driver
                0x100108dc       0x18 CMakeFiles/ykp74.dir/C_/Users/ykp74_desk/Documents/_Pico/pico-sdk/lib/tinyusb/src/device/usbd.c.obj
 .rodata        0x100108f4       0x28 freertos\libfreertos.a(timers.c.obj)
 .rodata.str1.4
                0x1001091c       0x10 freertos\libfreertos.a(timers.c.obj)
 .rodata._global_impure_ptr
                0x1001092c        0x4 c:/progra~2/gnuarm~1/102021~1.10/bin/../lib/gcc/arm-none-eabi/10.3.1/../../../../arm-none-eabi/lib/thumb/v6-m/nofp\libc.a(lib_a-impure.o)
                0x1001092c                _global_impure_ptr
 .rodata.__svfscanf_r.str1.4
                0x10010930        0x5 c:/progra~2/gnuarm~1/102021~1.10/bin/../lib/gcc/arm-none-eabi/10.3.1/../../../../arm-none-eabi/lib/thumb/v6-m/nofp\libc.a(lib_a-vfscanf.o)
                                  0x9 (size before relaxing)
 *fill*         0x10010935        0x3 
 .rodata.__svfscanf_r
                0x10010938      0x3cc c:/progra~2/gnuarm~1/102021~1.10/bin/../lib/gcc/arm-none-eabi/10.3.1/../../../../arm-none-eabi/lib/thumb/v6-m/nofp\libc.a(lib_a-vfscanf.o)
 .rodata.basefix.0
                0x10010d04       0x22 c:/progra~2/gnuarm~1/102021~1.10/bin/../lib/gcc/arm-none-eabi/10.3.1/../../../../arm-none-eabi/lib/thumb/v6-m/nofp\libc.a(lib_a-vfscanf.o)
 *fill*         0x10010d26        0x2 
 .rodata._ctype_
                0x10010d28      0x101 c:/progra~2/gnuarm~1/102021~1.10/bin/../lib/gcc/arm-none-eabi/10.3.1/../../../../arm-none-eabi/lib/thumb/v6-m/nofp\libc.a(lib_a-ctype_.o)
                0x10010d28                _ctype_
 *fill*         0x10010e29        0x3 
 .rodata._setlocale_r.str1.4
                0x10010e2c        0x6 c:/progra~2/gnuarm~1/102021~1.10/bin/../lib/gcc/arm-none-eabi/10.3.1/../../../../arm-none-eabi/lib/thumb/v6-m/nofp\libc.a(lib_a-locale.o)
                                  0xd (size before relaxing)
 *fill*         0x10010e32        0x2 
 .rodata.str1.4
                0x10010e34        0x2 c:/progra~2/gnuarm~1/102021~1.10/bin/../lib/gcc/arm-none-eabi/10.3.1/../../../../arm-none-eabi/lib/thumb/v6-m/nofp\libc.a(lib_a-locale.o)
 .rodata._mbrtowc_r.str1.4
                0x10010e36        0x1 c:/progra~2/gnuarm~1/102021~1.10/bin/../lib/gcc/arm-none-eabi/10.3.1/../../../../arm-none-eabi/lib/thumb/v6-m/nofp\libc.a(lib_a-mbrtowc.o)
 *fill*         0x10010e36        0x2 
 .rodata._strtod_l.str1.4
                0x10010e38        0xf c:/progra~2/gnuarm~1/102021~1.10/bin/../lib/gcc/arm-none-eabi/10.3.1/../../../../arm-none-eabi/lib/thumb/v6-m/nofp\libc.a(lib_a-strtod.o)
                                 0x11 (size before relaxing)
 *fill*         0x10010e47        0x1 
 .rodata._strtod_l
                0x10010e48       0xd0 c:/progra~2/gnuarm~1/102021~1.10/bin/../lib/gcc/arm-none-eabi/10.3.1/../../../../arm-none-eabi/lib/thumb/v6-m/nofp\libc.a(lib_a-strtod.o)